Archive member included to satisfy reference by file (symbol)

D:\Năm 3\STM32\app\SDK_1.0.3_NUCLEO-F401RE\lib_stm\libLibraries.a(system_stm32f4xx.o)
                              ./Src/main.o (SystemCoreClockUpdate)
D:\Năm 3\STM32\app\SDK_1.0.3_NUCLEO-F401RE\lib_stm\libLibraries.a(timer.o)
                              ./Src/main.o (TimerInit)
D:\Năm 3\STM32\app\SDK_1.0.3_NUCLEO-F401RE\lib_stm\libLibraries.a(Ucglib.o)
                              ./Src/main.o (Ucglib4WireSWSPI_begin)
D:\Năm 3\STM32\app\SDK_1.0.3_NUCLEO-F401RE\lib_stm\libLibraries.a(ucg_box.o)
                              ./Src/main.o (ucg_ClearScreen)
D:\Năm 3\STM32\app\SDK_1.0.3_NUCLEO-F401RE\lib_stm\libLibraries.a(ucg_ccs.o)
                              D:\Năm 3\STM32\app\SDK_1.0.3_NUCLEO-F401RE\lib_stm\libLibraries.a(ucg_box.o) (ucg_ccs_init)
D:\Năm 3\STM32\app\SDK_1.0.3_NUCLEO-F401RE\lib_stm\libLibraries.a(ucg_circle.o)
                              D:\Năm 3\STM32\app\SDK_1.0.3_NUCLEO-F401RE\lib_stm\libLibraries.a(ucg_box.o) (ucg_DrawCircle)
D:\Năm 3\STM32\app\SDK_1.0.3_NUCLEO-F401RE\lib_stm\libLibraries.a(ucg_dev_default_cb.o)
                              D:\Năm 3\STM32\app\SDK_1.0.3_NUCLEO-F401RE\lib_stm\libLibraries.a(Ucglib.o) (ucg_dev_default_cb)
D:\Năm 3\STM32\app\SDK_1.0.3_NUCLEO-F401RE\lib_stm\libLibraries.a(ucg_dev_ic_st7735.o)
                              D:\Năm 3\STM32\app\SDK_1.0.3_NUCLEO-F401RE\lib_stm\libLibraries.a(Ucglib.o) (ucg_ext_st7735_18)
D:\Năm 3\STM32\app\SDK_1.0.3_NUCLEO-F401RE\lib_stm\libLibraries.a(ucg_dev_msg_api.o)
                              D:\Năm 3\STM32\app\SDK_1.0.3_NUCLEO-F401RE\lib_stm\libLibraries.a(ucg_box.o) (ucg_SetMaxClipRange)
D:\Năm 3\STM32\app\SDK_1.0.3_NUCLEO-F401RE\lib_stm\libLibraries.a(ucg_dev_tft_128x128_st7735.o)
                              D:\Năm 3\STM32\app\SDK_1.0.3_NUCLEO-F401RE\lib_stm\libLibraries.a(Ucglib.o) (ucg_dev_st7735_18x128x128)
D:\Năm 3\STM32\app\SDK_1.0.3_NUCLEO-F401RE\lib_stm\libLibraries.a(ucg_font.o)
                              D:\Năm 3\STM32\app\SDK_1.0.3_NUCLEO-F401RE\lib_stm\libLibraries.a(Ucglib.o) (ucg_SetFontMode)
D:\Năm 3\STM32\app\SDK_1.0.3_NUCLEO-F401RE\lib_stm\libLibraries.a(ucg_init.o)
                              D:\Năm 3\STM32\app\SDK_1.0.3_NUCLEO-F401RE\lib_stm\libLibraries.a(Ucglib.o) (ucg_Init)
D:\Năm 3\STM32\app\SDK_1.0.3_NUCLEO-F401RE\lib_stm\libLibraries.a(ucg_line.o)
                              D:\Năm 3\STM32\app\SDK_1.0.3_NUCLEO-F401RE\lib_stm\libLibraries.a(ucg_font.o) (ucg_Draw90Line)
D:\Năm 3\STM32\app\SDK_1.0.3_NUCLEO-F401RE\lib_stm\libLibraries.a(ucg_pixel.o)
                              ./Src/main.o (ucg_SetColor)
D:\Năm 3\STM32\app\SDK_1.0.3_NUCLEO-F401RE\lib_stm\libLibraries.a(ucg_pixel_font_data.o)
                              ./Src/main.o (ucg_font_helvR08_tf)
D:\Năm 3\STM32\app\SDK_1.0.3_NUCLEO-F401RE\lib_stm\libLibraries.a(ucg_rotate.o)
                              ./Src/main.o (ucg_SetRotate180)
D:\Năm 3\STM32\app\SDK_1.0.3_NUCLEO-F401RE\lib_stm\libLibraries.a(buff.o)
                              D:\Năm 3\STM32\app\SDK_1.0.3_NUCLEO-F401RE\lib_stm\libLibraries.a(ucg_font.o) (bufInit)
D:\Năm 3\STM32\app\SDK_1.0.3_NUCLEO-F401RE\lib_stm\libLibraries.a(utilities.o)
                              D:\Năm 3\STM32\app\SDK_1.0.3_NUCLEO-F401RE\lib_stm\libLibraries.a(timer.o) (memsetl)
D:\Năm 3\STM32\app\SDK_1.0.3_NUCLEO-F401RE\lib_stm\libLibraries.a(stm32f401re_gpio.o)
                              D:\Năm 3\STM32\app\SDK_1.0.3_NUCLEO-F401RE\lib_stm\libLibraries.a(Ucglib.o) (GPIO_Init)
D:\Năm 3\STM32\app\SDK_1.0.3_NUCLEO-F401RE\lib_stm\libLibraries.a(stm32f401re_rcc.o)
                              D:\Năm 3\STM32\app\SDK_1.0.3_NUCLEO-F401RE\lib_stm\libLibraries.a(timer.o) (RCC_GetClocksFreq)
D:\Năm 3\STM32\app\SDK_1.0.3_NUCLEO-F401RE\lib_stm\libLibraries.a(ucg_clip.o)
                              D:\Năm 3\STM32\app\SDK_1.0.3_NUCLEO-F401RE\lib_stm\libLibraries.a(ucg_dev_ic_st7735.o) (ucg_clip_is_pixel_visible)
D:\Năm 3\STM32\app\SDK_1.0.3_NUCLEO-F401RE\lib_stm\libLibraries.a(ucg_com_msg_api.o)
                              D:\Năm 3\STM32\app\SDK_1.0.3_NUCLEO-F401RE\lib_stm\libLibraries.a(ucg_dev_ic_st7735.o) (ucg_com_PowerUp)
C:/ST/STM32CubeIDE_1.14.0/STM32CubeIDE/plugins/com.st.stm32cube.ide.mcu.externaltools.gnu-tools-for-stm32.11.3.rel1.win32_1.1.100.202309141235/tools/bin/../lib/gcc/arm-none-eabi/11.3.1/../../../../arm-none-eabi/lib/thumb/v7e-m+fp/hard\libc_nano.a(libc_a-exit.o)
                              C:/ST/STM32CubeIDE_1.14.0/STM32CubeIDE/plugins/com.st.stm32cube.ide.mcu.externaltools.gnu-tools-for-stm32.11.3.rel1.win32_1.1.100.202309141235/tools/bin/../lib/gcc/arm-none-eabi/11.3.1/../../../../arm-none-eabi/lib/thumb/v7e-m+fp/hard/crt0.o (exit)
C:/ST/STM32CubeIDE_1.14.0/STM32CubeIDE/plugins/com.st.stm32cube.ide.mcu.externaltools.gnu-tools-for-stm32.11.3.rel1.win32_1.1.100.202309141235/tools/bin/../lib/gcc/arm-none-eabi/11.3.1/../../../../arm-none-eabi/lib/thumb/v7e-m+fp/hard\libc_nano.a(libc_a-findfp.o)
[...]
Memory Configuration

Name             Origin             Length             Attributes
RAM              0x0000000020000000 0x0000000000018000 xrw
FLASH            0x0000000008000000 0x0000000000080000 xr
*default*        0x0000000000000000 0xffffffffffffffff

Linker script and memory map

LOAD C:/ST/STM32CubeIDE_1.14.0/STM32CubeIDE/plugins/com.st.stm32cube.ide.mcu.externaltools.gnu-tools-for-stm32.11.3.rel1.win32_1.1.100.202309141235/tools/bin/../lib/gcc/arm-none-eabi/11.3.1/thumb/v7e-m+fp/hard/crti.o
LOAD C:/ST/STM32CubeIDE_1.14.0/STM32CubeIDE/plugins/com.st.stm32cube.ide.mcu.externaltools.gnu-tools-for-stm32.11.3.rel1.win32_1.1.100.202309141235/tools/bin/../lib/gcc/arm-none-eabi/11.3.1/thumb/v7e-m+fp/hard/crtbegin.o
LOAD C:/ST/STM32CubeIDE_1.14.0/STM32CubeIDE/plugins/com.st.stm32cube.ide.mcu.externaltools.gnu-tools-for-stm32.11.3.rel1.win32_1.1.100.202309141235/tools/bin/../lib/gcc/arm-none-eabi/11.3.1/../../../../arm-none-eabi/lib/thumb/v7e-m+fp/hard/crt0.o
LOAD ./Src/main.o
LOAD ./Src/syscalls.o
LOAD ./Src/sysmem.o
LOAD ./Startup/startup_stm32f401retx.o
LOAD D:\Năm 3\STM32\app\SDK_1.0.3_NUCLEO-F401RE\lib_stm\libLibraries.a
START GROUP
LOAD C:/ST/STM32CubeIDE_1.14.0/STM32CubeIDE/plugins/com.st.stm32cube.ide.mcu.externaltools.gnu-tools-for-stm32.11.3.rel1.win32_1.1.100.202309141235/tools/bin/../lib/gcc/arm-none-eabi/11.3.1/../../../../arm-none-eabi/lib/thumb/v7e-m+fp/hard\libc_nano.a
LOAD C:/ST/STM32CubeIDE_1.14.0/STM32CubeIDE/plugins/com.st.stm32cube.ide.mcu.externaltools.gnu-tools-for-stm32.11.3.rel1.win32_1.1.100.202309141235/tools/bin/../lib/gcc/arm-none-eabi/11.3.1/../../../../arm-none-eabi/lib/thumb/v7e-m+fp/hard\libm.a
END GROUP
START GROUP
LOAD C:/ST/STM32CubeIDE_1.14.0/STM32CubeIDE/plugins/com.st.stm32cube.ide.mcu.externaltools.gnu-tools-for-stm32.11.3.rel1.win32_1.1.100.202309141235/tools/bin/../lib/gcc/arm-none-eabi/11.3.1/thumb/v7e-m+fp/hard\libgcc.a
LOAD C:/ST/STM32CubeIDE_1.14.0/STM32CubeIDE/plugins/com.st.stm32cube.ide.mcu.externaltools.gnu-tools-for-stm32.11.3.rel1.win32_1.1.100.202309141235/tools/bin/../lib/gcc/arm-none-eabi/11.3.1/../../../../arm-none-eabi/lib/thumb/v7e-m+fp/hard\libc_nano.a
END GROUP
START GROUP
LOAD C:/ST/STM32CubeIDE_1.14.0/STM32CubeIDE/plugins/com.st.stm32cube.ide.mcu.externaltools.gnu-tools-for-stm32.11.3.rel1.win32_1.1.100.202309141235/tools/bin/../lib/gcc/arm-none-eabi/11.3.1/thumb/v7e-m+fp/hard\libgcc.a
LOAD C:/ST/STM32CubeIDE_1.14.0/STM32CubeIDE/plugins/com.st.stm32cube.ide.mcu.externaltools.gnu-tools-for-stm32.11.3.rel1.win32_1.1.100.202309141235/tools/bin/../lib/gcc/arm-none-eabi/11.3.1/../../../../arm-none-eabi/lib/thumb/v7e-m+fp/hard\libc_nano.a
LOAD C:/ST/STM32CubeIDE_1.14.0/STM32CubeIDE/plugins/com.st.stm32cube.ide.mcu.externaltools.gnu-tools-for-stm32.11.3.rel1.win32_1.1.100.202309141235/tools/bin/../lib/gcc/arm-none-eabi/11.3.1/../../../../arm-none-eabi/lib/thumb/v7e-m+fp/hard\libnosys.a
END GROUP
START GROUP
LOAD C:/ST/STM32CubeIDE_1.14.0/STM32CubeIDE/plugins/com.st.stm32cube.ide.mcu.externaltools.gnu-tools-for-stm32.11.3.rel1.win32_1.1.100.202309141235/tools/bin/../lib/gcc/arm-none-eabi/11.3.1/thumb/v7e-m+fp/hard\libgcc.a
LOAD C:/ST/STM32CubeIDE_1.14.0/STM32CubeIDE/plugins/com.st.stm32cube.ide.mcu.externaltools.gnu-tools-for-stm32.11.3.rel1.win32_1.1.100.202309141235/tools/bin/../lib/gcc/arm-none-eabi/11.3.1/../../../../arm-none-eabi/lib/thumb/v7e-m+fp/hard\libc_nano.a
LOAD C:/ST/STM32CubeIDE_1.14.0/STM32CubeIDE/plugins/com.st.stm32cube.ide.mcu.externaltools.gnu-tools-for-stm32.11.3.rel1.win32_1.1.100.202309141235/tools/bin/../lib/gcc/arm-none-eabi/11.3.1/../../../../arm-none-eabi/lib/thumb/v7e-m+fp/hard\libnosys.a
END GROUP
LOAD C:/ST/STM32CubeIDE_1.14.0/STM32CubeIDE/plugins/com.st.stm32cube.ide.mcu.externaltools.gnu-tools-for-stm32.11.3.rel1.win32_1.1.100.202309141235/tools/bin/../lib/gcc/arm-none-eabi/11.3.1/thumb/v7e-m+fp/hard/crtend.o
LOAD C:/ST/STM32CubeIDE_1.14.0/STM32CubeIDE/plugins/com.st.stm32cube.ide.mcu.externaltools.gnu-tools-for-stm32.11.3.rel1.win32_1.1.100.202309141235/tools/bin/../lib/gcc/arm-none-eabi/11.3.1/thumb/v7e-m+fp/hard/crtn.o
                0x0000000020018000                _estack = (ORIGIN (RAM) + LENGTH (RAM))
                0x0000000000000200                _Min_Heap_Size = 0x200
                0x0000000000000400                _Min_Stack_Size = 0x400

.isr_vector     0x0000000008000000      0x194
                0x0000000008000000                . = ALIGN (0x4)
 *(.isr_vector)
 .isr_vector    0x0000000008000000      0x194 ./Startup/startup_stm32f401retx.o
                0x0000000008000000                g_pfnVectors
                0x0000000008000194                . = ALIGN (0x4)

.text           0x0000000008000194     0x3038
                0x0000000008000194                . = ALIGN (0x4)
 *(.text)
 .text          0x0000000008000194       0x40 C:/ST/STM32CubeIDE_1.14.0/STM32CubeIDE/plugins/com.st.stm32cube.ide.mcu.externaltools.gnu-tools-for-stm32.11.3.rel1.win32_1.1.100.202309141235/tools/bin/../lib/gcc/arm-none-eabi/11.3.1/thumb/v7e-m+fp/hard/crtbegin.o
 *(.text*)
 .text.main     0x00000000080001d4       0x88 ./Src/main.o
                0x00000000080001d4                main
 .text.Reset_Handler
                0x000000000800025c       0x50 ./Startup/startup_stm32f401retx.o
                0x000000000800025c                Reset_Handler
 .text.Default_Handler
                0x00000000080002ac        0x2 ./Startup/startup_stm32f401retx.o
                0x00000000080002ac                EXTI2_IRQHandler
                0x00000000080002ac                DebugMon_Handler
                0x00000000080002ac                SPI4_IRQHandler
                0x00000000080002ac                TIM1_CC_IRQHandler
                0x00000000080002ac                DMA2_Stream5_IRQHandler
                0x00000000080002ac                HardFault_Handler
                0x00000000080002ac                DMA1_Stream5_IRQHandler
                0x00000000080002ac                SDIO_IRQHandler
                0x00000000080002ac                TAMP_STAMP_IRQHandler
                0x00000000080002ac                PendSV_Handler
                0x00000000080002ac                NMI_Handler
                0x00000000080002ac                EXTI3_IRQHandler
                0x00000000080002ac                TIM1_UP_TIM10_IRQHandler
                0x00000000080002ac                I2C3_ER_IRQHandler
                0x00000000080002ac                EXTI18_OTG_FS_WKUP_IRQHandler
                0x00000000080002ac                EXTI0_IRQHandler
                0x00000000080002ac                I2C2_EV_IRQHandler
                0x00000000080002ac                DMA1_Stream2_IRQHandler
                0x00000000080002ac                UsageFault_Handler
                0x00000000080002ac                DMA2_Stream2_IRQHandler
                0x00000000080002ac                SPI1_IRQHandler
                0x00000000080002ac                TIM1_BRK_TIM9_IRQHandler
                0x00000000080002ac                DMA2_Stream3_IRQHandler
                0x00000000080002ac                USART6_IRQHandler
                0x00000000080002ac                DMA2_Stream0_IRQHandler
                0x00000000080002ac                TIM4_IRQHandler
                0x00000000080002ac                I2C1_EV_IRQHandler
                0x00000000080002ac                DMA1_Stream6_IRQHandler
                0x00000000080002ac                DMA1_Stream1_IRQHandler
                0x00000000080002ac                TIM3_IRQHandler
                0x00000000080002ac                RCC_IRQHandler
                0x00000000080002ac                Default_Handler
                0x00000000080002ac                EXTI15_10_IRQHandler
                0x00000000080002ac                ADC_IRQHandler
                0x00000000080002ac                DMA1_Stream7_IRQHandler
                0x00000000080002ac                TIM5_IRQHandler
                0x00000000080002ac                DMA2_Stream7_IRQHandler
                0x00000000080002ac                I2C3_EV_IRQHandler
                0x00000000080002ac                EXTI9_5_IRQHandler
                0x00000000080002ac                SPI2_IRQHandler
                0x00000000080002ac                MemManage_Handler
                0x00000000080002ac                DMA1_Stream0_IRQHandler
                0x00000000080002ac                SVC_Handler
                0x00000000080002ac                EXTI4_IRQHandler
                0x00000000080002ac                EXTI22_RTC_WKUP_IRQHandler
                0x00000000080002ac                TIM2_IRQHandler
                0x00000000080002ac                EXTI16_PVD_IRQHandler
                0x00000000080002ac                TIM1_TRG_COM_TIM11_IRQHandler
                0x00000000080002ac                EXTI1_IRQHandler
                0x00000000080002ac                EXTI17_RTC_Alarm_IRQHandler
                0x00000000080002ac                USART2_IRQHandler
                0x00000000080002ac                I2C2_ER_IRQHandler
                0x00000000080002ac                DMA2_Stream1_IRQHandler
                0x00000000080002ac                FLASH_IRQHandler
                0x00000000080002ac                DMA2_Stream4_IRQHandler
                0x00000000080002ac                BusFault_Handler
                0x00000000080002ac                USART1_IRQHandler
                0x00000000080002ac                OTG_FS_IRQHandler
                0x00000000080002ac                SPI3_IRQHandler
                0x00000000080002ac                DMA1_Stream4_IRQHandler
                0x00000000080002ac                I2C1_ER_IRQHandler
                0x00000000080002ac                DMA2_Stream6_IRQHandler
                0x00000000080002ac                DMA1_Stream3_IRQHandler
 *fill*         0x00000000080002ae        0x2 
 .text.SystemInit
                0x00000000080002b0       0x6c D:\Năm 3\STM32\app\SDK_1.0.3_NUCLEO-F401RE\lib_stm\libLibraries.a(system_stm32f4xx.o)
                0x00000000080002b0                SystemInit
 .text.SystemCoreClockUpdate
                0x000000000800031c       0xf8 D:\Năm 3\STM32\app\SDK_1.0.3_NUCLEO-F401RE\lib_stm\libLibraries.a(system_stm32f4xx.o)
                0x000000000800031c                SystemCoreClockUpdate
 .text.SetSysClock
                0x0000000008000414       0xa0 D:\Năm 3\STM32\app\SDK_1.0.3_NUCLEO-F401RE\lib_stm\libLibraries.a(system_stm32f4xx.o)
 .text.NVIC_SetPriority
                0x00000000080004b4       0x54 D:\Năm 3\STM32\app\SDK_1.0.3_NUCLEO-F401RE\lib_stm\libLibraries.a(timer.o)
 .text.SysTick_Config
                0x0000000008000508       0x44 D:\Năm 3\STM32\app\SDK_1.0.3_NUCLEO-F401RE\lib_stm\libLibraries.a(timer.o)
 .text.TimerInit
                0x000000000800054c       0x44 D:\Năm 3\STM32\app\SDK_1.0.3_NUCLEO-F401RE\lib_stm\libLibraries.a(timer.o)
                0x000000000800054c                TimerInit
 .text.TimerStart
                0x0000000008000590       0xc4 D:\Năm 3\STM32\app\SDK_1.0.3_NUCLEO-F401RE\lib_stm\libLibraries.a(timer.o)
                0x0000000008000590                TimerStart
 .text.TimerStop
                0x0000000008000654       0xa0 D:\Năm 3\STM32\app\SDK_1.0.3_NUCLEO-F401RE\lib_stm\libLibraries.a(timer.o)
                0x0000000008000654                TimerStop
 .text.GetMilSecTick
                0x00000000080006f4       0x18 D:\Năm 3\STM32\app\SDK_1.0.3_NUCLEO-F401RE\lib_stm\libLibraries.a(timer.o)
                0x00000000080006f4                GetMilSecTick
 .text.processTimerScheduler
                0x000000000800070c       0xf0 D:\Năm 3\STM32\app\SDK_1.0.3_NUCLEO-F401RE\lib_stm\libLibraries.a(timer.o)
                0x000000000800070c                processTimerScheduler
 .text.TimeExpired
                0x00000000080007fc       0xcc D:\Năm 3\STM32\app\SDK_1.0.3_NUCLEO-F401RE\lib_stm\libLibraries.a(timer.o)
 .text.SysTick_Handler
                0x00000000080008c8       0x1c D:\Năm 3\STM32\app\SDK_1.0.3_NUCLEO-F401RE\lib_stm\libLibraries.a(timer.o)
                0x00000000080008c8                SysTick_Handler
 .text.delayMicroseconds
                0x00000000080008e4       0x14 D:\Năm 3\STM32\app\SDK_1.0.3_NUCLEO-F401RE\lib_stm\libLibraries.a(Ucglib.o)
 .text.ucg_gpio_init
                0x00000000080008f8       0x60 D:\Năm 3\STM32\app\SDK_1.0.3_NUCLEO-F401RE\lib_stm\libLibraries.a(Ucglib.o)
 .text.ucg_com_arduino_send_generic_SW_SPI
                0x0000000008000958       0x74 D:\Năm 3\STM32\app\SDK_1.0.3_NUCLEO-F401RE\lib_stm\libLibraries.a(Ucglib.o)
 .text.ucg_com_arduino_generic_SW_SPI
                0x00000000080009cc      0x1ec D:\Năm 3\STM32\app\SDK_1.0.3_NUCLEO-F401RE\lib_stm\libLibraries.a(Ucglib.o)
 .text.Ucglib4WireSWSPI_begin
                0x0000000008000bb8       0x38 D:\Năm 3\STM32\app\SDK_1.0.3_NUCLEO-F401RE\lib_stm\libLibraries.a(Ucglib.o)
                0x0000000008000bb8                Ucglib4WireSWSPI_begin
 .text.ucg_DrawBox
                0x0000000008000bf0       0x56 D:\Năm 3\STM32\app\SDK_1.0.3_NUCLEO-F401RE\lib_stm\libLibraries.a(ucg_box.o)
                0x0000000008000bf0                ucg_DrawBox
 .text.ucg_ClearScreen
                0x0000000008000c46       0x50 D:\Năm 3\STM32\app\SDK_1.0.3_NUCLEO-F401RE\lib_stm\libLibraries.a(ucg_box.o)
                0x0000000008000c46                ucg_ClearScreen
 .text.ucg_ccs_init
                0x0000000008000c96       0xc0 D:\Năm 3\STM32\app\SDK_1.0.3_NUCLEO-F401RE\lib_stm\libLibraries.a(ucg_ccs.o)
                0x0000000008000c96                ucg_ccs_init
 .text.ucg_ccs_step
                0x0000000008000d56       0x80 D:\Năm 3\STM32\app\SDK_1.0.3_NUCLEO-F401RE\lib_stm\libLibraries.a(ucg_ccs.o)
                0x0000000008000d56                ucg_ccs_step
 .text.ucg_ccs_seek
                0x0000000008000dd6       0xca D:\Năm 3\STM32\app\SDK_1.0.3_NUCLEO-F401RE\lib_stm\libLibraries.a(ucg_ccs.o)
                0x0000000008000dd6                ucg_ccs_seek
 .text.ucg_dev_default_cb
                0x0000000008000ea0       0x44 D:\Năm 3\STM32\app\SDK_1.0.3_NUCLEO-F401RE\lib_stm\libLibraries.a(ucg_dev_default_cb.o)
                0x0000000008000ea0                ucg_dev_default_cb
 .text.ucg_ext_none
                0x0000000008000ee4       0x1c D:\Năm 3\STM32\app\SDK_1.0.3_NUCLEO-F401RE\lib_stm\libLibraries.a(ucg_dev_default_cb.o)
                0x0000000008000ee4                ucg_ext_none
 .text.ucg_handle_st7735_l90fx
                0x0000000008000f00       0xd8 D:\Năm 3\STM32\app\SDK_1.0.3_NUCLEO-F401RE\lib_stm\libLibraries.a(ucg_dev_ic_st7735.o)
                0x0000000008000f00                ucg_handle_st7735_l90fx
 .text.ucg_handle_st7735_l90se
                0x0000000008000fd8      0x154 D:\Năm 3\STM32\app\SDK_1.0.3_NUCLEO-F401RE\lib_stm\libLibraries.a(ucg_dev_ic_st7735.o)
                0x0000000008000fd8                ucg_handle_st7735_l90se
 .text.ucg_dev_ic_st7735_18
                0x000000000800112c       0xf8 D:\Năm 3\STM32\app\SDK_1.0.3_NUCLEO-F401RE\lib_stm\libLibraries.a(ucg_dev_ic_st7735.o)
                0x000000000800112c                ucg_dev_ic_st7735_18
 .text.ucg_ext_st7735_18
                0x0000000008001224       0x28 D:\Năm 3\STM32\app\SDK_1.0.3_NUCLEO-F401RE\lib_stm\libLibraries.a(ucg_dev_ic_st7735.o)
                0x0000000008001224                ucg_ext_st7735_18
 .text.ucg_PowerDown
                0x000000000800124c       0x34 D:\Năm 3\STM32\app\SDK_1.0.3_NUCLEO-F401RE\lib_stm\libLibraries.a(ucg_dev_msg_api.o)
                0x000000000800124c                ucg_PowerDown
 .text.ucg_PowerUp
                0x0000000008001280       0x3c D:\Năm 3\STM32\app\SDK_1.0.3_NUCLEO-F401RE\lib_stm\libLibraries.a(ucg_dev_msg_api.o)
                0x0000000008001280                ucg_PowerUp
 .text.ucg_SetClipBox
                0x00000000080012bc       0x1e D:\Năm 3\STM32\app\SDK_1.0.3_NUCLEO-F401RE\lib_stm\libLibraries.a(ucg_dev_msg_api.o)
                0x00000000080012bc                ucg_SetClipBox
 .text.ucg_SetMaxClipRange
                0x00000000080012da       0x30 D:\Năm 3\STM32\app\SDK_1.0.3_NUCLEO-F401RE\lib_stm\libLibraries.a(ucg_dev_msg_api.o)
                0x00000000080012da                ucg_SetMaxClipRange
 .text.ucg_GetDimension
                0x000000000800130a       0x24 D:\Năm 3\STM32\app\SDK_1.0.3_NUCLEO-F401RE\lib_stm\libLibraries.a(ucg_dev_msg_api.o)
                0x000000000800130a                ucg_GetDimension
 .text.ucg_DrawL90FXWithArg
                0x000000000800132e       0x1e D:\Năm 3\STM32\app\SDK_1.0.3_NUCLEO-F401RE\lib_stm\libLibraries.a(ucg_dev_msg_api.o)
                0x000000000800132e                ucg_DrawL90FXWithArg
 .text.ucg_dev_st7735_18x128x128
                0x000000000800134c       0x80 D:\Năm 3\STM32\app\SDK_1.0.3_NUCLEO-F401RE\lib_stm\libLibraries.a(ucg_dev_tft_128x128_st7735.o)
                0x000000000800134c                ucg_dev_st7735_18x128x128
 .text.ucg_font_get_byte
                0x00000000080013cc       0x24 D:\Năm 3\STM32\app\SDK_1.0.3_NUCLEO-F401RE\lib_stm\libLibraries.a(ucg_font.o)
 .text.ucg_font_get_word
                0x00000000080013f0       0x40 D:\Năm 3\STM32\app\SDK_1.0.3_NUCLEO-F401RE\lib_stm\libLibraries.a(ucg_font.o)
 .text.ucg_read_font_info
                0x0000000008001430      0x142 D:\Năm 3\STM32\app\SDK_1.0.3_NUCLEO-F401RE\lib_stm\libLibraries.a(ucg_font.o)
                0x0000000008001430                ucg_read_font_info
 .text.ucg_font_decode_get_unsigned_bits
                0x0000000008001572       0x96 D:\Năm 3\STM32\app\SDK_1.0.3_NUCLEO-F401RE\lib_stm\libLibraries.a(ucg_font.o)
                0x0000000008001572                ucg_font_decode_get_unsigned_bits
 .text.ucg_font_decode_get_signed_bits
                0x0000000008001608       0x46 D:\Năm 3\STM32\app\SDK_1.0.3_NUCLEO-F401RE\lib_stm\libLibraries.a(ucg_font.o)
                0x0000000008001608                ucg_font_decode_get_signed_bits
 .text.ucg_add_vector_y
                0x000000000800164e       0x7a D:\Năm 3\STM32\app\SDK_1.0.3_NUCLEO-F401RE\lib_stm\libLibraries.a(ucg_font.o)
 .text.ucg_add_vector_x
                0x00000000080016c8       0x7a D:\Năm 3\STM32\app\SDK_1.0.3_NUCLEO-F401RE\lib_stm\libLibraries.a(ucg_font.o)
 .text.ucg_font_decode_len
                0x0000000008001742      0x118 D:\Năm 3\STM32\app\SDK_1.0.3_NUCLEO-F401RE\lib_stm\libLibraries.a(ucg_font.o)
                0x0000000008001742                ucg_font_decode_len
 .text.ucg_font_setup_decode
                0x000000000800185a       0x64 D:\Năm 3\STM32\app\SDK_1.0.3_NUCLEO-F401RE\lib_stm\libLibraries.a(ucg_font.o)
 .text.ucg_font_decode_glyph
                0x00000000080018be      0x14c D:\Năm 3\STM32\app\SDK_1.0.3_NUCLEO-F401RE\lib_stm\libLibraries.a(ucg_font.o)
                0x00000000080018be                ucg_font_decode_glyph
 .text.ucg_font_get_glyph_data
                0x0000000008001a0a       0x7a D:\Năm 3\STM32\app\SDK_1.0.3_NUCLEO-F401RE\lib_stm\libLibraries.a(ucg_font.o)
                0x0000000008001a0a                ucg_font_get_glyph_data
 .text.ucg_font_draw_glyph
                0x0000000008001a84       0x62 D:\Năm 3\STM32\app\SDK_1.0.3_NUCLEO-F401RE\lib_stm\libLibraries.a(ucg_font.o)
                0x0000000008001a84                ucg_font_draw_glyph
 .text.ucg_SetFontMode
                0x0000000008001ae6       0x20 D:\Năm 3\STM32\app\SDK_1.0.3_NUCLEO-F401RE\lib_stm\libLibraries.a(ucg_font.o)
                0x0000000008001ae6                ucg_SetFontMode
 *fill*         0x0000000008001b06        0x2 
 .text.ucg_DrawGlyph
                0x0000000008001b08       0xb0 D:\Năm 3\STM32\app\SDK_1.0.3_NUCLEO-F401RE\lib_stm\libLibraries.a(ucg_font.o)
                0x0000000008001b08                ucg_DrawGlyph
 .text.task_drawString
                0x0000000008001bb8      0x138 D:\Năm 3\STM32\app\SDK_1.0.3_NUCLEO-F401RE\lib_stm\libLibraries.a(ucg_font.o)
                0x0000000008001bb8                task_drawString
 .text.ucg_DrawString
                0x0000000008001cf0       0x78 D:\Năm 3\STM32\app\SDK_1.0.3_NUCLEO-F401RE\lib_stm\libLibraries.a(ucg_font.o)
                0x0000000008001cf0                ucg_DrawString
 .text.ucg_UpdateRefHeight
                0x0000000008001d68       0xd8 D:\Năm 3\STM32\app\SDK_1.0.3_NUCLEO-F401RE\lib_stm\libLibraries.a(ucg_font.o)
                0x0000000008001d68                ucg_UpdateRefHeight
 .text.ucg_font_calc_vref_font
                0x0000000008001e40       0x16 D:\Năm 3\STM32\app\SDK_1.0.3_NUCLEO-F401RE\lib_stm\libLibraries.a(ucg_font.o)
                0x0000000008001e40                ucg_font_calc_vref_font
 *fill*         0x0000000008001e56        0x2 
 .text.ucg_SetFontPosBaseline
                0x0000000008001e58       0x20 D:\Năm 3\STM32\app\SDK_1.0.3_NUCLEO-F401RE\lib_stm\libLibraries.a(ucg_font.o)
                0x0000000008001e58                ucg_SetFontPosBaseline
 .text.ucg_SetFont
                0x0000000008001e78       0x4c D:\Năm 3\STM32\app\SDK_1.0.3_NUCLEO-F401RE\lib_stm\libLibraries.a(ucg_font.o)
                0x0000000008001e78                ucg_SetFont
 .text.ucg_init_struct
                0x0000000008001ec4       0x50 D:\Năm 3\STM32\app\SDK_1.0.3_NUCLEO-F401RE\lib_stm\libLibraries.a(ucg_init.o)
                0x0000000008001ec4                ucg_init_struct
 .text.ucg_Init
                0x0000000008001f14       0x5c D:\Năm 3\STM32\app\SDK_1.0.3_NUCLEO-F401RE\lib_stm\libLibraries.a(ucg_init.o)
                0x0000000008001f14                ucg_Init
 .text.ucg_Draw90Line
                0x0000000008001f70       0x88 D:\Năm 3\STM32\app\SDK_1.0.3_NUCLEO-F401RE\lib_stm\libLibraries.a(ucg_line.o)
                0x0000000008001f70                ucg_Draw90Line
 .text.ucg_DrawHLine
                0x0000000008001ff8       0x3e D:\Năm 3\STM32\app\SDK_1.0.3_NUCLEO-F401RE\lib_stm\libLibraries.a(ucg_line.o)
                0x0000000008001ff8                ucg_DrawHLine
 .text.ucg_SetColor
                0x0000000008002036       0x5c D:\Năm 3\STM32\app\SDK_1.0.3_NUCLEO-F401RE\lib_stm\libLibraries.a(ucg_pixel.o)
                0x0000000008002036                ucg_SetColor
 .text.ucg_UndoRotate
                0x0000000008002092       0x32 D:\Năm 3\STM32\app\SDK_1.0.3_NUCLEO-F401RE\lib_stm\libLibraries.a(ucg_rotate.o)
                0x0000000008002092                ucg_UndoRotate
 .text.ucg_rotate_180_xy
                0x00000000080020c4       0x66 D:\Năm 3\STM32\app\SDK_1.0.3_NUCLEO-F401RE\lib_stm\libLibraries.a(ucg_rotate.o)
 *fill*         0x000000000800212a        0x2 
 .text.ucg_dev_rotate180
                0x000000000800212c      0x100 D:\Năm 3\STM32\app\SDK_1.0.3_NUCLEO-F401RE\lib_stm\libLibraries.a(ucg_rotate.o)
                0x000000000800212c                ucg_dev_rotate180
 .text.ucg_SetRotate180
                0x000000000800222c       0x34 D:\Năm 3\STM32\app\SDK_1.0.3_NUCLEO-F401RE\lib_stm\libLibraries.a(ucg_rotate.o)
                0x000000000800222c                ucg_SetRotate180
 .text.bufInit  0x0000000008002260       0x36 D:\Năm 3\STM32\app\SDK_1.0.3_NUCLEO-F401RE\lib_stm\libLibraries.a(buff.o)
                0x0000000008002260                bufInit
 .text.bufNumItems
                0x0000000008002296       0x18 D:\Năm 3\STM32\app\SDK_1.0.3_NUCLEO-F401RE\lib_stm\libLibraries.a(buff.o)
                0x0000000008002296                bufNumItems
 .text.bufIsFull
                0x00000000080022ae       0x26 D:\Năm 3\STM32\app\SDK_1.0.3_NUCLEO-F401RE\lib_stm\libLibraries.a(buff.o)
                0x00000000080022ae                bufIsFull
 .text.bufIsEmpty
                0x00000000080022d4       0x26 D:\Năm 3\STM32\app\SDK_1.0.3_NUCLEO-F401RE\lib_stm\libLibraries.a(buff.o)
                0x00000000080022d4                bufIsEmpty
 .text.bufFlush
                0x00000000080022fa       0x32 D:\Năm 3\STM32\app\SDK_1.0.3_NUCLEO-F401RE\lib_stm\libLibraries.a(buff.o)
                0x00000000080022fa                bufFlush
 .text.bufEnDat
                0x000000000800232c       0x9c D:\Năm 3\STM32\app\SDK_1.0.3_NUCLEO-F401RE\lib_stm\libLibraries.a(buff.o)
                0x000000000800232c                bufEnDat
 .text.bufDeDat
                0x00000000080023c8       0x84 D:\Năm 3\STM32\app\SDK_1.0.3_NUCLEO-F401RE\lib_stm\libLibraries.a(buff.o)
                0x00000000080023c8                bufDeDat
 .text.memsetl  0x000000000800244c       0x32 D:\Năm 3\STM32\app\SDK_1.0.3_NUCLEO-F401RE\lib_stm\libLibraries.a(utilities.o)
                0x000000000800244c                memsetl
 .text.GPIO_Init
                0x000000000800247e      0x11c D:\Năm 3\STM32\app\SDK_1.0.3_NUCLEO-F401RE\lib_stm\libLibraries.a(stm32f401re_gpio.o)
                0x000000000800247e                GPIO_Init
 .text.GPIO_WriteBit
                0x000000000800259a       0x30 D:\Năm 3\STM32\app\SDK_1.0.3_NUCLEO-F401RE\lib_stm\libLibraries.a(stm32f401re_gpio.o)
                0x000000000800259a                GPIO_WriteBit
 *fill*         0x00000000080025ca        0x2 
 .text.RCC_GetClocksFreq
                0x00000000080025cc      0x150 D:\Năm 3\STM32\app\SDK_1.0.3_NUCLEO-F401RE\lib_stm\libLibraries.a(stm32f401re_rcc.o)
                0x00000000080025cc                RCC_GetClocksFreq
 .text.RCC_AHB1PeriphClockCmd
                0x000000000800271c       0x40 D:\Năm 3\STM32\app\SDK_1.0.3_NUCLEO-F401RE\lib_stm\libLibraries.a(stm32f401re_rcc.o)
                0x000000000800271c                RCC_AHB1PeriphClockCmd
 .text.ucg_clip_is_x_visible
                0x000000000800275c       0x4a D:\Năm 3\STM32\app\SDK_1.0.3_NUCLEO-F401RE\lib_stm\libLibraries.a(ucg_clip.o)
 .text.ucg_clip_is_y_visible
                0x00000000080027a6       0x4a D:\Năm 3\STM32\app\SDK_1.0.3_NUCLEO-F401RE\lib_stm\libLibraries.a(ucg_clip.o)
 .text.ucg_clip_intersection
                0x00000000080027f0       0x74 D:\Năm 3\STM32\app\SDK_1.0.3_NUCLEO-F401RE\lib_stm\libLibraries.a(ucg_clip.o)
 .text.ucg_clip_is_pixel_visible
                0x0000000008002864       0x32 D:\Năm 3\STM32\app\SDK_1.0.3_NUCLEO-F401RE\lib_stm\libLibraries.a(ucg_clip.o)
                0x0000000008002864                ucg_clip_is_pixel_visible
 *fill*         0x0000000008002896        0x2 
 .text.ucg_clip_l90fx
                0x0000000008002898      0x300 D:\Năm 3\STM32\app\SDK_1.0.3_NUCLEO-F401RE\lib_stm\libLibraries.a(ucg_clip.o)
                0x0000000008002898                ucg_clip_l90fx
 .text.ucg_clip_l90se
                0x0000000008002b98       0x54 D:\Năm 3\STM32\app\SDK_1.0.3_NUCLEO-F401RE\lib_stm\libLibraries.a(ucg_clip.o)
                0x0000000008002b98                ucg_clip_l90se
 .text.ucg_com_PowerDown
                0x0000000008002bec       0x3e D:\Năm 3\STM32\app\SDK_1.0.3_NUCLEO-F401RE\lib_stm\libLibraries.a(ucg_com_msg_api.o)
                0x0000000008002bec                ucg_com_PowerDown
 .text.ucg_com_PowerUp
                0x0000000008002c2a       0x60 D:\Năm 3\STM32\app\SDK_1.0.3_NUCLEO-F401RE\lib_stm\libLibraries.a(ucg_com_msg_api.o)
                0x0000000008002c2a                ucg_com_PowerUp
 .text.ucg_com_SetLineStatus
                0x0000000008002c8a       0xe2 D:\Năm 3\STM32\app\SDK_1.0.3_NUCLEO-F401RE\lib_stm\libLibraries.a(ucg_com_msg_api.o)
                0x0000000008002c8a                ucg_com_SetLineStatus
 .text.ucg_com_SetResetLineStatus
                0x0000000008002d6c       0x20 D:\Năm 3\STM32\app\SDK_1.0.3_NUCLEO-F401RE\lib_stm\libLibraries.a(ucg_com_msg_api.o)
                0x0000000008002d6c                ucg_com_SetResetLineStatus
 .text.ucg_com_SetCSLineStatus
                0x0000000008002d8c       0x20 D:\Năm 3\STM32\app\SDK_1.0.3_NUCLEO-F401RE\lib_stm\libLibraries.a(ucg_com_msg_api.o)
                0x0000000008002d8c                ucg_com_SetCSLineStatus
 .text.ucg_com_SetCDLineStatus
                0x0000000008002dac       0x20 D:\Năm 3\STM32\app\SDK_1.0.3_NUCLEO-F401RE\lib_stm\libLibraries.a(ucg_com_msg_api.o)
                0x0000000008002dac                ucg_com_SetCDLineStatus
 .text.ucg_com_DelayMicroseconds
                0x0000000008002dcc       0x22 D:\Năm 3\STM32\app\SDK_1.0.3_NUCLEO-F401RE\lib_stm\libLibraries.a(ucg_com_msg_api.o)
                0x0000000008002dcc                ucg_com_DelayMicroseconds
 .text.ucg_com_DelayMilliseconds
                0x0000000008002dee       0x2c D:\Năm 3\STM32\app\SDK_1.0.3_NUCLEO-F401RE\lib_stm\libLibraries.a(ucg_com_msg_api.o)
                0x0000000008002dee                ucg_com_DelayMilliseconds
 .text.ucg_com_SendByte
                0x0000000008002e1a       0x24 D:\Năm 3\STM32\app\SDK_1.0.3_NUCLEO-F401RE\lib_stm\libLibraries.a(ucg_com_msg_api.o)
                0x0000000008002e1a                ucg_com_SendByte
 .text.ucg_com_SendStringP
                0x0000000008002e3e       0x40 D:\Năm 3\STM32\app\SDK_1.0.3_NUCLEO-F401RE\lib_stm\libLibraries.a(ucg_com_msg_api.o)
                0x0000000008002e3e                ucg_com_SendStringP
 .text.ucg_com_SendCmdArg
                0x0000000008002e7e       0x74 D:\Năm 3\STM32\app\SDK_1.0.3_NUCLEO-F401RE\lib_stm\libLibraries.a(ucg_com_msg_api.o)
 *fill*         0x0000000008002ef2        0x2 
 .text.ucg_com_SendCmdSeq
                0x0000000008002ef4      0x278 D:\Năm 3\STM32\app\SDK_1.0.3_NUCLEO-F401RE\lib_stm\libLibraries.a(ucg_com_msg_api.o)
                0x0000000008002ef4                ucg_com_SendCmdSeq
 .text.__libc_init_array
                0x000000000800316c       0x48 C:/ST/STM32CubeIDE_1.14.0/STM32CubeIDE/plugins/com.st.stm32cube.ide.mcu.externaltools.gnu-tools-for-stm32.11.3.rel1.win32_1.1.100.202309141235/tools/bin/../lib/gcc/arm-none-eabi/11.3.1/../../../../arm-none-eabi/lib/thumb/v7e-m+fp/hard\libc_nano.a(libc_a-init.o)
                0x000000000800316c                __libc_init_array
 *(.glue_7)
 .glue_7        0x00000000080031b4        0x0 linker stubs
 *(.glue_7t)
 .glue_7t       0x00000000080031b4        0x0 linker stubs
 *(.eh_frame)
 .eh_frame      0x00000000080031b4        0x0 C:/ST/STM32CubeIDE_1.14.0/STM32CubeIDE/plugins/com.st.stm32cube.ide.mcu.externaltools.gnu-tools-for-stm32.11.3.rel1.win32_1.1.100.202309141235/tools/bin/../lib/gcc/arm-none-eabi/11.3.1/thumb/v7e-m+fp/hard/crtbegin.o
 *(.init)
 .init          0x00000000080031b4        0x4 C:/ST/STM32CubeIDE_1.14.0/STM32CubeIDE/plugins/com.st.stm32cube.ide.mcu.externaltools.gnu-tools-for-stm32.11.3.rel1.win32_1.1.100.202309141235/tools/bin/../lib/gcc/arm-none-eabi/11.3.1/thumb/v7e-m+fp/hard/crti.o
                0x00000000080031b4                _init
 .init          0x00000000080031b8        0x8 C:/ST/STM32CubeIDE_1.14.0/STM32CubeIDE/plugins/com.st.stm32cube.ide.mcu.externaltools.gnu-tools-for-stm32.11.3.rel1.win32_1.1.100.202309141235/tools/bin/../lib/gcc/arm-none-eabi/11.3.1/thumb/v7e-m+fp/hard/crtn.o
 *(.fini)
 .fini          0x00000000080031c0        0x4 C:/ST/STM32CubeIDE_1.14.0/STM32CubeIDE/plugins/com.st.stm32cube.ide.mcu.externaltools.gnu-tools-for-stm32.11.3.rel1.win32_1.1.100.202309141235/tools/bin/../lib/gcc/arm-none-eabi/11.3.1/thumb/v7e-m+fp/hard/crti.o
                0x00000000080031c0                _fini
 .fini          0x00000000080031c4        0x8 C:/ST/STM32CubeIDE_1.14.0/STM32CubeIDE/plugins/com.st.stm32cube.ide.mcu.externaltools.gnu-tools-for-stm32.11.3.rel1.win32_1.1.100.202309141235/tools/bin/../lib/gcc/arm-none-eabi/11.3.1/thumb/v7e-m+fp/hard/crtn.o
                0x00000000080031cc                . = ALIGN (0x4)
                0x00000000080031cc                _etext = .

.vfp11_veneer   0x00000000080031cc        0x0
 .vfp11_veneer  0x00000000080031cc        0x0 linker stubs

.v4_bx          0x00000000080031cc        0x0
 .v4_bx         0x00000000080031cc        0x0 linker stubs

.iplt           0x00000000080031cc        0x0
 .iplt          0x00000000080031cc        0x0 C:/ST/STM32CubeIDE_1.14.0/STM32CubeIDE/plugins/com.st.stm32cube.ide.mcu.externaltools.gnu-tools-for-stm32.11.3.rel1.win32_1.1.100.202309141235/tools/bin/../lib/gcc/arm-none-eabi/11.3.1/thumb/v7e-m+fp/hard/crtbegin.o

.rodata         0x00000000080031cc     0x28f0
                0x00000000080031cc                . = ALIGN (0x4)
 *(.rodata)
 .rodata        0x00000000080031cc       0x14 ./Src/main.o
 .rodata        0x00000000080031e0        0xf D:\Năm 3\STM32\app\SDK_1.0.3_NUCLEO-F401RE\lib_stm\libLibraries.a(ucg_font.o)
 *(.rodata*)
 *fill*         0x00000000080031ef        0x1 
 .rodata.ucg_st7735_set_pos_seq
                0x00000000080031f0       0x1e D:\Năm 3\STM32\app\SDK_1.0.3_NUCLEO-F401RE\lib_stm\libLibraries.a(ucg_dev_ic_st7735.o)
                0x00000000080031f0                ucg_st7735_set_pos_seq
 *fill*         0x000000000800320e        0x2 
 .rodata.ucg_st7735_set_pos_dir0_seq
                0x0000000008003210       0x1e D:\Năm 3\STM32\app\SDK_1.0.3_NUCLEO-F401RE\lib_stm\libLibraries.a(ucg_dev_ic_st7735.o)
                0x0000000008003210                ucg_st7735_set_pos_dir0_seq
 *fill*         0x000000000800322e        0x2 
 .rodata.ucg_st7735_set_pos_dir1_seq
                0x0000000008003230       0x21 D:\Năm 3\STM32\app\SDK_1.0.3_NUCLEO-F401RE\lib_stm\libLibraries.a(ucg_dev_ic_st7735.o)
                0x0000000008003230                ucg_st7735_set_pos_dir1_seq
 *fill*         0x0000000008003251        0x3 
 .rodata.ucg_st7735_set_pos_dir2_seq
                0x0000000008003254       0x21 D:\Năm 3\STM32\app\SDK_1.0.3_NUCLEO-F401RE\lib_stm\libLibraries.a(ucg_dev_ic_st7735.o)
                0x0000000008003254                ucg_st7735_set_pos_dir2_seq
 *fill*         0x0000000008003275        0x3 
 .rodata.ucg_st7735_set_pos_dir3_seq
                0x0000000008003278       0x24 D:\Năm 3\STM32\app\SDK_1.0.3_NUCLEO-F401RE\lib_stm\libLibraries.a(ucg_dev_ic_st7735.o)
                0x0000000008003278                ucg_st7735_set_pos_dir3_seq
 .rodata.ucg_st7735_power_down_seq
                0x000000000800329c        0x7 D:\Năm 3\STM32\app\SDK_1.0.3_NUCLEO-F401RE\lib_stm\libLibraries.a(ucg_dev_ic_st7735.o)
 *fill*         0x00000000080032a3        0x1 
 .rodata.ucg_tft_128x160_st7735_init_seq
                0x00000000080032a4       0x2c D:\Năm 3\STM32\app\SDK_1.0.3_NUCLEO-F401RE\lib_stm\libLibraries.a(ucg_dev_tft_128x128_st7735.o)
 .rodata.ucg_font_helvR08_tf
                0x00000000080032d0      0x88b D:\Năm 3\STM32\app\SDK_1.0.3_NUCLEO-F401RE\lib_stm\libLibraries.a(ucg_pixel_font_data.o)
                0x00000000080032d0                ucg_font_helvR08_tf
 *fill*         0x0000000008003b5b        0x1 
 .rodata.ucg_font_ncenR24_tf
                0x0000000008003b5c     0x1f5f D:\Năm 3\STM32\app\SDK_1.0.3_NUCLEO-F401RE\lib_stm\libLibraries.a(ucg_pixel_font_data.o)
                0x0000000008003b5c                ucg_font_ncenR24_tf
                0x0000000008005abc                . = ALIGN (0x4)
 *fill*         0x0000000008005abb        0x1 

.rel.dyn        0x0000000008005abc        0x0
 .rel.iplt      0x0000000008005abc        0x0 C:/ST/STM32CubeIDE_1.14.0/STM32CubeIDE/plugins/com.st.stm32cube.ide.mcu.externaltools.gnu-tools-for-stm32.11.3.rel1.win32_1.1.100.202309141235/tools/bin/../lib/gcc/arm-none-eabi/11.3.1/thumb/v7e-m+fp/hard/crtbegin.o

.ARM.extab      0x0000000008005abc        0x0
                0x0000000008005abc                . = ALIGN (0x4)
 *(.ARM.extab* .gnu.linkonce.armextab.*)
                0x0000000008005abc                . = ALIGN (0x4)

.ARM            0x0000000008005abc        0x0
                0x0000000008005abc                . = ALIGN (0x4)
                0x0000000008005abc                __exidx_start = .
 *(.ARM.exidx*)
                0x0000000008005abc                __exidx_end = .
                0x0000000008005abc                . = ALIGN (0x4)

.preinit_array  0x0000000008005abc        0x0
                0x0000000008005abc                . = ALIGN (0x4)
                0x0000000008005abc                PROVIDE (__preinit_array_start = .)
 *(.preinit_array*)
                0x0000000008005abc                PROVIDE (__preinit_array_end = .)
                0x0000000008005abc                . = ALIGN (0x4)

.init_array     0x0000000008005abc        0x4
                0x0000000008005abc                . = ALIGN (0x4)
                0x0000000008005abc                PROVIDE (__init_array_start = .)
 *(SORT_BY_NAME(.init_array.*))
 *(.init_array*)
 .init_array    0x0000000008005abc        0x4 C:/ST/STM32CubeIDE_1.14.0/STM32CubeIDE/plugins/com.st.stm32cube.ide.mcu.externaltools.gnu-tools-for-stm32.11.3.rel1.win32_1.1.100.202309141235/tools/bin/../lib/gcc/arm-none-eabi/11.3.1/thumb/v7e-m+fp/hard/crtbegin.o
                0x0000000008005ac0                PROVIDE (__init_array_end = .)
                0x0000000008005ac0                . = ALIGN (0x4)

.fini_array     0x0000000008005ac0        0x4
                0x0000000008005ac0                . = ALIGN (0x4)
                [!provide]                        PROVIDE (__fini_array_start = .)
 *(SORT_BY_NAME(.fini_array.*))
 *(.fini_array*)
 .fini_array    0x0000000008005ac0        0x4 C:/ST/STM32CubeIDE_1.14.0/STM32CubeIDE/plugins/com.st.stm32cube.ide.mcu.externaltools.gnu-tools-for-stm32.11.3.rel1.win32_1.1.100.202309141235/tools/bin/../lib/gcc/arm-none-eabi/11.3.1/thumb/v7e-m+fp/hard/crtbegin.o
                [!provide]                        PROVIDE (__fini_array_end = .)
                0x0000000008005ac4                . = ALIGN (0x4)
                0x0000000008005ac4                _sidata = LOADADDR (.data)

.data           0x0000000020000000       0x28 load address 0x0000000008005ac4
                0x0000000020000000                . = ALIGN (0x4)
                0x0000000020000000                _sdata = .
 *(.data)
 *(.data*)
 .data.SystemCoreClock
                0x0000000020000000        0x4 D:\Năm 3\STM32\app\SDK_1.0.3_NUCLEO-F401RE\lib_stm\libLibraries.a(system_stm32f4xx.o)
                0x0000000020000000                SystemCoreClock
 .data.AHBPrescTable
                0x0000000020000004       0x10 D:\Năm 3\STM32\app\SDK_1.0.3_NUCLEO-F401RE\lib_stm\libLibraries.a(system_stm32f4xx.o)
                0x0000000020000004                AHBPrescTable
 .data.idTaskScanDecodeLen
                0x0000000020000014        0x1 D:\Năm 3\STM32\app\SDK_1.0.3_NUCLEO-F401RE\lib_stm\libLibraries.a(ucg_font.o)
 *fill*         0x0000000020000015        0x3 
 .data.APBAHBPrescTable
                0x0000000020000018       0x10 D:\Năm 3\STM32\app\SDK_1.0.3_NUCLEO-F401RE\lib_stm\libLibraries.a(stm32f401re_rcc.o)
 *(.RamFunc)
 *(.RamFunc*)
                0x0000000020000028                . = ALIGN (0x4)
                0x0000000020000028                _edata = .

.igot.plt       0x0000000020000028        0x0 load address 0x0000000008005aec
 .igot.plt      0x0000000020000028        0x0 C:/ST/STM32CubeIDE_1.14.0/STM32CubeIDE/plugins/com.st.stm32cube.ide.mcu.externaltools.gnu-tools-for-stm32.11.3.rel1.win32_1.1.100.202309141235/tools/bin/../lib/gcc/arm-none-eabi/11.3.1/thumb/v7e-m+fp/hard/crtbegin.o
                0x0000000020000028                . = ALIGN (0x4)

.bss            0x0000000020000028     0x1274 load address 0x0000000008005aec
                0x0000000020000028                _sbss = .
                0x0000000020000028                __bss_start__ = _sbss
 *(.bss)
 .bss           0x0000000020000028       0x1c C:/ST/STM32CubeIDE_1.14.0/STM32CubeIDE/plugins/com.st.stm32cube.ide.mcu.externaltools.gnu-tools-for-stm32.11.3.rel1.win32_1.1.100.202309141235/tools/bin/../lib/gcc/arm-none-eabi/11.3.1/thumb/v7e-m+fp/hard/crtbegin.o
 *(.bss*)
 .bss.ucg       0x0000000020000044       0xb4 ./Src/main.o
 .bss.g_pTimerHandle
                0x00000000200000f8      0x180 D:\Năm 3\STM32\app\SDK_1.0.3_NUCLEO-F401RE\lib_stm\libLibraries.a(timer.o)
 .bss.g_wMilSecTickTimer
                0x0000000020000278        0x4 D:\Năm 3\STM32\app\SDK_1.0.3_NUCLEO-F401RE\lib_stm\libLibraries.a(timer.o)
 .bss.fontQueue
                0x000000002000027c       0x10 D:\Năm 3\STM32\app\SDK_1.0.3_NUCLEO-F401RE\lib_stm\libLibraries.a(ucg_font.o)
 .bss.pQueueFont
                0x000000002000028c     0x1000 D:\Năm 3\STM32\app\SDK_1.0.3_NUCLEO-F401RE\lib_stm\libLibraries.a(ucg_font.o)
 .bss.next.7562
                0x000000002000128c        0x1 D:\Năm 3\STM32\app\SDK_1.0.3_NUCLEO-F401RE\lib_stm\libLibraries.a(ucg_font.o)
 *(COMMON)
 *fill*         0x000000002000128d        0x3 
 COMMON         0x0000000020001290        0xc D:\Năm 3\STM32\app\SDK_1.0.3_NUCLEO-F401RE\lib_stm\libLibraries.a(ucg_font.o)
                0x0000000020001290                ucg_draw_str
                0x000000002000129c                . = ALIGN (0x4)
                0x000000002000129c                _ebss = .
                0x000000002000129c                __bss_end__ = _ebss

._user_heap_stack
                0x000000002000129c      0x604 load address 0x0000000008005aec
                0x00000000200012a0                . = ALIGN (0x8)
 *fill*         0x000000002000129c        0x4 
                [!provide]                        PROVIDE (end = .)
                0x00000000200012a0                PROVIDE (_end = .)
                0x00000000200014a0                . = (. + _Min_Heap_Size)
 *fill*         0x00000000200012a0      0x200 
                0x00000000200018a0                . = (. + _Min_Stack_Size)
 *fill*         0x00000000200014a0      0x400 
                0x00000000200018a0                . = ALIGN (0x8)

/DISCARD/
 libc.a(*)
 libm.a(*)
 libgcc.a(*)

.ARM.attributes
                0x0000000000000000       0x30
 *(.ARM.attributes)
 .ARM.attributes
                0x0000000000000000       0x1e C:/ST/STM32CubeIDE_1.14.0/STM32CubeIDE/plugins/com.st.stm32cube.ide.mcu.externaltools.gnu-tools-for-stm32.11.3.rel1.win32_1.1.100.202309141235/tools/bin/../lib/gcc/arm-none-eabi/11.3.1/thumb/v7e-m+fp/hard/crti.o
 .ARM.attributes
                0x000000000000001e       0x34 C:/ST/STM32CubeIDE_1.14.0/STM32CubeIDE/plugins/com.st.stm32cube.ide.mcu.externaltools.gnu-tools-for-stm32.11.3.rel1.win32_1.1.100.202309141235/tools/bin/../lib/gcc/arm-none-eabi/11.3.1/thumb/v7e-m+fp/hard/crtbegin.o
 .ARM.attributes
                0x0000000000000052       0x34 ./Src/main.o
 .ARM.attributes
                0x0000000000000086       0x21 ./Startup/startup_stm32f401retx.o
 .ARM.attributes
                0x00000000000000a7       0x39 D:\Năm 3\STM32\app\SDK_1.0.3_NUCLEO-F401RE\lib_stm\libLibraries.a(system_stm32f4xx.o)
 .ARM.attributes
                0x00000000000000e0       0x39 D:\Năm 3\STM32\app\SDK_1.0.3_NUCLEO-F401RE\lib_stm\libLibraries.a(timer.o)
 .ARM.attributes
                0x0000000000000119       0x39 D:\Năm 3\STM32\app\SDK_1.0.3_NUCLEO-F401RE\lib_stm\libLibraries.a(Ucglib.o)
 .ARM.attributes
                0x0000000000000152       0x39 D:\Năm 3\STM32\app\SDK_1.0.3_NUCLEO-F401RE\lib_stm\libLibraries.a(ucg_box.o)
 .ARM.attributes
                0x000000000000018b       0x39 D:\Năm 3\STM32\app\SDK_1.0.3_NUCLEO-F401RE\lib_stm\libLibraries.a(ucg_ccs.o)
 .ARM.attributes
                0x00000000000001c4       0x39 D:\Năm 3\STM32\app\SDK_1.0.3_NUCLEO-F401RE\lib_stm\libLibraries.a(ucg_dev_default_cb.o)
 .ARM.attributes
                0x00000000000001fd       0x39 D:\Năm 3\STM32\app\SDK_1.0.3_NUCLEO-F401RE\lib_stm\libLibraries.a(ucg_dev_ic_st7735.o)
 .ARM.attributes
                0x0000000000000236       0x39 D:\Năm 3\STM32\app\SDK_1.0.3_NUCLEO-F401RE\lib_stm\libLibraries.a(ucg_dev_msg_api.o)
 .ARM.attributes
                0x000000000000026f       0x39 D:\Năm 3\STM32\app\SDK_1.0.3_NUCLEO-F401RE\lib_stm\libLibraries.a(ucg_dev_tft_128x128_st7735.o)
 .ARM.attributes
                0x00000000000002a8       0x39 D:\Năm 3\STM32\app\SDK_1.0.3_NUCLEO-F401RE\lib_stm\libLibraries.a(ucg_font.o)
 .ARM.attributes
                0x00000000000002e1       0x39 D:\Năm 3\STM32\app\SDK_1.0.3_NUCLEO-F401RE\lib_stm\libLibraries.a(ucg_init.o)
 .ARM.attributes
                0x000000000000031a       0x39 D:\Năm 3\STM32\app\SDK_1.0.3_NUCLEO-F401RE\lib_stm\libLibraries.a(ucg_line.o)
 .ARM.attributes
                0x0000000000000353       0x39 D:\Năm 3\STM32\app\SDK_1.0.3_NUCLEO-F401RE\lib_stm\libLibraries.a(ucg_pixel.o)
 .ARM.attributes
                0x000000000000038c       0x39 D:\Năm 3\STM32\app\SDK_1.0.3_NUCLEO-F401RE\lib_stm\libLibraries.a(ucg_pixel_font_data.o)
 .ARM.attributes
                0x00000000000003c5       0x39 D:\Năm 3\STM32\app\SDK_1.0.3_NUCLEO-F401RE\lib_stm\libLibraries.a(ucg_rotate.o)
 .ARM.attributes
                0x00000000000003fe       0x39 D:\Năm 3\STM32\app\SDK_1.0.3_NUCLEO-F401RE\lib_stm\libLibraries.a(buff.o)
 .ARM.attributes
                0x0000000000000437       0x39 D:\Năm 3\STM32\app\SDK_1.0.3_NUCLEO-F401RE\lib_stm\libLibraries.a(utilities.o)
 .ARM.attributes
                0x0000000000000470       0x39 D:\Năm 3\STM32\app\SDK_1.0.3_NUCLEO-F401RE\lib_stm\libLibraries.a(stm32f401re_gpio.o)
 .ARM.attributes
                0x00000000000004a9       0x39 D:\Năm 3\STM32\app\SDK_1.0.3_NUCLEO-F401RE\lib_stm\libLibraries.a(stm32f401re_rcc.o)
 .ARM.attributes
                0x00000000000004e2       0x39 D:\Năm 3\STM32\app\SDK_1.0.3_NUCLEO-F401RE\lib_stm\libLibraries.a(ucg_clip.o)
 .ARM.attributes
                0x000000000000051b       0x39 D:\Năm 3\STM32\app\SDK_1.0.3_NUCLEO-F401RE\lib_stm\libLibraries.a(ucg_com_msg_api.o)
 .ARM.attributes
                0x0000000000000554       0x34 C:/ST/STM32CubeIDE_1.14.0/STM32CubeIDE/plugins/com.st.stm32cube.ide.mcu.externaltools.gnu-tools-for-stm32.11.3.rel1.win32_1.1.100.202309141235/tools/bin/../lib/gcc/arm-none-eabi/11.3.1/../../../../arm-none-eabi/lib/thumb/v7e-m+fp/hard\libc_nano.a(libc_a-init.o)
 .ARM.attributes
                0x0000000000000588       0x1e C:/ST/STM32CubeIDE_1.14.0/STM32CubeIDE/plugins/com.st.stm32cube.ide.mcu.externaltools.gnu-tools-for-stm32.11.3.rel1.win32_1.1.100.202309141235/tools/bin/../lib/gcc/arm-none-eabi/11.3.1/thumb/v7e-m+fp/hard/crtn.o
OUTPUT(demo.elf elf32-littlearm)
LOAD linker stubs
LOAD C:/ST/STM32CubeIDE_1.14.0/STM32CubeIDE/plugins/com.st.stm32cube.ide.mcu.externaltools.gnu-tools-for-stm32.11.3.rel1.win32_1.1.100.202309141235/tools/bin/../lib/gcc/arm-none-eabi/11.3.1/../../../../arm-none-eabi/lib/thumb/v7e-m+fp/hard\libc.a
LOAD C:/ST/STM32CubeIDE_1.14.0/STM32CubeIDE/plugins/com.st.stm32cube.ide.mcu.externaltools.gnu-tools-for-stm32.11.3.rel1.win32_1.1.100.202309141235/tools/bin/../lib/gcc/arm-none-eabi/11.3.1/../../../../arm-none-eabi/lib/thumb/v7e-m+fp/hard\libm.a
LOAD C:/ST/STM32CubeIDE_1.14.0/STM32CubeIDE/plugins/com.st.stm32cube.ide.mcu.externaltools.gnu-tools-for-stm32.11.3.rel1.win32_1.1.100.202309141235/tools/bin/../lib/gcc/arm-none-eabi/11.3.1/thumb/v7e-m+fp/hard\libgcc.a

.comment        0x0000000000000000       0xbe
 .comment       0x0000000000000000       0x43 C:/ST/STM32CubeIDE_1.14.0/STM32CubeIDE/plugins/com.st.stm32cube.ide.mcu.externaltools.gnu-tools-for-stm32.11.3.rel1.win32_1.1.100.202309141235/tools/bin/../lib/gcc/arm-none-eabi/11.3.1/thumb/v7e-m+fp/hard/crtbegin.o
                                         0x44 (size before relaxing)
 .comment       0x0000000000000043       0x44 ./Src/main.o
 .comment       0x0000000000000043       0x7b D:\Năm 3\STM32\app\SDK_1.0.3_NUCLEO-F401RE\lib_stm\libLibraries.a(system_stm32f4xx.o)
                                         0x7c (size before relaxing)
 .comment       0x00000000000000be       0x7c D:\Năm 3\STM32\app\SDK_1.0.3_NUCLEO-F401RE\lib_stm\libLibraries.a(timer.o)
 .comment       0x00000000000000be       0x7c D:\Năm 3\STM32\app\SDK_1.0.3_NUCLEO-F401RE\lib_stm\libLibraries.a(Ucglib.o)
 .comment       0x00000000000000be       0x7c D:\Năm 3\STM32\app\SDK_1.0.3_NUCLEO-F401RE\lib_stm\libLibraries.a(ucg_box.o)
 .comment       0x00000000000000be       0x7c D:\Năm 3\STM32\app\SDK_1.0.3_NUCLEO-F401RE\lib_stm\libLibraries.a(ucg_ccs.o)
 .comment       0x00000000000000be       0x7c D:\Năm 3\STM32\app\SDK_1.0.3_NUCLEO-F401RE\lib_stm\libLibraries.a(ucg_dev_default_cb.o)
 .comment       0x00000000000000be       0x7c D:\Năm 3\STM32\app\SDK_1.0.3_NUCLEO-F401RE\lib_stm\libLibraries.a(ucg_dev_ic_st7735.o)
 .comment       0x00000000000000be       0x7c D:\Năm 3\STM32\app\SDK_1.0.3_NUCLEO-F401RE\lib_stm\libLibraries.a(ucg_dev_msg_api.o)
 .comment       0x00000000000000be       0x7c D:\Năm 3\STM32\app\SDK_1.0.3_NUCLEO-F401RE\lib_stm\libLibraries.a(ucg_dev_tft_128x128_st7735.o)
 .comment       0x00000000000000be       0x7c D:\Năm 3\STM32\app\SDK_1.0.3_NUCLEO-F401RE\lib_stm\libLibraries.a(ucg_font.o)
 .comment       0x00000000000000be       0x7c D:\Năm 3\STM32\app\SDK_1.0.3_NUCLEO-F401RE\lib_stm\libLibraries.a(ucg_init.o)
 .comment       0x00000000000000be       0x7c D:\Năm 3\STM32\app\SDK_1.0.3_NUCLEO-F401RE\lib_stm\libLibraries.a(ucg_line.o)
 .comment       0x00000000000000be       0x7c D:\Năm 3\STM32\app\SDK_1.0.3_NUCLEO-F401RE\lib_stm\libLibraries.a(ucg_pixel.o)
 .comment       0x00000000000000be       0x7c D:\Năm 3\STM32\app\SDK_1.0.3_NUCLEO-F401RE\lib_stm\libLibraries.a(ucg_pixel_font_data.o)
 .comment       0x00000000000000be       0x7c D:\Năm 3\STM32\app\SDK_1.0.3_NUCLEO-F401RE\lib_stm\libLibraries.a(ucg_rotate.o)
 .comment       0x00000000000000be       0x7c D:\Năm 3\STM32\app\SDK_1.0.3_NUCLEO-F401RE\lib_stm\libLibraries.a(buff.o)
 .comment       0x00000000000000be       0x7c D:\Năm 3\STM32\app\SDK_1.0.3_NUCLEO-F401RE\lib_stm\libLibraries.a(utilities.o)
 .comment       0x00000000000000be       0x7c D:\Năm 3\STM32\app\SDK_1.0.3_NUCLEO-F401RE\lib_stm\libLibraries.a(stm32f401re_gpio.o)
 .comment       0x00000000000000be       0x7c D:\Năm 3\STM32\app\SDK_1.0.3_NUCLEO-F401RE\lib_stm\libLibraries.a(stm32f401re_rcc.o)
 .comment       0x00000000000000be       0x7c D:\Năm 3\STM32\app\SDK_1.0.3_NUCLEO-F401RE\lib_stm\libLibraries.a(ucg_clip.o)
 .comment       0x00000000000000be       0x7c D:\Năm 3\STM32\app\SDK_1.0.3_NUCLEO-F401RE\lib_stm\libLibraries.a(ucg_com_msg_api.o)

.debug_info     0x0000000000000000    0x3420a
 .debug_info    0x0000000000000000      0x7c7 ./Src/main.o
 .debug_info    0x00000000000007c7       0x23 ./Startup/startup_stm32f401retx.o
 .debug_info    0x00000000000007ea      0x5bb D:\Năm 3\STM32\app\SDK_1.0.3_NUCLEO-F401RE\lib_stm\libLibraries.a(system_stm32f4xx.o)
 .debug_info    0x0000000000000da5      0x922 D:\Năm 3\STM32\app\SDK_1.0.3_NUCLEO-F401RE\lib_stm\libLibraries.a(timer.o)
 .debug_info    0x00000000000016c7     0x333f D:\Năm 3\STM32\app\SDK_1.0.3_NUCLEO-F401RE\lib_stm\libLibraries.a(Ucglib.o)
 .debug_info    0x0000000000004a06     0x329d D:\Năm 3\STM32\app\SDK_1.0.3_NUCLEO-F401RE\lib_stm\libLibraries.a(ucg_box.o)
 .debug_info    0x0000000000007ca3     0x2b08 D:\Năm 3\STM32\app\SDK_1.0.3_NUCLEO-F401RE\lib_stm\libLibraries.a(ucg_ccs.o)
 .debug_info    0x000000000000a7ab     0x324b D:\Năm 3\STM32\app\SDK_1.0.3_NUCLEO-F401RE\lib_stm\libLibraries.a(ucg_dev_default_cb.o)
 .debug_info    0x000000000000d9f6     0x3272 D:\Năm 3\STM32\app\SDK_1.0.3_NUCLEO-F401RE\lib_stm\libLibraries.a(ucg_dev_ic_st7735.o)
 .debug_info    0x0000000000010c68     0x3178 D:\Năm 3\STM32\app\SDK_1.0.3_NUCLEO-F401RE\lib_stm\libLibraries.a(ucg_dev_msg_api.o)
 .debug_info    0x0000000000013de0     0x303e D:\Năm 3\STM32\app\SDK_1.0.3_NUCLEO-F401RE\lib_stm\libLibraries.a(ucg_dev_tft_128x128_st7735.o)
 .debug_info    0x0000000000016e1e     0x43ab D:\Năm 3\STM32\app\SDK_1.0.3_NUCLEO-F401RE\lib_stm\libLibraries.a(ucg_font.o)
 .debug_info    0x000000000001b1c9     0x3856 D:\Năm 3\STM32\app\SDK_1.0.3_NUCLEO-F401RE\lib_stm\libLibraries.a(ucg_init.o)
 .debug_info    0x000000000001ea1f     0x3222 D:\Năm 3\STM32\app\SDK_1.0.3_NUCLEO-F401RE\lib_stm\libLibraries.a(ucg_line.o)
 .debug_info    0x0000000000021c41     0x3056 D:\Năm 3\STM32\app\SDK_1.0.3_NUCLEO-F401RE\lib_stm\libLibraries.a(ucg_pixel.o)
 .debug_info    0x0000000000024c97     0x43df D:\Năm 3\STM32\app\SDK_1.0.3_NUCLEO-F401RE\lib_stm\libLibraries.a(ucg_pixel_font_data.o)
 .debug_info    0x0000000000029076     0x3231 D:\Năm 3\STM32\app\SDK_1.0.3_NUCLEO-F401RE\lib_stm\libLibraries.a(ucg_rotate.o)
 .debug_info    0x000000000002c2a7      0x339 D:\Năm 3\STM32\app\SDK_1.0.3_NUCLEO-F401RE\lib_stm\libLibraries.a(buff.o)
 .debug_info    0x000000000002c5e0      0x2bd D:\Năm 3\STM32\app\SDK_1.0.3_NUCLEO-F401RE\lib_stm\libLibraries.a(utilities.o)
 .debug_info    0x000000000002c89d      0x62b D:\Năm 3\STM32\app\SDK_1.0.3_NUCLEO-F401RE\lib_stm\libLibraries.a(stm32f401re_gpio.o)
 .debug_info    0x000000000002cec8      0xd5e D:\Năm 3\STM32\app\SDK_1.0.3_NUCLEO-F401RE\lib_stm\libLibraries.a(stm32f401re_rcc.o)
 .debug_info    0x000000000002dc26     0x315a D:\Năm 3\STM32\app\SDK_1.0.3_NUCLEO-F401RE\lib_stm\libLibraries.a(ucg_clip.o)
 .debug_info    0x0000000000030d80     0x348a D:\Năm 3\STM32\app\SDK_1.0.3_NUCLEO-F401RE\lib_stm\libLibraries.a(ucg_com_msg_api.o)

.debug_abbrev   0x0000000000000000     0x22f8
 .debug_abbrev  0x0000000000000000      0x1a4 ./Src/main.o
 .debug_abbrev  0x00000000000001a4       0x12 ./Startup/startup_stm32f401retx.o
 .debug_abbrev  0x00000000000001b6      0x138 D:\Năm 3\STM32\app\SDK_1.0.3_NUCLEO-F401RE\lib_stm\libLibraries.a(system_stm32f4xx.o)
 .debug_abbrev  0x00000000000002ee      0x29a D:\Năm 3\STM32\app\SDK_1.0.3_NUCLEO-F401RE\lib_stm\libLibraries.a(timer.o)
 .debug_abbrev  0x0000000000000588      0x202 D:\Năm 3\STM32\app\SDK_1.0.3_NUCLEO-F401RE\lib_stm\libLibraries.a(Ucglib.o)
 .debug_abbrev  0x000000000000078a      0x18b D:\Năm 3\STM32\app\SDK_1.0.3_NUCLEO-F401RE\lib_stm\libLibraries.a(ucg_box.o)
 .debug_abbrev  0x0000000000000915       0xf5 D:\Năm 3\STM32\app\SDK_1.0.3_NUCLEO-F401RE\lib_stm\libLibraries.a(ucg_ccs.o)
 .debug_abbrev  0x0000000000000a0a      0x19e D:\Năm 3\STM32\app\SDK_1.0.3_NUCLEO-F401RE\lib_stm\libLibraries.a(ucg_dev_default_cb.o)
 .debug_abbrev  0x0000000000000ba8      0x1dc D:\Năm 3\STM32\app\SDK_1.0.3_NUCLEO-F401RE\lib_stm\libLibraries.a(ucg_dev_ic_st7735.o)
 .debug_abbrev  0x0000000000000d84      0x191 D:\Năm 3\STM32\app\SDK_1.0.3_NUCLEO-F401RE\lib_stm\libLibraries.a(ucg_dev_msg_api.o)
 .debug_abbrev  0x0000000000000f15      0x14e D:\Năm 3\STM32\app\SDK_1.0.3_NUCLEO-F401RE\lib_stm\libLibraries.a(ucg_dev_tft_128x128_st7735.o)
 .debug_abbrev  0x0000000000001063      0x2fc D:\Năm 3\STM32\app\SDK_1.0.3_NUCLEO-F401RE\lib_stm\libLibraries.a(ucg_font.o)
 .debug_abbrev  0x000000000000135f      0x1c6 D:\Năm 3\STM32\app\SDK_1.0.3_NUCLEO-F401RE\lib_stm\libLibraries.a(ucg_init.o)
 .debug_abbrev  0x0000000000001525      0x175 D:\Năm 3\STM32\app\SDK_1.0.3_NUCLEO-F401RE\lib_stm\libLibraries.a(ucg_line.o)
 .debug_abbrev  0x000000000000169a      0x148 D:\Năm 3\STM32\app\SDK_1.0.3_NUCLEO-F401RE\lib_stm\libLibraries.a(ucg_pixel.o)
 .debug_abbrev  0x00000000000017e2       0x83 D:\Năm 3\STM32\app\SDK_1.0.3_NUCLEO-F401RE\lib_stm\libLibraries.a(ucg_pixel_font_data.o)
 .debug_abbrev  0x0000000000001865      0x1a3 D:\Năm 3\STM32\app\SDK_1.0.3_NUCLEO-F401RE\lib_stm\libLibraries.a(ucg_rotate.o)
 .debug_abbrev  0x0000000000001a08      0x12a D:\Năm 3\STM32\app\SDK_1.0.3_NUCLEO-F401RE\lib_stm\libLibraries.a(buff.o)
 .debug_abbrev  0x0000000000001b32       0xce D:\Năm 3\STM32\app\SDK_1.0.3_NUCLEO-F401RE\lib_stm\libLibraries.a(utilities.o)
 .debug_abbrev  0x0000000000001c00      0x1bf D:\Năm 3\STM32\app\SDK_1.0.3_NUCLEO-F401RE\lib_stm\libLibraries.a(stm32f401re_gpio.o)
 .debug_abbrev  0x0000000000001dbf      0x1d4 D:\Năm 3\STM32\app\SDK_1.0.3_NUCLEO-F401RE\lib_stm\libLibraries.a(stm32f401re_rcc.o)
 .debug_abbrev  0x0000000000001f93      0x173 D:\Năm 3\STM32\app\SDK_1.0.3_NUCLEO-F401RE\lib_stm\libLibraries.a(ucg_clip.o)
 .debug_abbrev  0x0000000000002106      0x1f2 D:\Năm 3\STM32\app\SDK_1.0.3_NUCLEO-F401RE\lib_stm\libLibraries.a(ucg_com_msg_api.o)

.debug_aranges  0x0000000000000000      0x8d8
 .debug_aranges
                0x0000000000000000       0x20 ./Src/main.o
 .debug_aranges
                0x0000000000000020       0x28 ./Startup/startup_stm32f401retx.o
 .debug_aranges
                0x0000000000000048       0x30 D:\Năm 3\STM32\app\SDK_1.0.3_NUCLEO-F401RE\lib_stm\libLibraries.a(system_stm32f4xx.o)
 .debug_aranges
                0x0000000000000078       0x70 D:\Năm 3\STM32\app\SDK_1.0.3_NUCLEO-F401RE\lib_stm\libLibraries.a(timer.o)
 .debug_aranges
                0x00000000000000e8       0x48 D:\Năm 3\STM32\app\SDK_1.0.3_NUCLEO-F401RE\lib_stm\libLibraries.a(Ucglib.o)
 .debug_aranges
                0x0000000000000130       0x48 D:\Năm 3\STM32\app\SDK_1.0.3_NUCLEO-F401RE\lib_stm\libLibraries.a(ucg_box.o)
 .debug_aranges
                0x0000000000000178       0x30 D:\Năm 3\STM32\app\SDK_1.0.3_NUCLEO-F401RE\lib_stm\libLibraries.a(ucg_ccs.o)
 .debug_aranges
                0x00000000000001a8       0x48 D:\Năm 3\STM32\app\SDK_1.0.3_NUCLEO-F401RE\lib_stm\libLibraries.a(ucg_dev_default_cb.o)
 .debug_aranges
                0x00000000000001f0       0x40 D:\Năm 3\STM32\app\SDK_1.0.3_NUCLEO-F401RE\lib_stm\libLibraries.a(ucg_dev_ic_st7735.o)
 .debug_aranges
                0x0000000000000230       0x60 D:\Năm 3\STM32\app\SDK_1.0.3_NUCLEO-F401RE\lib_stm\libLibraries.a(ucg_dev_msg_api.o)
 .debug_aranges
                0x0000000000000290       0x20 D:\Năm 3\STM32\app\SDK_1.0.3_NUCLEO-F401RE\lib_stm\libLibraries.a(ucg_dev_tft_128x128_st7735.o)
 .debug_aranges
                0x00000000000002b0      0x168 D:\Năm 3\STM32\app\SDK_1.0.3_NUCLEO-F401RE\lib_stm\libLibraries.a(ucg_font.o)
 .debug_aranges
                0x0000000000000418       0x28 D:\Năm 3\STM32\app\SDK_1.0.3_NUCLEO-F401RE\lib_stm\libLibraries.a(ucg_init.o)
 .debug_aranges
                0x0000000000000440       0x48 D:\Năm 3\STM32\app\SDK_1.0.3_NUCLEO-F401RE\lib_stm\libLibraries.a(ucg_line.o)
 .debug_aranges
                0x0000000000000488       0x28 D:\Năm 3\STM32\app\SDK_1.0.3_NUCLEO-F401RE\lib_stm\libLibraries.a(ucg_pixel.o)
 .debug_aranges
                0x00000000000004b0       0x18 D:\Năm 3\STM32\app\SDK_1.0.3_NUCLEO-F401RE\lib_stm\libLibraries.a(ucg_pixel_font_data.o)
 .debug_aranges
                0x00000000000004c8       0x68 D:\Năm 3\STM32\app\SDK_1.0.3_NUCLEO-F401RE\lib_stm\libLibraries.a(ucg_rotate.o)
 .debug_aranges
                0x0000000000000530       0x50 D:\Năm 3\STM32\app\SDK_1.0.3_NUCLEO-F401RE\lib_stm\libLibraries.a(buff.o)
 .debug_aranges
                0x0000000000000580       0x48 D:\Năm 3\STM32\app\SDK_1.0.3_NUCLEO-F401RE\lib_stm\libLibraries.a(utilities.o)
 .debug_aranges
                0x00000000000005c8       0x88 D:\Năm 3\STM32\app\SDK_1.0.3_NUCLEO-F401RE\lib_stm\libLibraries.a(stm32f401re_gpio.o)
 .debug_aranges
                0x0000000000000650      0x198 D:\Năm 3\STM32\app\SDK_1.0.3_NUCLEO-F401RE\lib_stm\libLibraries.a(stm32f401re_rcc.o)
 .debug_aranges
                0x00000000000007e8       0x50 D:\Năm 3\STM32\app\SDK_1.0.3_NUCLEO-F401RE\lib_stm\libLibraries.a(ucg_clip.o)
 .debug_aranges
                0x0000000000000838       0xa0 D:\Năm 3\STM32\app\SDK_1.0.3_NUCLEO-F401RE\lib_stm\libLibraries.a(ucg_com_msg_api.o)

.debug_rnglists
                0x0000000000000000       0x2d
 .debug_rnglists
                0x0000000000000000       0x14 ./Src/main.o
 .debug_rnglists
                0x0000000000000014       0x19 ./Startup/startup_stm32f401retx.o

.debug_macro    0x0000000000000000     0xda10
 .debug_macro   0x0000000000000000       0x98 ./Src/main.o
 .debug_macro   0x0000000000000098      0xab4 ./Src/main.o
 .debug_macro   0x0000000000000b4c       0x22 ./Src/main.o
 .debug_macro   0x0000000000000b6e       0x8e ./Src/main.o
 .debug_macro   0x0000000000000bfc       0x51 ./Src/main.o
 .debug_macro   0x0000000000000c4d      0x103 ./Src/main.o
 .debug_macro   0x0000000000000d50       0x6a ./Src/main.o
 .debug_macro   0x0000000000000dba      0x1df ./Src/main.o
 .debug_macro   0x0000000000000f99       0x22 ./Src/main.o
 .debug_macro   0x0000000000000fbb      0x174 ./Src/main.o
 .debug_macro   0x000000000000112f      0x301 ./Src/main.o
 .debug_macro   0x0000000000001430       0xce D:\Năm 3\STM32\app\SDK_1.0.3_NUCLEO-F401RE\lib_stm\libLibraries.a(system_stm32f4xx.o)
 .debug_macro   0x00000000000014fe      0xa66 D:\Năm 3\STM32\app\SDK_1.0.3_NUCLEO-F401RE\lib_stm\libLibraries.a(system_stm32f4xx.o)
 .debug_macro   0x0000000000001f64       0x6b D:\Năm 3\STM32\app\SDK_1.0.3_NUCLEO-F401RE\lib_stm\libLibraries.a(system_stm32f4xx.o)
 .debug_macro   0x0000000000001fcf       0x3b D:\Năm 3\STM32\app\SDK_1.0.3_NUCLEO-F401RE\lib_stm\libLibraries.a(system_stm32f4xx.o)
 .debug_macro   0x000000000000200a       0x22 D:\Năm 3\STM32\app\SDK_1.0.3_NUCLEO-F401RE\lib_stm\libLibraries.a(system_stm32f4xx.o)
 .debug_macro   0x000000000000202c       0x8e D:\Năm 3\STM32\app\SDK_1.0.3_NUCLEO-F401RE\lib_stm\libLibraries.a(system_stm32f4xx.o)
 .debug_macro   0x00000000000020ba       0xef D:\Năm 3\STM32\app\SDK_1.0.3_NUCLEO-F401RE\lib_stm\libLibraries.a(system_stm32f4xx.o)
 .debug_macro   0x00000000000021a9       0x34 D:\Năm 3\STM32\app\SDK_1.0.3_NUCLEO-F401RE\lib_stm\libLibraries.a(system_stm32f4xx.o)
 .debug_macro   0x00000000000021dd       0x26 D:\Năm 3\STM32\app\SDK_1.0.3_NUCLEO-F401RE\lib_stm\libLibraries.a(system_stm32f4xx.o)
 .debug_macro   0x0000000000002203      0xe43 D:\Năm 3\STM32\app\SDK_1.0.3_NUCLEO-F401RE\lib_stm\libLibraries.a(system_stm32f4xx.o)
 .debug_macro   0x0000000000003046     0x8018 D:\Năm 3\STM32\app\SDK_1.0.3_NUCLEO-F401RE\lib_stm\libLibraries.a(system_stm32f4xx.o)
 .debug_macro   0x000000000000b05e       0xe3 D:\Năm 3\STM32\app\SDK_1.0.3_NUCLEO-F401RE\lib_stm\libLibraries.a(timer.o)
 .debug_macro   0x000000000000b141       0x1c D:\Năm 3\STM32\app\SDK_1.0.3_NUCLEO-F401RE\lib_stm\libLibraries.a(timer.o)
 .debug_macro   0x000000000000b15d      0x644 D:\Năm 3\STM32\app\SDK_1.0.3_NUCLEO-F401RE\lib_stm\libLibraries.a(timer.o)
 .debug_macro   0x000000000000b7a1       0x16 D:\Năm 3\STM32\app\SDK_1.0.3_NUCLEO-F401RE\lib_stm\libLibraries.a(timer.o)
 .debug_macro   0x000000000000b7b7      0x141 D:\Năm 3\STM32\app\SDK_1.0.3_NUCLEO-F401RE\lib_stm\libLibraries.a(Ucglib.o)
 .debug_macro   0x000000000000b8f8      0x174 D:\Năm 3\STM32\app\SDK_1.0.3_NUCLEO-F401RE\lib_stm\libLibraries.a(Ucglib.o)
 .debug_macro   0x000000000000ba6c      0x2f4 D:\Năm 3\STM32\app\SDK_1.0.3_NUCLEO-F401RE\lib_stm\libLibraries.a(Ucglib.o)
 .debug_macro   0x000000000000bd60       0x84 D:\Năm 3\STM32\app\SDK_1.0.3_NUCLEO-F401RE\lib_stm\libLibraries.a(ucg_box.o)
 .debug_macro   0x000000000000bde4       0x84 D:\Năm 3\STM32\app\SDK_1.0.3_NUCLEO-F401RE\lib_stm\libLibraries.a(ucg_ccs.o)
 .debug_macro   0x000000000000be68       0x84 D:\Năm 3\STM32\app\SDK_1.0.3_NUCLEO-F401RE\lib_stm\libLibraries.a(ucg_dev_default_cb.o)
 .debug_macro   0x000000000000beec       0x84 D:\Năm 3\STM32\app\SDK_1.0.3_NUCLEO-F401RE\lib_stm\libLibraries.a(ucg_dev_ic_st7735.o)
 .debug_macro   0x000000000000bf70       0x88 D:\Năm 3\STM32\app\SDK_1.0.3_NUCLEO-F401RE\lib_stm\libLibraries.a(ucg_dev_msg_api.o)
 .debug_macro   0x000000000000bff8       0x84 D:\Năm 3\STM32\app\SDK_1.0.3_NUCLEO-F401RE\lib_stm\libLibraries.a(ucg_dev_tft_128x128_st7735.o)
 .debug_macro   0x000000000000c07c      0x15a D:\Năm 3\STM32\app\SDK_1.0.3_NUCLEO-F401RE\lib_stm\libLibraries.a(ucg_font.o)
 .debug_macro   0x000000000000c1d6       0x1c D:\Năm 3\STM32\app\SDK_1.0.3_NUCLEO-F401RE\lib_stm\libLibraries.a(ucg_font.o)
 .debug_macro   0x000000000000c1f2       0x46 D:\Năm 3\STM32\app\SDK_1.0.3_NUCLEO-F401RE\lib_stm\libLibraries.a(ucg_font.o)
 .debug_macro   0x000000000000c238       0x18 D:\Năm 3\STM32\app\SDK_1.0.3_NUCLEO-F401RE\lib_stm\libLibraries.a(ucg_font.o)
 .debug_macro   0x000000000000c250       0x3c D:\Năm 3\STM32\app\SDK_1.0.3_NUCLEO-F401RE\lib_stm\libLibraries.a(ucg_font.o)
 .debug_macro   0x000000000000c28c       0x52 D:\Năm 3\STM32\app\SDK_1.0.3_NUCLEO-F401RE\lib_stm\libLibraries.a(ucg_font.o)
 .debug_macro   0x000000000000c2de       0x1f D:\Năm 3\STM32\app\SDK_1.0.3_NUCLEO-F401RE\lib_stm\libLibraries.a(ucg_font.o)
 .debug_macro   0x000000000000c2fd       0x43 D:\Năm 3\STM32\app\SDK_1.0.3_NUCLEO-F401RE\lib_stm\libLibraries.a(ucg_font.o)
 .debug_macro   0x000000000000c340       0x20 D:\Năm 3\STM32\app\SDK_1.0.3_NUCLEO-F401RE\lib_stm\libLibraries.a(ucg_font.o)
 .debug_macro   0x000000000000c360      0x1a3 D:\Năm 3\STM32\app\SDK_1.0.3_NUCLEO-F401RE\lib_stm\libLibraries.a(ucg_font.o)
 .debug_macro   0x000000000000c503      0x330 D:\Năm 3\STM32\app\SDK_1.0.3_NUCLEO-F401RE\lib_stm\libLibraries.a(ucg_font.o)
 .debug_macro   0x000000000000c833       0x10 D:\Năm 3\STM32\app\SDK_1.0.3_NUCLEO-F401RE\lib_stm\libLibraries.a(ucg_font.o)
 .debug_macro   0x000000000000c843       0x35 D:\Năm 3\STM32\app\SDK_1.0.3_NUCLEO-F401RE\lib_stm\libLibraries.a(ucg_font.o)
 .debug_macro   0x000000000000c878       0x20 D:\Năm 3\STM32\app\SDK_1.0.3_NUCLEO-F401RE\lib_stm\libLibraries.a(ucg_font.o)
 .debug_macro   0x000000000000c898      0x145 D:\Năm 3\STM32\app\SDK_1.0.3_NUCLEO-F401RE\lib_stm\libLibraries.a(ucg_init.o)
 .debug_macro   0x000000000000c9dd       0x84 D:\Năm 3\STM32\app\SDK_1.0.3_NUCLEO-F401RE\lib_stm\libLibraries.a(ucg_line.o)
 .debug_macro   0x000000000000ca61       0x84 D:\Năm 3\STM32\app\SDK_1.0.3_NUCLEO-F401RE\lib_stm\libLibraries.a(ucg_pixel.o)
 .debug_macro   0x000000000000cae5       0x84 D:\Năm 3\STM32\app\SDK_1.0.3_NUCLEO-F401RE\lib_stm\libLibraries.a(ucg_pixel_font_data.o)
 .debug_macro   0x000000000000cb69       0xbd D:\Năm 3\STM32\app\SDK_1.0.3_NUCLEO-F401RE\lib_stm\libLibraries.a(ucg_rotate.o)
 .debug_macro   0x000000000000cc26       0xc2 D:\Năm 3\STM32\app\SDK_1.0.3_NUCLEO-F401RE\lib_stm\libLibraries.a(buff.o)
 .debug_macro   0x000000000000cce8       0x16 D:\Năm 3\STM32\app\SDK_1.0.3_NUCLEO-F401RE\lib_stm\libLibraries.a(buff.o)
 .debug_macro   0x000000000000ccfe       0x72 D:\Năm 3\STM32\app\SDK_1.0.3_NUCLEO-F401RE\lib_stm\libLibraries.a(utilities.o)
 .debug_macro   0x000000000000cd70       0x10 D:\Năm 3\STM32\app\SDK_1.0.3_NUCLEO-F401RE\lib_stm\libLibraries.a(utilities.o)
 .debug_macro   0x000000000000cd80       0xc3 D:\Năm 3\STM32\app\SDK_1.0.3_NUCLEO-F401RE\lib_stm\libLibraries.a(stm32f401re_gpio.o)
 .debug_macro   0x000000000000ce43      0x2ee D:\Năm 3\STM32\app\SDK_1.0.3_NUCLEO-F401RE\lib_stm\libLibraries.a(stm32f401re_gpio.o)
 .debug_macro   0x000000000000d131      0x64a D:\Năm 3\STM32\app\SDK_1.0.3_NUCLEO-F401RE\lib_stm\libLibraries.a(stm32f401re_gpio.o)
 .debug_macro   0x000000000000d77b      0x18d D:\Năm 3\STM32\app\SDK_1.0.3_NUCLEO-F401RE\lib_stm\libLibraries.a(stm32f401re_rcc.o)
 .debug_macro   0x000000000000d908       0x84 D:\Năm 3\STM32\app\SDK_1.0.3_NUCLEO-F401RE\lib_stm\libLibraries.a(ucg_clip.o)
 .debug_macro   0x000000000000d98c       0x84 D:\Năm 3\STM32\app\SDK_1.0.3_NUCLEO-F401RE\lib_stm\libLibraries.a(ucg_com_msg_api.o)

.debug_line     0x0000000000000000     0x7668
 .debug_line    0x0000000000000000      0x524 ./Src/main.o
 .debug_line    0x0000000000000524       0x7b ./Startup/startup_stm32f401retx.o
 .debug_line    0x000000000000059f      0x4a0 D:\Năm 3\STM32\app\SDK_1.0.3_NUCLEO-F401RE\lib_stm\libLibraries.a(system_stm32f4xx.o)
 .debug_line    0x0000000000000a3f      0x684 D:\Năm 3\STM32\app\SDK_1.0.3_NUCLEO-F401RE\lib_stm\libLibraries.a(timer.o)
 .debug_line    0x00000000000010c3      0x5cd D:\Năm 3\STM32\app\SDK_1.0.3_NUCLEO-F401RE\lib_stm\libLibraries.a(Ucglib.o)
 .debug_line    0x0000000000001690      0x4c6 D:\Năm 3\STM32\app\SDK_1.0.3_NUCLEO-F401RE\lib_stm\libLibraries.a(ucg_box.o)
 .debug_line    0x0000000000001b56      0x420 D:\Năm 3\STM32\app\SDK_1.0.3_NUCLEO-F401RE\lib_stm\libLibraries.a(ucg_ccs.o)
 .debug_line    0x0000000000001f76      0x521 D:\Năm 3\STM32\app\SDK_1.0.3_NUCLEO-F401RE\lib_stm\libLibraries.a(ucg_dev_default_cb.o)
 .debug_line    0x0000000000002497      0x512 D:\Năm 3\STM32\app\SDK_1.0.3_NUCLEO-F401RE\lib_stm\libLibraries.a(ucg_dev_ic_st7735.o)
 .debug_line    0x00000000000029a9      0x48a D:\Năm 3\STM32\app\SDK_1.0.3_NUCLEO-F401RE\lib_stm\libLibraries.a(ucg_dev_msg_api.o)
 .debug_line    0x0000000000002e33      0x403 D:\Năm 3\STM32\app\SDK_1.0.3_NUCLEO-F401RE\lib_stm\libLibraries.a(ucg_dev_tft_128x128_st7735.o)
 .debug_line    0x0000000000003236      0x971 D:\Năm 3\STM32\app\SDK_1.0.3_NUCLEO-F401RE\lib_stm\libLibraries.a(ucg_font.o)
 .debug_line    0x0000000000003ba7      0x55c D:\Năm 3\STM32\app\SDK_1.0.3_NUCLEO-F401RE\lib_stm\libLibraries.a(ucg_init.o)
 .debug_line    0x0000000000004103      0x498 D:\Năm 3\STM32\app\SDK_1.0.3_NUCLEO-F401RE\lib_stm\libLibraries.a(ucg_line.o)
 .debug_line    0x000000000000459b      0x400 D:\Năm 3\STM32\app\SDK_1.0.3_NUCLEO-F401RE\lib_stm\libLibraries.a(ucg_pixel.o)
 .debug_line    0x000000000000499b      0x3e1 D:\Năm 3\STM32\app\SDK_1.0.3_NUCLEO-F401RE\lib_stm\libLibraries.a(ucg_pixel_font_data.o)
 .debug_line    0x0000000000004d7c      0x5d4 D:\Năm 3\STM32\app\SDK_1.0.3_NUCLEO-F401RE\lib_stm\libLibraries.a(ucg_rotate.o)
 .debug_line    0x0000000000005350      0x532 D:\Năm 3\STM32\app\SDK_1.0.3_NUCLEO-F401RE\lib_stm\libLibraries.a(buff.o)
 .debug_line    0x0000000000005882      0x46f D:\Năm 3\STM32\app\SDK_1.0.3_NUCLEO-F401RE\lib_stm\libLibraries.a(utilities.o)
 .debug_line    0x0000000000005cf1      0x65e D:\Năm 3\STM32\app\SDK_1.0.3_NUCLEO-F401RE\lib_stm\libLibraries.a(stm32f401re_gpio.o)
 .debug_line    0x000000000000634f      0x8d2 D:\Năm 3\STM32\app\SDK_1.0.3_NUCLEO-F401RE\lib_stm\libLibraries.a(stm32f401re_rcc.o)
 .debug_line    0x0000000000006c21      0x4c1 D:\Năm 3\STM32\app\SDK_1.0.3_NUCLEO-F401RE\lib_stm\libLibraries.a(ucg_clip.o)
 .debug_line    0x00000000000070e2      0x586 D:\Năm 3\STM32\app\SDK_1.0.3_NUCLEO-F401RE\lib_stm\libLibraries.a(ucg_com_msg_api.o)

.debug_str      0x0000000000000000    0x45d63
 .debug_str     0x0000000000000000     0x5832 ./Src/main.o
                                       0x5aed (size before relaxing)
 .debug_str     0x0000000000005832       0x2f ./Startup/startup_stm32f401retx.o
                                         0x4e (size before relaxing)
 .debug_str     0x0000000000005861    0x3206c D:\Năm 3\STM32\app\SDK_1.0.3_NUCLEO-F401RE\lib_stm\libLibraries.a(system_stm32f4xx.o)
                                      0x3583e (size before relaxing)
 .debug_str     0x00000000000378cd     0x3d56 D:\Năm 3\STM32\app\SDK_1.0.3_NUCLEO-F401RE\lib_stm\libLibraries.a(timer.o)
                                      0x39451 (size before relaxing)
 .debug_str     0x000000000003b623     0x5baf D:\Năm 3\STM32\app\SDK_1.0.3_NUCLEO-F401RE\lib_stm\libLibraries.a(Ucglib.o)
                                      0x4067c (size before relaxing)
 .debug_str     0x00000000000411d2       0x76 D:\Năm 3\STM32\app\SDK_1.0.3_NUCLEO-F401RE\lib_stm\libLibraries.a(ucg_box.o)
                                       0x9c13 (size before relaxing)
 .debug_str     0x0000000000041248       0x48 D:\Năm 3\STM32\app\SDK_1.0.3_NUCLEO-F401RE\lib_stm\libLibraries.a(ucg_ccs.o)
                                       0x97ef (size before relaxing)
 .debug_str     0x0000000000041290       0xaf D:\Năm 3\STM32\app\SDK_1.0.3_NUCLEO-F401RE\lib_stm\libLibraries.a(ucg_dev_default_cb.o)
                                       0x9c41 (size before relaxing)
 .debug_str     0x000000000004133f      0x135 D:\Năm 3\STM32\app\SDK_1.0.3_NUCLEO-F401RE\lib_stm\libLibraries.a(ucg_dev_ic_st7735.o)
                                       0x9ce5 (size before relaxing)
 .debug_str     0x0000000000041474       0xce D:\Năm 3\STM32\app\SDK_1.0.3_NUCLEO-F401RE\lib_stm\libLibraries.a(ucg_dev_msg_api.o)
                                       0x9c5b (size before relaxing)
 .debug_str     0x0000000000041542       0x68 D:\Năm 3\STM32\app\SDK_1.0.3_NUCLEO-F401RE\lib_stm\libLibraries.a(ucg_dev_tft_128x128_st7735.o)
                                       0x9c0a (size before relaxing)
 .debug_str     0x00000000000415aa     0x3422 D:\Năm 3\STM32\app\SDK_1.0.3_NUCLEO-F401RE\lib_stm\libLibraries.a(ucg_font.o)
                                       0xd07e (size before relaxing)
 .debug_str     0x00000000000449cc       0x35 D:\Năm 3\STM32\app\SDK_1.0.3_NUCLEO-F401RE\lib_stm\libLibraries.a(ucg_init.o)
                                       0xcb75 (size before relaxing)
 .debug_str     0x0000000000044a01       0x8d D:\Năm 3\STM32\app\SDK_1.0.3_NUCLEO-F401RE\lib_stm\libLibraries.a(ucg_line.o)
                                       0x9c1a (size before relaxing)
 .debug_str     0x0000000000044a8e       0x2b D:\Năm 3\STM32\app\SDK_1.0.3_NUCLEO-F401RE\lib_stm\libLibraries.a(ucg_pixel.o)
                                       0x9bc5 (size before relaxing)
 .debug_str     0x0000000000044ab9       0x27 D:\Năm 3\STM32\app\SDK_1.0.3_NUCLEO-F401RE\lib_stm\libLibraries.a(ucg_pixel_font_data.o)
                                       0x9785 (size before relaxing)
 .debug_str     0x0000000000044ae0      0x152 D:\Năm 3\STM32\app\SDK_1.0.3_NUCLEO-F401RE\lib_stm\libLibraries.a(ucg_rotate.o)
                                       0x9fb3 (size before relaxing)
 .debug_str     0x0000000000044c32       0x9f D:\Năm 3\STM32\app\SDK_1.0.3_NUCLEO-F401RE\lib_stm\libLibraries.a(buff.o)
                                      0x35751 (size before relaxing)
 .debug_str     0x0000000000044cd1       0xb8 D:\Năm 3\STM32\app\SDK_1.0.3_NUCLEO-F401RE\lib_stm\libLibraries.a(utilities.o)
                                       0x3d14 (size before relaxing)
 .debug_str     0x0000000000044d89      0x19d D:\Năm 3\STM32\app\SDK_1.0.3_NUCLEO-F401RE\lib_stm\libLibraries.a(stm32f401re_gpio.o)
                                      0x3a690 (size before relaxing)
 .debug_str     0x0000000000044f26      0xb83 D:\Năm 3\STM32\app\SDK_1.0.3_NUCLEO-F401RE\lib_stm\libLibraries.a(stm32f401re_rcc.o)
                                      0x39aa1 (size before relaxing)
 .debug_str     0x0000000000045aa9       0xa5 D:\Năm 3\STM32\app\SDK_1.0.3_NUCLEO-F401RE\lib_stm\libLibraries.a(ucg_clip.o)
                                       0x9c32 (size before relaxing)
 .debug_str     0x0000000000045b4e      0x215 D:\Năm 3\STM32\app\SDK_1.0.3_NUCLEO-F401RE\lib_stm\libLibraries.a(ucg_com_msg_api.o)
                                       0x9ddf (size before relaxing)

.debug_frame    0x0000000000000000     0x2130
 .debug_frame   0x0000000000000000       0x30 ./Src/main.o
 .debug_frame   0x0000000000000030       0x74 D:\Năm 3\STM32\app\SDK_1.0.3_NUCLEO-F401RE\lib_stm\libLibraries.a(system_stm32f4xx.o)
 .debug_frame   0x00000000000000a4      0x1a8 D:\Năm 3\STM32\app\SDK_1.0.3_NUCLEO-F401RE\lib_stm\libLibraries.a(timer.o)
 .debug_frame   0x000000000000024c       0xec D:\Năm 3\STM32\app\SDK_1.0.3_NUCLEO-F401RE\lib_stm\libLibraries.a(Ucglib.o)
 .debug_frame   0x0000000000000338       0xf0 D:\Năm 3\STM32\app\SDK_1.0.3_NUCLEO-F401RE\lib_stm\libLibraries.a(ucg_box.o)
 .debug_frame   0x0000000000000428       0x88 D:\Năm 3\STM32\app\SDK_1.0.3_NUCLEO-F401RE\lib_stm\libLibraries.a(ucg_ccs.o)
 .debug_frame   0x00000000000004b0       0xec D:\Năm 3\STM32\app\SDK_1.0.3_NUCLEO-F401RE\lib_stm\libLibraries.a(ucg_dev_default_cb.o)
 .debug_frame   0x000000000000059c       0xd0 D:\Năm 3\STM32\app\SDK_1.0.3_NUCLEO-F401RE\lib_stm\libLibraries.a(ucg_dev_ic_st7735.o)
 .debug_frame   0x000000000000066c      0x154 D:\Năm 3\STM32\app\SDK_1.0.3_NUCLEO-F401RE\lib_stm\libLibraries.a(ucg_dev_msg_api.o)
 .debug_frame   0x00000000000007c0       0x34 D:\Năm 3\STM32\app\SDK_1.0.3_NUCLEO-F401RE\lib_stm\libLibraries.a(ucg_dev_tft_128x128_st7735.o)
 .debug_frame   0x00000000000007f4      0x664 D:\Năm 3\STM32\app\SDK_1.0.3_NUCLEO-F401RE\lib_stm\libLibraries.a(ucg_font.o)
 .debug_frame   0x0000000000000e58       0x5c D:\Năm 3\STM32\app\SDK_1.0.3_NUCLEO-F401RE\lib_stm\libLibraries.a(ucg_init.o)
 .debug_frame   0x0000000000000eb4       0xe8 D:\Năm 3\STM32\app\SDK_1.0.3_NUCLEO-F401RE\lib_stm\libLibraries.a(ucg_line.o)
 .debug_frame   0x0000000000000f9c       0x5c D:\Năm 3\STM32\app\SDK_1.0.3_NUCLEO-F401RE\lib_stm\libLibraries.a(ucg_pixel.o)
 .debug_frame   0x0000000000000ff8      0x184 D:\Năm 3\STM32\app\SDK_1.0.3_NUCLEO-F401RE\lib_stm\libLibraries.a(ucg_rotate.o)
 .debug_frame   0x000000000000117c      0x118 D:\Năm 3\STM32\app\SDK_1.0.3_NUCLEO-F401RE\lib_stm\libLibraries.a(buff.o)
 .debug_frame   0x0000000000001294      0x100 D:\Năm 3\STM32\app\SDK_1.0.3_NUCLEO-F401RE\lib_stm\libLibraries.a(utilities.o)
 .debug_frame   0x0000000000001394      0x23c D:\Năm 3\STM32\app\SDK_1.0.3_NUCLEO-F401RE\lib_stm\libLibraries.a(stm32f401re_gpio.o)
 .debug_frame   0x00000000000015d0      0x774 D:\Năm 3\STM32\app\SDK_1.0.3_NUCLEO-F401RE\lib_stm\libLibraries.a(stm32f401re_rcc.o)
 .debug_frame   0x0000000000001d44      0x11c D:\Năm 3\STM32\app\SDK_1.0.3_NUCLEO-F401RE\lib_stm\libLibraries.a(ucg_clip.o)
 .debug_frame   0x0000000000001e60      0x2a4 D:\Năm 3\STM32\app\SDK_1.0.3_NUCLEO-F401RE\lib_stm\libLibraries.a(ucg_com_msg_api.o)
 .debug_frame   0x0000000000002104       0x2c C:/ST/STM32CubeIDE_1.14.0/STM32CubeIDE/plugins/com.st.stm32cube.ide.mcu.externaltools.gnu-tools-for-stm32.11.3.rel1.win32_1.1.100.202309141235/tools/bin/../lib/gcc/arm-none-eabi/11.3.1/../../../../arm-none-eabi/lib/thumb/v7e-m+fp/hard\libc_nano.a(libc_a-init.o)

.debug_line_str
                0x0000000000000000       0x42
 .debug_line_str
                0x0000000000000000       0x42 ./Startup/startup_stm32f401retx.o
                                         0x5a (size before relaxing)

.debug_ranges   0x0000000000000000      0x738
 .debug_ranges  0x0000000000000000       0x20 D:\Năm 3\STM32\app\SDK_1.0.3_NUCLEO-F401RE\lib_stm\libLibraries.a(system_stm32f4xx.o)
 .debug_ranges  0x0000000000000020       0x60 D:\Năm 3\STM32\app\SDK_1.0.3_NUCLEO-F401RE\lib_stm\libLibraries.a(timer.o)
 .debug_ranges  0x0000000000000080       0x38 D:\Năm 3\STM32\app\SDK_1.0.3_NUCLEO-F401RE\lib_stm\libLibraries.a(Ucglib.o)
 .debug_ranges  0x00000000000000b8       0x38 D:\Năm 3\STM32\app\SDK_1.0.3_NUCLEO-F401RE\lib_stm\libLibraries.a(ucg_box.o)
 .debug_ranges  0x00000000000000f0       0x20 D:\Năm 3\STM32\app\SDK_1.0.3_NUCLEO-F401RE\lib_stm\libLibraries.a(ucg_ccs.o)
 .debug_ranges  0x0000000000000110       0x38 D:\Năm 3\STM32\app\SDK_1.0.3_NUCLEO-F401RE\lib_stm\libLibraries.a(ucg_dev_default_cb.o)
 .debug_ranges  0x0000000000000148       0x30 D:\Năm 3\STM32\app\SDK_1.0.3_NUCLEO-F401RE\lib_stm\libLibraries.a(ucg_dev_ic_st7735.o)
 .debug_ranges  0x0000000000000178       0x50 D:\Năm 3\STM32\app\SDK_1.0.3_NUCLEO-F401RE\lib_stm\libLibraries.a(ucg_dev_msg_api.o)
 .debug_ranges  0x00000000000001c8       0x10 D:\Năm 3\STM32\app\SDK_1.0.3_NUCLEO-F401RE\lib_stm\libLibraries.a(ucg_dev_tft_128x128_st7735.o)
 .debug_ranges  0x00000000000001d8      0x158 D:\Năm 3\STM32\app\SDK_1.0.3_NUCLEO-F401RE\lib_stm\libLibraries.a(ucg_font.o)
 .debug_ranges  0x0000000000000330       0x18 D:\Năm 3\STM32\app\SDK_1.0.3_NUCLEO-F401RE\lib_stm\libLibraries.a(ucg_init.o)
 .debug_ranges  0x0000000000000348       0x38 D:\Năm 3\STM32\app\SDK_1.0.3_NUCLEO-F401RE\lib_stm\libLibraries.a(ucg_line.o)
 .debug_ranges  0x0000000000000380       0x18 D:\Năm 3\STM32\app\SDK_1.0.3_NUCLEO-F401RE\lib_stm\libLibraries.a(ucg_pixel.o)
 .debug_ranges  0x0000000000000398       0x58 D:\Năm 3\STM32\app\SDK_1.0.3_NUCLEO-F401RE\lib_stm\libLibraries.a(ucg_rotate.o)
 .debug_ranges  0x00000000000003f0       0x40 D:\Năm 3\STM32\app\SDK_1.0.3_NUCLEO-F401RE\lib_stm\libLibraries.a(buff.o)
 .debug_ranges  0x0000000000000430       0x38 D:\Năm 3\STM32\app\SDK_1.0.3_NUCLEO-F401RE\lib_stm\libLibraries.a(utilities.o)
 .debug_ranges  0x0000000000000468       0x78 D:\Năm 3\STM32\app\SDK_1.0.3_NUCLEO-F401RE\lib_stm\libLibraries.a(stm32f401re_gpio.o)
 .debug_ranges  0x00000000000004e0      0x188 D:\Năm 3\STM32\app\SDK_1.0.3_NUCLEO-F401RE\lib_stm\libLibraries.a(stm32f401re_rcc.o)
 .debug_ranges  0x0000000000000668       0x40 D:\Năm 3\STM32\app\SDK_1.0.3_NUCLEO-F401RE\lib_stm\libLibraries.a(ucg_clip.o)
 .debug_ranges  0x00000000000006a8       0x90 D:\Năm 3\STM32\app\SDK_1.0.3_NUCLEO-F401RE\lib_stm\libLibraries.a(ucg_com_msg_api.o)
