Archive member included to satisfy reference by file (symbol)

D:\Năm 3\STM32\app\SDK_1.0.3_NUCLEO-F401RE\lib_stm\libLibraries.a(system_stm32f4xx.o)
                              ./Src/main.o (SystemCoreClockUpdate)
D:\Năm 3\STM32\app\SDK_1.0.3_NUCLEO-F401RE\lib_stm\libLibraries.a(stm32f401re_adc.o)
                              ./Src/main.o (ADC_DeInit)
D:\Năm 3\STM32\app\SDK_1.0.3_NUCLEO-F401RE\lib_stm\libLibraries.a(stm32f401re_i2c.o)
                              ./Src/main.o (I2C_Init)
D:\Năm 3\STM32\app\SDK_1.0.3_NUCLEO-F401RE\lib_stm\libLibraries.a(stm32f401re_tim.o)
                              ./Src/main.o (TIM_TimeBaseInit)
D:\Năm 3\STM32\app\SDK_1.0.3_NUCLEO-F401RE\lib_stm\libLibraries.a(timer.o)
                              ./Src/main.o (TimerInit)
D:\Năm 3\STM32\app\SDK_1.0.3_NUCLEO-F401RE\lib_stm\libLibraries.a(temhumsensor.o)
                              ./Src/main.o (TemHumSensor_Init)
D:\Năm 3\STM32\app\SDK_1.0.3_NUCLEO-F401RE\lib_stm\libLibraries.a(serial.o)
                              D:\Năm 3\STM32\app\SDK_1.0.3_NUCLEO-F401RE\lib_stm\libLibraries.a(temhumsensor.o) (Serial_SendPacket)
D:\Năm 3\STM32\app\SDK_1.0.3_NUCLEO-F401RE\lib_stm\libLibraries.a(Ucglib.o)
                              ./Src/main.o (Ucglib4WireSWSPI_begin)
D:\Năm 3\STM32\app\SDK_1.0.3_NUCLEO-F401RE\lib_stm\libLibraries.a(ucg_box.o)
                              ./Src/main.o (ucg_ClearScreen)
D:\Năm 3\STM32\app\SDK_1.0.3_NUCLEO-F401RE\lib_stm\libLibraries.a(ucg_ccs.o)
                              D:\Năm 3\STM32\app\SDK_1.0.3_NUCLEO-F401RE\lib_stm\libLibraries.a(ucg_box.o) (ucg_ccs_init)
D:\Năm 3\STM32\app\SDK_1.0.3_NUCLEO-F401RE\lib_stm\libLibraries.a(ucg_circle.o)
                              D:\Năm 3\STM32\app\SDK_1.0.3_NUCLEO-F401RE\lib_stm\libLibraries.a(ucg_box.o) (ucg_DrawCircle)
D:\Năm 3\STM32\app\SDK_1.0.3_NUCLEO-F401RE\lib_stm\libLibraries.a(ucg_dev_default_cb.o)
                              D:\Năm 3\STM32\app\SDK_1.0.3_NUCLEO-F401RE\lib_stm\libLibraries.a(Ucglib.o) (ucg_dev_default_cb)
D:\Năm 3\STM32\app\SDK_1.0.3_NUCLEO-F401RE\lib_stm\libLibraries.a(ucg_dev_ic_st7735.o)
                              D:\Năm 3\STM32\app\SDK_1.0.3_NUCLEO-F401RE\lib_stm\libLibraries.a(Ucglib.o) (ucg_ext_st7735_18)
D:\Năm 3\STM32\app\SDK_1.0.3_NUCLEO-F401RE\lib_stm\libLibraries.a(ucg_dev_msg_api.o)
                              D:\Năm 3\STM32\app\SDK_1.0.3_NUCLEO-F401RE\lib_stm\libLibraries.a(ucg_box.o) (ucg_SetMaxClipRange)
D:\Năm 3\STM32\app\SDK_1.0.3_NUCLEO-F401RE\lib_stm\libLibraries.a(ucg_dev_tft_128x128_st7735.o)
                              D:\Năm 3\STM32\app\SDK_1.0.3_NUCLEO-F401RE\lib_stm\libLibraries.a(Ucglib.o) (ucg_dev_st7735_18x128x128)
D:\Năm 3\STM32\app\SDK_1.0.3_NUCLEO-F401RE\lib_stm\libLibraries.a(ucg_font.o)
                              D:\Năm 3\STM32\app\SDK_1.0.3_NUCLEO-F401RE\lib_stm\libLibraries.a(Ucglib.o) (ucg_SetFontMode)
D:\Năm 3\STM32\app\SDK_1.0.3_NUCLEO-F401RE\lib_stm\libLibraries.a(ucg_init.o)
                              D:\Năm 3\STM32\app\SDK_1.0.3_NUCLEO-F401RE\lib_stm\libLibraries.a(Ucglib.o) (ucg_Init)
D:\Năm 3\STM32\app\SDK_1.0.3_NUCLEO-F401RE\lib_stm\libLibraries.a(ucg_line.o)
                              D:\Năm 3\STM32\app\SDK_1.0.3_NUCLEO-F401RE\lib_stm\libLibraries.a(ucg_font.o) (ucg_Draw90Line)
D:\Năm 3\STM32\app\SDK_1.0.3_NUCLEO-F401RE\lib_stm\libLibraries.a(ucg_pixel.o)
                              ./Src/main.o (ucg_SetColor)
D:\Năm 3\STM32\app\SDK_1.0.3_NUCLEO-F401RE\lib_stm\libLibraries.a(ucg_pixel_font_data.o)
                              ./Src/main.o (ucg_font_ncenR10_hf)
D:\Năm 3\STM32\app\SDK_1.0.3_NUCLEO-F401RE\lib_stm\libLibraries.a(ucg_rotate.o)
                              ./Src/main.o (ucg_SetRotate180)
D:\Năm 3\STM32\app\SDK_1.0.3_NUCLEO-F401RE\lib_stm\libLibraries.a(buff.o)
                              D:\Năm 3\STM32\app\SDK_1.0.3_NUCLEO-F401RE\lib_stm\libLibraries.a(serial.o) (bufInit)
D:\Năm 3\STM32\app\SDK_1.0.3_NUCLEO-F401RE\lib_stm\libLibraries.a(utilities.o)
                              D:\Năm 3\STM32\app\SDK_1.0.3_NUCLEO-F401RE\lib_stm\libLibraries.a(timer.o) (memsetl)
D:\Năm 3\STM32\app\SDK_1.0.3_NUCLEO-F401RE\lib_stm\libLibraries.a(misc.o)
                              D:\Năm 3\STM32\app\SDK_1.0.3_NUCLEO-F401RE\lib_stm\libLibraries.a(serial.o) (NVIC_PriorityGroupConfig)
D:\Năm 3\STM32\app\SDK_1.0.3_NUCLEO-F401RE\lib_stm\libLibraries.a(stm32f401re_usart.o)
                              D:\Năm 3\STM32\app\SDK_1.0.3_NUCLEO-F401RE\lib_stm\libLibraries.a(serial.o) (USART_Init)
D:\Năm 3\STM32\app\SDK_1.0.3_NUCLEO-F401RE\lib_stm\libLibraries.a(ucg_clip.o)
                              D:\Năm 3\STM32\app\SDK_1.0.3_NUCLEO-F401RE\lib_stm\libLibraries.a(ucg_dev_ic_st7735.o) (ucg_clip_is_pixel_visible)
D:\Năm 3\STM32\app\SDK_1.0.3_NUCLEO-F401RE\lib_stm\libLibraries.a(ucg_com_msg_api.o)
                              D:\Năm 3\STM32\app\SDK_1.0.3_NUCLEO-F401RE\lib_stm\libLibraries.a(ucg_dev_ic_st7735.o) (ucg_com_PowerUp)
[...]
Memory Configuration

Name             Origin             Length             Attributes
RAM              0x0000000020000000 0x0000000000018000 xrw
FLASH            0x0000000008000000 0x0000000000080000 xr
*default*        0x0000000000000000 0xffffffffffffffff

Linker script and memory map

LOAD C:/ST/STM32CubeIDE_1.14.0/STM32CubeIDE/plugins/com.st.stm32cube.ide.mcu.externaltools.gnu-tools-for-stm32.11.3.rel1.win32_1.1.100.202309141235/tools/bin/../lib/gcc/arm-none-eabi/11.3.1/thumb/v7e-m+fp/hard/crti.o
LOAD C:/ST/STM32CubeIDE_1.14.0/STM32CubeIDE/plugins/com.st.stm32cube.ide.mcu.externaltools.gnu-tools-for-stm32.11.3.rel1.win32_1.1.100.202309141235/tools/bin/../lib/gcc/arm-none-eabi/11.3.1/thumb/v7e-m+fp/hard/crtbegin.o
LOAD C:/ST/STM32CubeIDE_1.14.0/STM32CubeIDE/plugins/com.st.stm32cube.ide.mcu.externaltools.gnu-tools-for-stm32.11.3.rel1.win32_1.1.100.202309141235/tools/bin/../lib/gcc/arm-none-eabi/11.3.1/../../../../arm-none-eabi/lib/thumb/v7e-m+fp/hard/crt0.o
LOAD ./Drivers/src/kalman_filter.o
LOAD ./Drivers/src/stm32f401re_gpio.o
LOAD ./Drivers/src/stm32f401re_rcc.o
LOAD ./Src/main.o
LOAD ./Src/syscalls.o
LOAD ./Src/sysmem.o
LOAD ./Startup/startup_stm32f401retx.o
LOAD D:\Năm 3\STM32\app\SDK_1.0.3_NUCLEO-F401RE\lib_stm\libLibraries.a
START GROUP
LOAD C:/ST/STM32CubeIDE_1.14.0/STM32CubeIDE/plugins/com.st.stm32cube.ide.mcu.externaltools.gnu-tools-for-stm32.11.3.rel1.win32_1.1.100.202309141235/tools/bin/../lib/gcc/arm-none-eabi/11.3.1/../../../../arm-none-eabi/lib/thumb/v7e-m+fp/hard\libc_nano.a
LOAD C:/ST/STM32CubeIDE_1.14.0/STM32CubeIDE/plugins/com.st.stm32cube.ide.mcu.externaltools.gnu-tools-for-stm32.11.3.rel1.win32_1.1.100.202309141235/tools/bin/../lib/gcc/arm-none-eabi/11.3.1/../../../../arm-none-eabi/lib/thumb/v7e-m+fp/hard\libm.a
END GROUP
START GROUP
LOAD C:/ST/STM32CubeIDE_1.14.0/STM32CubeIDE/plugins/com.st.stm32cube.ide.mcu.externaltools.gnu-tools-for-stm32.11.3.rel1.win32_1.1.100.202309141235/tools/bin/../lib/gcc/arm-none-eabi/11.3.1/thumb/v7e-m+fp/hard\libgcc.a
LOAD C:/ST/STM32CubeIDE_1.14.0/STM32CubeIDE/plugins/com.st.stm32cube.ide.mcu.externaltools.gnu-tools-for-stm32.11.3.rel1.win32_1.1.100.202309141235/tools/bin/../lib/gcc/arm-none-eabi/11.3.1/../../../../arm-none-eabi/lib/thumb/v7e-m+fp/hard\libc_nano.a
END GROUP
START GROUP
LOAD C:/ST/STM32CubeIDE_1.14.0/STM32CubeIDE/plugins/com.st.stm32cube.ide.mcu.externaltools.gnu-tools-for-stm32.11.3.rel1.win32_1.1.100.202309141235/tools/bin/../lib/gcc/arm-none-eabi/11.3.1/thumb/v7e-m+fp/hard\libgcc.a
LOAD C:/ST/STM32CubeIDE_1.14.0/STM32CubeIDE/plugins/com.st.stm32cube.ide.mcu.externaltools.gnu-tools-for-stm32.11.3.rel1.win32_1.1.100.202309141235/tools/bin/../lib/gcc/arm-none-eabi/11.3.1/../../../../arm-none-eabi/lib/thumb/v7e-m+fp/hard\libc_nano.a
LOAD C:/ST/STM32CubeIDE_1.14.0/STM32CubeIDE/plugins/com.st.stm32cube.ide.mcu.externaltools.gnu-tools-for-stm32.11.3.rel1.win32_1.1.100.202309141235/tools/bin/../lib/gcc/arm-none-eabi/11.3.1/../../../../arm-none-eabi/lib/thumb/v7e-m+fp/hard\libnosys.a
END GROUP
START GROUP
LOAD C:/ST/STM32CubeIDE_1.14.0/STM32CubeIDE/plugins/com.st.stm32cube.ide.mcu.externaltools.gnu-tools-for-stm32.11.3.rel1.win32_1.1.100.202309141235/tools/bin/../lib/gcc/arm-none-eabi/11.3.1/thumb/v7e-m+fp/hard\libgcc.a
LOAD C:/ST/STM32CubeIDE_1.14.0/STM32CubeIDE/plugins/com.st.stm32cube.ide.mcu.externaltools.gnu-tools-for-stm32.11.3.rel1.win32_1.1.100.202309141235/tools/bin/../lib/gcc/arm-none-eabi/11.3.1/../../../../arm-none-eabi/lib/thumb/v7e-m+fp/hard\libc_nano.a
LOAD C:/ST/STM32CubeIDE_1.14.0/STM32CubeIDE/plugins/com.st.stm32cube.ide.mcu.externaltools.gnu-tools-for-stm32.11.3.rel1.win32_1.1.100.202309141235/tools/bin/../lib/gcc/arm-none-eabi/11.3.1/../../../../arm-none-eabi/lib/thumb/v7e-m+fp/hard\libnosys.a
END GROUP
LOAD C:/ST/STM32CubeIDE_1.14.0/STM32CubeIDE/plugins/com.st.stm32cube.ide.mcu.externaltools.gnu-tools-for-stm32.11.3.rel1.win32_1.1.100.202309141235/tools/bin/../lib/gcc/arm-none-eabi/11.3.1/thumb/v7e-m+fp/hard/crtend.o
LOAD C:/ST/STM32CubeIDE_1.14.0/STM32CubeIDE/plugins/com.st.stm32cube.ide.mcu.externaltools.gnu-tools-for-stm32.11.3.rel1.win32_1.1.100.202309141235/tools/bin/../lib/gcc/arm-none-eabi/11.3.1/thumb/v7e-m+fp/hard/crtn.o
                0x0000000020018000                _estack = (ORIGIN (RAM) + LENGTH (RAM))
                0x0000000000000200                _Min_Heap_Size = 0x200
                0x0000000000000400                _Min_Stack_Size = 0x400

.isr_vector     0x0000000008000000      0x194
                0x0000000008000000                . = ALIGN (0x4)
 *(.isr_vector)
 .isr_vector    0x0000000008000000      0x194 ./Startup/startup_stm32f401retx.o
                0x0000000008000000                g_pfnVectors
                0x0000000008000194                . = ALIGN (0x4)

.text           0x00000000080001a0     0x5d28
                0x00000000080001a0                . = ALIGN (0x4)
 *(.text)
 .text          0x00000000080001a0       0x40 C:/ST/STM32CubeIDE_1.14.0/STM32CubeIDE/plugins/com.st.stm32cube.ide.mcu.externaltools.gnu-tools-for-stm32.11.3.rel1.win32_1.1.100.202309141235/tools/bin/../lib/gcc/arm-none-eabi/11.3.1/thumb/v7e-m+fp/hard/crtbegin.o
 .text          0x00000000080001e0       0xa0 C:/ST/STM32CubeIDE_1.14.0/STM32CubeIDE/plugins/com.st.stm32cube.ide.mcu.externaltools.gnu-tools-for-stm32.11.3.rel1.win32_1.1.100.202309141235/tools/bin/../lib/gcc/arm-none-eabi/11.3.1/../../../../arm-none-eabi/lib/thumb/v7e-m+fp/hard\libc_nano.a(libc_a-memchr.o)
                0x00000000080001e0                memchr
 .text          0x0000000008000280      0x254 C:/ST/STM32CubeIDE_1.14.0/STM32CubeIDE/plugins/com.st.stm32cube.ide.mcu.externaltools.gnu-tools-for-stm32.11.3.rel1.win32_1.1.100.202309141235/tools/bin/../lib/gcc/arm-none-eabi/11.3.1/thumb/v7e-m+fp/hard\libgcc.a(_arm_muldf3.o)
                0x0000000008000280                __muldf3
                0x0000000008000280                __aeabi_dmul
 .text          0x00000000080004d4      0x378 C:/ST/STM32CubeIDE_1.14.0/STM32CubeIDE/plugins/com.st.stm32cube.ide.mcu.externaltools.gnu-tools-for-stm32.11.3.rel1.win32_1.1.100.202309141235/tools/bin/../lib/gcc/arm-none-eabi/11.3.1/thumb/v7e-m+fp/hard\libgcc.a(_arm_addsubdf3.o)
                0x00000000080004d4                __aeabi_drsub
                0x00000000080004dc                __aeabi_dsub
                0x00000000080004dc                __subdf3
                0x00000000080004e0                __aeabi_dadd
                0x00000000080004e0                __adddf3
                0x0000000008000758                __floatunsidf
                0x0000000008000758                __aeabi_ui2d
                0x0000000008000778                __floatsidf
                0x0000000008000778                __aeabi_i2d
                0x000000000800079c                __aeabi_f2d
                0x000000000800079c                __extendsfdf2
                0x00000000080007e0                __floatundidf
                0x00000000080007e0                __aeabi_ul2d
                0x00000000080007f0                __floatdidf
                0x00000000080007f0                __aeabi_l2d
 .text          0x000000000800084c       0xa0 C:/ST/STM32CubeIDE_1.14.0/STM32CubeIDE/plugins/com.st.stm32cube.ide.mcu.externaltools.gnu-tools-for-stm32.11.3.rel1.win32_1.1.100.202309141235/tools/bin/../lib/gcc/arm-none-eabi/11.3.1/thumb/v7e-m+fp/hard\libgcc.a(_arm_truncdfsf2.o)
                0x000000000800084c                __truncdfsf2
                0x000000000800084c                __aeabi_d2f
 *(.text*)
 .text.KalmanFilterInit
                0x00000000080008ec       0x3c ./Drivers/src/kalman_filter.o
                0x00000000080008ec                KalmanFilterInit
 .text.KalmanFilter_updateEstimate
                0x0000000008000928      0x120 ./Drivers/src/kalman_filter.o
                0x0000000008000928                KalmanFilter_updateEstimate
 .text.GPIO_Init
                0x0000000008000a48      0x11e ./Drivers/src/stm32f401re_gpio.o
                0x0000000008000a48                GPIO_Init
 .text.GPIO_WriteBit
                0x0000000008000b66       0x30 ./Drivers/src/stm32f401re_gpio.o
                0x0000000008000b66                GPIO_WriteBit
 .text.GPIO_PinAFConfig
                0x0000000008000b96       0x92 ./Drivers/src/stm32f401re_gpio.o
                0x0000000008000b96                GPIO_PinAFConfig
 .text.RCC_GetClocksFreq
                0x0000000008000c28      0x15c ./Drivers/src/stm32f401re_rcc.o
                0x0000000008000c28                RCC_GetClocksFreq
 .text.RCC_AHB1PeriphClockCmd
                0x0000000008000d84       0x40 ./Drivers/src/stm32f401re_rcc.o
                0x0000000008000d84                RCC_AHB1PeriphClockCmd
 .text.RCC_APB1PeriphClockCmd
                0x0000000008000dc4       0x40 ./Drivers/src/stm32f401re_rcc.o
                0x0000000008000dc4                RCC_APB1PeriphClockCmd
 .text.RCC_APB2PeriphClockCmd
                0x0000000008000e04       0x40 ./Drivers/src/stm32f401re_rcc.o
                0x0000000008000e04                RCC_APB2PeriphClockCmd
 .text.RCC_APB2PeriphResetCmd
                0x0000000008000e44       0x40 ./Drivers/src/stm32f401re_rcc.o
                0x0000000008000e44                RCC_APB2PeriphResetCmd
 .text.Led_Init_red1
                0x0000000008000e84       0x38 ./Src/main.o
 .text.Led_Init_red2
                0x0000000008000ebc       0x3c ./Src/main.o
 .text.Led_Init_blue1
                0x0000000008000ef8       0x38 ./Src/main.o
 .text.Led_Init_blue2
                0x0000000008000f30       0x3c ./Src/main.o
 .text.Button_Init
                0x0000000008000f6c       0x34 ./Src/main.o
 .text.Button_Init_b3
                0x0000000008000fa0       0x34 ./Src/main.o
 .text.Button_Init_b4
                0x0000000008000fd4       0x34 ./Src/main.o
 .text.Buzzer_Init
                0x0000000008001008       0x3c ./Src/main.o
 .text.LEDControl_SetStatus
                0x0000000008001044       0x60 ./Src/main.o
 .text.ButtonRead_Status
                0x00000000080010a4       0x2e ./Src/main.o
 .text.BuzzerControl_SetStatus
                0x00000000080010d2       0x60 ./Src/main.o
 *fill*         0x0000000008001132        0x2 
 .text.main     0x0000000008001134      0x158 ./Src/main.o
                0x0000000008001134                main
 .text.delay_ms
                0x000000000800128c       0x30 ./Src/main.o
                0x000000000800128c                delay_ms
 .text.CalculatorTime
                0x00000000080012bc       0x34 ./Src/main.o
                0x00000000080012bc                CalculatorTime
 .text.SPI1_Init
                0x00000000080012f0       0x60 ./Src/main.o
 .text.I2C_Init_temphumi
                0x0000000008001350       0x94 ./Src/main.o
 .text.I2C_start
                0x00000000080013e4       0x3c ./Src/main.o
                0x00000000080013e4                I2C_start
 .text.I2C_address_direction
                0x0000000008001420       0x60 ./Src/main.o
                0x0000000008001420                I2C_address_direction
 .text.I2C_transmit
                0x0000000008001480       0x38 ./Src/main.o
                0x0000000008001480                I2C_transmit
 .text.I2C_stop
                0x00000000080014b8       0x14 ./Src/main.o
                0x00000000080014b8                I2C_stop
 .text.I2C_receive_nack
                0x00000000080014cc       0x30 ./Src/main.o
                0x00000000080014cc                I2C_receive_nack
 .text.I2C_receive_ack
                0x00000000080014fc       0x30 ./Src/main.o
                0x00000000080014fc                I2C_receive_ack
 .text.TemHumSensor_readRegister
                0x000000000800152c       0xba ./Src/main.o
 *fill*         0x00000000080015e6        0x2 
 .text.GetTemp_Sensor
                0x00000000080015e8       0x64 ./Src/main.o
                0x00000000080015e8                GetTemp_Sensor
 .text.GetHumi_Sensor
                0x000000000800164c       0x64 ./Src/main.o
                0x000000000800164c                GetHumi_Sensor
 .text.processGetValueSensor
                0x00000000080016b0      0x1a4 ./Src/main.o
                0x00000000080016b0                processGetValueSensor
 .text.Scan_SensorLCD
                0x0000000008001854       0x8c ./Src/main.o
                0x0000000008001854                Scan_SensorLCD
 .text.Scan_TimeSensor
                0x00000000080018e0       0x48 ./Src/main.o
                0x00000000080018e0                Scan_TimeSensor
 .text.AppInitCommon
                0x0000000008001928       0x98 ./Src/main.o
 .text.LightSensor_AdcInit
                0x00000000080019c0       0xb8 ./Src/main.o
 .text.LedControl_TimerOCInit
                0x0000000008001a78       0xa4 ./Src/main.o
 .text.LightSensor_AdcPollingRead
                0x0000000008001b1c       0x38 ./Src/main.o
                0x0000000008001b1c                LightSensor_AdcPollingRead
 .text.Kanman_Light
                0x0000000008001b54       0x40 ./Src/main.o
                0x0000000008001b54                Kanman_Light
 .text.LedControl_TimerOCSetPwm
                0x0000000008001b94       0x1c ./Src/main.o
 .text.ABL_Process
                0x0000000008001bb0       0xc8 ./Src/main.o
 .text._sbrk    0x0000000008001c78       0x6c ./Src/sysmem.o
                0x0000000008001c78                _sbrk
 .text.Reset_Handler
                0x0000000008001ce4       0x50 ./Startup/startup_stm32f401retx.o
                0x0000000008001ce4                Reset_Handler
 .text.Default_Handler
                0x0000000008001d34        0x2 ./Startup/startup_stm32f401retx.o
                0x0000000008001d34                EXTI2_IRQHandler
                0x0000000008001d34                DebugMon_Handler
                0x0000000008001d34                SPI4_IRQHandler
                0x0000000008001d34                TIM1_CC_IRQHandler
                0x0000000008001d34                DMA2_Stream5_IRQHandler
                0x0000000008001d34                HardFault_Handler
                0x0000000008001d34                DMA1_Stream5_IRQHandler
                0x0000000008001d34                SDIO_IRQHandler
                0x0000000008001d34                TAMP_STAMP_IRQHandler
                0x0000000008001d34                PendSV_Handler
                0x0000000008001d34                NMI_Handler
                0x0000000008001d34                EXTI3_IRQHandler
                0x0000000008001d34                TIM1_UP_TIM10_IRQHandler
                0x0000000008001d34                I2C3_ER_IRQHandler
                0x0000000008001d34                EXTI18_OTG_FS_WKUP_IRQHandler
                0x0000000008001d34                EXTI0_IRQHandler
                0x0000000008001d34                I2C2_EV_IRQHandler
                0x0000000008001d34                DMA1_Stream2_IRQHandler
                0x0000000008001d34                UsageFault_Handler
                0x0000000008001d34                DMA2_Stream2_IRQHandler
                0x0000000008001d34                SPI1_IRQHandler
                0x0000000008001d34                TIM1_BRK_TIM9_IRQHandler
                0x0000000008001d34                DMA2_Stream3_IRQHandler
                0x0000000008001d34                USART6_IRQHandler
                0x0000000008001d34                DMA2_Stream0_IRQHandler
                0x0000000008001d34                TIM4_IRQHandler
                0x0000000008001d34                I2C1_EV_IRQHandler
                0x0000000008001d34                DMA1_Stream6_IRQHandler
                0x0000000008001d34                DMA1_Stream1_IRQHandler
                0x0000000008001d34                TIM3_IRQHandler
                0x0000000008001d34                RCC_IRQHandler
                0x0000000008001d34                Default_Handler
                0x0000000008001d34                EXTI15_10_IRQHandler
                0x0000000008001d34                ADC_IRQHandler
                0x0000000008001d34                DMA1_Stream7_IRQHandler
                0x0000000008001d34                TIM5_IRQHandler
                0x0000000008001d34                DMA2_Stream7_IRQHandler
                0x0000000008001d34                I2C3_EV_IRQHandler
                0x0000000008001d34                EXTI9_5_IRQHandler
                0x0000000008001d34                SPI2_IRQHandler
                0x0000000008001d34                MemManage_Handler
                0x0000000008001d34                DMA1_Stream0_IRQHandler
                0x0000000008001d34                SVC_Handler
                0x0000000008001d34                EXTI4_IRQHandler
                0x0000000008001d34                EXTI22_RTC_WKUP_IRQHandler
                0x0000000008001d34                TIM2_IRQHandler
                0x0000000008001d34                EXTI16_PVD_IRQHandler
                0x0000000008001d34                TIM1_TRG_COM_TIM11_IRQHandler
                0x0000000008001d34                EXTI1_IRQHandler
                0x0000000008001d34                EXTI17_RTC_Alarm_IRQHandler
                0x0000000008001d34                I2C2_ER_IRQHandler
                0x0000000008001d34                DMA2_Stream1_IRQHandler
                0x0000000008001d34                FLASH_IRQHandler
                0x0000000008001d34                DMA2_Stream4_IRQHandler
                0x0000000008001d34                BusFault_Handler
                0x0000000008001d34                USART1_IRQHandler
                0x0000000008001d34                OTG_FS_IRQHandler
                0x0000000008001d34                SPI3_IRQHandler
                0x0000000008001d34                DMA1_Stream4_IRQHandler
                0x0000000008001d34                I2C1_ER_IRQHandler
                0x0000000008001d34                DMA2_Stream6_IRQHandler
                0x0000000008001d34                DMA1_Stream3_IRQHandler
 *fill*         0x0000000008001d36        0x2 
 .text.SystemInit
                0x0000000008001d38       0x6c D:\Năm 3\STM32\app\SDK_1.0.3_NUCLEO-F401RE\lib_stm\libLibraries.a(system_stm32f4xx.o)
                0x0000000008001d38                SystemInit
 .text.SystemCoreClockUpdate
                0x0000000008001da4       0xf8 D:\Năm 3\STM32\app\SDK_1.0.3_NUCLEO-F401RE\lib_stm\libLibraries.a(system_stm32f4xx.o)
                0x0000000008001da4                SystemCoreClockUpdate
 .text.SetSysClock
                0x0000000008001e9c       0xa0 D:\Năm 3\STM32\app\SDK_1.0.3_NUCLEO-F401RE\lib_stm\libLibraries.a(system_stm32f4xx.o)
 .text.ADC_DeInit
                0x0000000008001f3c       0x1c D:\Năm 3\STM32\app\SDK_1.0.3_NUCLEO-F401RE\lib_stm\libLibraries.a(stm32f401re_adc.o)
                0x0000000008001f3c                ADC_DeInit
 .text.ADC_Init
                0x0000000008001f58       0xac D:\Năm 3\STM32\app\SDK_1.0.3_NUCLEO-F401RE\lib_stm\libLibraries.a(stm32f401re_adc.o)
                0x0000000008001f58                ADC_Init
 .text.ADC_CommonInit
                0x0000000008002004       0x50 D:\Năm 3\STM32\app\SDK_1.0.3_NUCLEO-F401RE\lib_stm\libLibraries.a(stm32f401re_adc.o)
                0x0000000008002004                ADC_CommonInit
 .text.ADC_Cmd  0x0000000008002054       0x38 D:\Năm 3\STM32\app\SDK_1.0.3_NUCLEO-F401RE\lib_stm\libLibraries.a(stm32f401re_adc.o)
                0x0000000008002054                ADC_Cmd
 .text.ADC_RegularChannelConfig
                0x000000000800208c      0x194 D:\Năm 3\STM32\app\SDK_1.0.3_NUCLEO-F401RE\lib_stm\libLibraries.a(stm32f401re_adc.o)
                0x000000000800208c                ADC_RegularChannelConfig
 .text.ADC_SoftwareStartConv
                0x0000000008002220       0x20 D:\Năm 3\STM32\app\SDK_1.0.3_NUCLEO-F401RE\lib_stm\libLibraries.a(stm32f401re_adc.o)
                0x0000000008002220                ADC_SoftwareStartConv
 .text.ADC_EOCOnEachRegularChannelCmd
                0x0000000008002240       0x38 D:\Năm 3\STM32\app\SDK_1.0.3_NUCLEO-F401RE\lib_stm\libLibraries.a(stm32f401re_adc.o)
                0x0000000008002240                ADC_EOCOnEachRegularChannelCmd
 .text.ADC_ContinuousModeCmd
                0x0000000008002278       0x38 D:\Năm 3\STM32\app\SDK_1.0.3_NUCLEO-F401RE\lib_stm\libLibraries.a(stm32f401re_adc.o)
                0x0000000008002278                ADC_ContinuousModeCmd
 .text.ADC_DiscModeChannelCountConfig
                0x00000000080022b0       0x44 D:\Năm 3\STM32\app\SDK_1.0.3_NUCLEO-F401RE\lib_stm\libLibraries.a(stm32f401re_adc.o)
                0x00000000080022b0                ADC_DiscModeChannelCountConfig
 .text.ADC_DiscModeCmd
                0x00000000080022f4       0x38 D:\Năm 3\STM32\app\SDK_1.0.3_NUCLEO-F401RE\lib_stm\libLibraries.a(stm32f401re_adc.o)
                0x00000000080022f4                ADC_DiscModeCmd
 .text.ADC_GetConversionValue
                0x000000000800232c       0x1a D:\Năm 3\STM32\app\SDK_1.0.3_NUCLEO-F401RE\lib_stm\libLibraries.a(stm32f401re_adc.o)
                0x000000000800232c                ADC_GetConversionValue
 .text.ADC_GetFlagStatus
                0x0000000008002346       0x34 D:\Năm 3\STM32\app\SDK_1.0.3_NUCLEO-F401RE\lib_stm\libLibraries.a(stm32f401re_adc.o)
                0x0000000008002346                ADC_GetFlagStatus
 *fill*         0x000000000800237a        0x2 
 .text.I2C_Init
                0x000000000800237c      0x184 D:\Năm 3\STM32\app\SDK_1.0.3_NUCLEO-F401RE\lib_stm\libLibraries.a(stm32f401re_i2c.o)
                0x000000000800237c                I2C_Init
 .text.I2C_Cmd  0x0000000008002500       0x40 D:\Năm 3\STM32\app\SDK_1.0.3_NUCLEO-F401RE\lib_stm\libLibraries.a(stm32f401re_i2c.o)
                0x0000000008002500                I2C_Cmd
 .text.I2C_GenerateSTART
                0x0000000008002540       0x40 D:\Năm 3\STM32\app\SDK_1.0.3_NUCLEO-F401RE\lib_stm\libLibraries.a(stm32f401re_i2c.o)
                0x0000000008002540                I2C_GenerateSTART
 .text.I2C_GenerateSTOP
                0x0000000008002580       0x40 D:\Năm 3\STM32\app\SDK_1.0.3_NUCLEO-F401RE\lib_stm\libLibraries.a(stm32f401re_i2c.o)
                0x0000000008002580                I2C_GenerateSTOP
 .text.I2C_Send7bitAddress
                0x00000000080025c0       0x3c D:\Năm 3\STM32\app\SDK_1.0.3_NUCLEO-F401RE\lib_stm\libLibraries.a(stm32f401re_i2c.o)
                0x00000000080025c0                I2C_Send7bitAddress
 .text.I2C_AcknowledgeConfig
                0x00000000080025fc       0x40 D:\Năm 3\STM32\app\SDK_1.0.3_NUCLEO-F401RE\lib_stm\libLibraries.a(stm32f401re_i2c.o)
                0x00000000080025fc                I2C_AcknowledgeConfig
 .text.I2C_SendData
                0x000000000800263c       0x20 D:\Năm 3\STM32\app\SDK_1.0.3_NUCLEO-F401RE\lib_stm\libLibraries.a(stm32f401re_i2c.o)
                0x000000000800263c                I2C_SendData
 .text.I2C_ReceiveData
                0x000000000800265c       0x1c D:\Năm 3\STM32\app\SDK_1.0.3_NUCLEO-F401RE\lib_stm\libLibraries.a(stm32f401re_i2c.o)
                0x000000000800265c                I2C_ReceiveData
 .text.I2C_CheckEvent
                0x0000000008002678       0x60 D:\Năm 3\STM32\app\SDK_1.0.3_NUCLEO-F401RE\lib_stm\libLibraries.a(stm32f401re_i2c.o)
                0x0000000008002678                I2C_CheckEvent
 .text.I2C_GetFlagStatus
                0x00000000080026d8       0x66 D:\Năm 3\STM32\app\SDK_1.0.3_NUCLEO-F401RE\lib_stm\libLibraries.a(stm32f401re_i2c.o)
                0x00000000080026d8                I2C_GetFlagStatus
 *fill*         0x000000000800273e        0x2 
 .text.TIM_TimeBaseInit
                0x0000000008002740       0xd8 D:\Năm 3\STM32\app\SDK_1.0.3_NUCLEO-F401RE\lib_stm\libLibraries.a(stm32f401re_tim.o)
                0x0000000008002740                TIM_TimeBaseInit
 .text.TIM_Cmd  0x0000000008002818       0x40 D:\Năm 3\STM32\app\SDK_1.0.3_NUCLEO-F401RE\lib_stm\libLibraries.a(stm32f401re_tim.o)
                0x0000000008002818                TIM_Cmd
 .text.TIM_OC4Init
                0x0000000008002858       0xd0 D:\Năm 3\STM32\app\SDK_1.0.3_NUCLEO-F401RE\lib_stm\libLibraries.a(stm32f401re_tim.o)
                0x0000000008002858                TIM_OC4Init
 .text.TIM_SetCompare4
                0x0000000008002928       0x1c D:\Năm 3\STM32\app\SDK_1.0.3_NUCLEO-F401RE\lib_stm\libLibraries.a(stm32f401re_tim.o)
                0x0000000008002928                TIM_SetCompare4
 .text.TIM_CtrlPWMOutputs
                0x0000000008002944       0x4c D:\Năm 3\STM32\app\SDK_1.0.3_NUCLEO-F401RE\lib_stm\libLibraries.a(stm32f401re_tim.o)
                0x0000000008002944                TIM_CtrlPWMOutputs
 .text.NVIC_SetPriority
                0x0000000008002990       0x54 D:\Năm 3\STM32\app\SDK_1.0.3_NUCLEO-F401RE\lib_stm\libLibraries.a(timer.o)
 .text.SysTick_Config
                0x00000000080029e4       0x44 D:\Năm 3\STM32\app\SDK_1.0.3_NUCLEO-F401RE\lib_stm\libLibraries.a(timer.o)
 .text.TimerInit
                0x0000000008002a28       0x44 D:\Năm 3\STM32\app\SDK_1.0.3_NUCLEO-F401RE\lib_stm\libLibraries.a(timer.o)
                0x0000000008002a28                TimerInit
 .text.TimerStart
                0x0000000008002a6c       0xc4 D:\Năm 3\STM32\app\SDK_1.0.3_NUCLEO-F401RE\lib_stm\libLibraries.a(timer.o)
                0x0000000008002a6c                TimerStart
 .text.TimerStop
                0x0000000008002b30       0xa0 D:\Năm 3\STM32\app\SDK_1.0.3_NUCLEO-F401RE\lib_stm\libLibraries.a(timer.o)
                0x0000000008002b30                TimerStop
 .text.GetMilSecTick
                0x0000000008002bd0       0x18 D:\Năm 3\STM32\app\SDK_1.0.3_NUCLEO-F401RE\lib_stm\libLibraries.a(timer.o)
                0x0000000008002bd0                GetMilSecTick
 .text.processTimerScheduler
                0x0000000008002be8       0xf0 D:\Năm 3\STM32\app\SDK_1.0.3_NUCLEO-F401RE\lib_stm\libLibraries.a(timer.o)
                0x0000000008002be8                processTimerScheduler
 .text.TimeExpired
                0x0000000008002cd8       0xcc D:\Năm 3\STM32\app\SDK_1.0.3_NUCLEO-F401RE\lib_stm\libLibraries.a(timer.o)
 .text.SysTick_Handler
                0x0000000008002da4       0x1c D:\Năm 3\STM32\app\SDK_1.0.3_NUCLEO-F401RE\lib_stm\libLibraries.a(timer.o)
                0x0000000008002da4                SysTick_Handler
 .text.TemHumSensor_Init
                0x0000000008002dc0        0xc D:\Năm 3\STM32\app\SDK_1.0.3_NUCLEO-F401RE\lib_stm\libLibraries.a(temhumsensor.o)
                0x0000000008002dc0                TemHumSensor_Init
 .text.i2c_config
                0x0000000008002dcc       0x94 D:\Năm 3\STM32\app\SDK_1.0.3_NUCLEO-F401RE\lib_stm\libLibraries.a(temhumsensor.o)
                0x0000000008002dcc                i2c_config
 .text.USART2_IRQHandler
                0x0000000008002e60       0x50 D:\Năm 3\STM32\app\SDK_1.0.3_NUCLEO-F401RE\lib_stm\libLibraries.a(serial.o)
                0x0000000008002e60                USART2_IRQHandler
 .text.delayMicroseconds
                0x0000000008002eb0       0x14 D:\Năm 3\STM32\app\SDK_1.0.3_NUCLEO-F401RE\lib_stm\libLibraries.a(Ucglib.o)
 .text.ucg_gpio_init
                0x0000000008002ec4       0x60 D:\Năm 3\STM32\app\SDK_1.0.3_NUCLEO-F401RE\lib_stm\libLibraries.a(Ucglib.o)
 .text.ucg_com_arduino_send_generic_SW_SPI
                0x0000000008002f24       0x74 D:\Năm 3\STM32\app\SDK_1.0.3_NUCLEO-F401RE\lib_stm\libLibraries.a(Ucglib.o)
 .text.ucg_com_arduino_generic_SW_SPI
                0x0000000008002f98      0x1ec D:\Năm 3\STM32\app\SDK_1.0.3_NUCLEO-F401RE\lib_stm\libLibraries.a(Ucglib.o)
 .text.Ucglib4WireSWSPI_begin
                0x0000000008003184       0x38 D:\Năm 3\STM32\app\SDK_1.0.3_NUCLEO-F401RE\lib_stm\libLibraries.a(Ucglib.o)
                0x0000000008003184                Ucglib4WireSWSPI_begin
 .text.ucg_DrawBox
                0x00000000080031bc       0x56 D:\Năm 3\STM32\app\SDK_1.0.3_NUCLEO-F401RE\lib_stm\libLibraries.a(ucg_box.o)
                0x00000000080031bc                ucg_DrawBox
 .text.ucg_ClearScreen
                0x0000000008003212       0x50 D:\Năm 3\STM32\app\SDK_1.0.3_NUCLEO-F401RE\lib_stm\libLibraries.a(ucg_box.o)
                0x0000000008003212                ucg_ClearScreen
 .text.ucg_ccs_init
                0x0000000008003262       0xc0 D:\Năm 3\STM32\app\SDK_1.0.3_NUCLEO-F401RE\lib_stm\libLibraries.a(ucg_ccs.o)
                0x0000000008003262                ucg_ccs_init
 .text.ucg_ccs_step
                0x0000000008003322       0x80 D:\Năm 3\STM32\app\SDK_1.0.3_NUCLEO-F401RE\lib_stm\libLibraries.a(ucg_ccs.o)
                0x0000000008003322                ucg_ccs_step
 .text.ucg_ccs_seek
                0x00000000080033a2       0xca D:\Năm 3\STM32\app\SDK_1.0.3_NUCLEO-F401RE\lib_stm\libLibraries.a(ucg_ccs.o)
                0x00000000080033a2                ucg_ccs_seek
 .text.ucg_dev_default_cb
                0x000000000800346c       0x44 D:\Năm 3\STM32\app\SDK_1.0.3_NUCLEO-F401RE\lib_stm\libLibraries.a(ucg_dev_default_cb.o)
                0x000000000800346c                ucg_dev_default_cb
 .text.ucg_ext_none
                0x00000000080034b0       0x1c D:\Năm 3\STM32\app\SDK_1.0.3_NUCLEO-F401RE\lib_stm\libLibraries.a(ucg_dev_default_cb.o)
                0x00000000080034b0                ucg_ext_none
 .text.ucg_handle_st7735_l90fx
                0x00000000080034cc       0xd8 D:\Năm 3\STM32\app\SDK_1.0.3_NUCLEO-F401RE\lib_stm\libLibraries.a(ucg_dev_ic_st7735.o)
                0x00000000080034cc                ucg_handle_st7735_l90fx
 .text.ucg_handle_st7735_l90se
                0x00000000080035a4      0x154 D:\Năm 3\STM32\app\SDK_1.0.3_NUCLEO-F401RE\lib_stm\libLibraries.a(ucg_dev_ic_st7735.o)
                0x00000000080035a4                ucg_handle_st7735_l90se
 .text.ucg_dev_ic_st7735_18
                0x00000000080036f8       0xf8 D:\Năm 3\STM32\app\SDK_1.0.3_NUCLEO-F401RE\lib_stm\libLibraries.a(ucg_dev_ic_st7735.o)
                0x00000000080036f8                ucg_dev_ic_st7735_18
 .text.ucg_ext_st7735_18
                0x00000000080037f0       0x28 D:\Năm 3\STM32\app\SDK_1.0.3_NUCLEO-F401RE\lib_stm\libLibraries.a(ucg_dev_ic_st7735.o)
                0x00000000080037f0                ucg_ext_st7735_18
 .text.ucg_PowerDown
                0x0000000008003818       0x34 D:\Năm 3\STM32\app\SDK_1.0.3_NUCLEO-F401RE\lib_stm\libLibraries.a(ucg_dev_msg_api.o)
                0x0000000008003818                ucg_PowerDown
 .text.ucg_PowerUp
                0x000000000800384c       0x3c D:\Năm 3\STM32\app\SDK_1.0.3_NUCLEO-F401RE\lib_stm\libLibraries.a(ucg_dev_msg_api.o)
                0x000000000800384c                ucg_PowerUp
 .text.ucg_SetClipBox
                0x0000000008003888       0x1e D:\Năm 3\STM32\app\SDK_1.0.3_NUCLEO-F401RE\lib_stm\libLibraries.a(ucg_dev_msg_api.o)
                0x0000000008003888                ucg_SetClipBox
 .text.ucg_SetMaxClipRange
                0x00000000080038a6       0x30 D:\Năm 3\STM32\app\SDK_1.0.3_NUCLEO-F401RE\lib_stm\libLibraries.a(ucg_dev_msg_api.o)
                0x00000000080038a6                ucg_SetMaxClipRange
 .text.ucg_GetDimension
                0x00000000080038d6       0x24 D:\Năm 3\STM32\app\SDK_1.0.3_NUCLEO-F401RE\lib_stm\libLibraries.a(ucg_dev_msg_api.o)
                0x00000000080038d6                ucg_GetDimension
 .text.ucg_DrawL90FXWithArg
                0x00000000080038fa       0x1e D:\Năm 3\STM32\app\SDK_1.0.3_NUCLEO-F401RE\lib_stm\libLibraries.a(ucg_dev_msg_api.o)
                0x00000000080038fa                ucg_DrawL90FXWithArg
 .text.ucg_dev_st7735_18x128x128
                0x0000000008003918       0x80 D:\Năm 3\STM32\app\SDK_1.0.3_NUCLEO-F401RE\lib_stm\libLibraries.a(ucg_dev_tft_128x128_st7735.o)
                0x0000000008003918                ucg_dev_st7735_18x128x128
 .text.ucg_font_get_byte
                0x0000000008003998       0x24 D:\Năm 3\STM32\app\SDK_1.0.3_NUCLEO-F401RE\lib_stm\libLibraries.a(ucg_font.o)
 .text.ucg_font_get_word
                0x00000000080039bc       0x40 D:\Năm 3\STM32\app\SDK_1.0.3_NUCLEO-F401RE\lib_stm\libLibraries.a(ucg_font.o)
 .text.ucg_read_font_info
                0x00000000080039fc      0x142 D:\Năm 3\STM32\app\SDK_1.0.3_NUCLEO-F401RE\lib_stm\libLibraries.a(ucg_font.o)
                0x00000000080039fc                ucg_read_font_info
 .text.ucg_font_decode_get_unsigned_bits
                0x0000000008003b3e       0x96 D:\Năm 3\STM32\app\SDK_1.0.3_NUCLEO-F401RE\lib_stm\libLibraries.a(ucg_font.o)
                0x0000000008003b3e                ucg_font_decode_get_unsigned_bits
 .text.ucg_font_decode_get_signed_bits
                0x0000000008003bd4       0x46 D:\Năm 3\STM32\app\SDK_1.0.3_NUCLEO-F401RE\lib_stm\libLibraries.a(ucg_font.o)
                0x0000000008003bd4                ucg_font_decode_get_signed_bits
 .text.ucg_add_vector_y
                0x0000000008003c1a       0x7a D:\Năm 3\STM32\app\SDK_1.0.3_NUCLEO-F401RE\lib_stm\libLibraries.a(ucg_font.o)
 .text.ucg_add_vector_x
                0x0000000008003c94       0x7a D:\Năm 3\STM32\app\SDK_1.0.3_NUCLEO-F401RE\lib_stm\libLibraries.a(ucg_font.o)
 .text.ucg_font_decode_len
                0x0000000008003d0e      0x118 D:\Năm 3\STM32\app\SDK_1.0.3_NUCLEO-F401RE\lib_stm\libLibraries.a(ucg_font.o)
                0x0000000008003d0e                ucg_font_decode_len
 .text.ucg_font_setup_decode
                0x0000000008003e26       0x64 D:\Năm 3\STM32\app\SDK_1.0.3_NUCLEO-F401RE\lib_stm\libLibraries.a(ucg_font.o)
 .text.ucg_font_decode_glyph
                0x0000000008003e8a      0x14c D:\Năm 3\STM32\app\SDK_1.0.3_NUCLEO-F401RE\lib_stm\libLibraries.a(ucg_font.o)
                0x0000000008003e8a                ucg_font_decode_glyph
 .text.ucg_font_get_glyph_data
                0x0000000008003fd6       0x7a D:\Năm 3\STM32\app\SDK_1.0.3_NUCLEO-F401RE\lib_stm\libLibraries.a(ucg_font.o)
                0x0000000008003fd6                ucg_font_get_glyph_data
 .text.ucg_font_draw_glyph
                0x0000000008004050       0x62 D:\Năm 3\STM32\app\SDK_1.0.3_NUCLEO-F401RE\lib_stm\libLibraries.a(ucg_font.o)
                0x0000000008004050                ucg_font_draw_glyph
 .text.ucg_SetFontMode
                0x00000000080040b2       0x20 D:\Năm 3\STM32\app\SDK_1.0.3_NUCLEO-F401RE\lib_stm\libLibraries.a(ucg_font.o)
                0x00000000080040b2                ucg_SetFontMode
 *fill*         0x00000000080040d2        0x2 
 .text.ucg_DrawGlyph
                0x00000000080040d4       0xb0 D:\Năm 3\STM32\app\SDK_1.0.3_NUCLEO-F401RE\lib_stm\libLibraries.a(ucg_font.o)
                0x00000000080040d4                ucg_DrawGlyph
 .text.task_drawString
                0x0000000008004184      0x138 D:\Năm 3\STM32\app\SDK_1.0.3_NUCLEO-F401RE\lib_stm\libLibraries.a(ucg_font.o)
                0x0000000008004184                task_drawString
 .text.ucg_DrawString
                0x00000000080042bc       0x78 D:\Năm 3\STM32\app\SDK_1.0.3_NUCLEO-F401RE\lib_stm\libLibraries.a(ucg_font.o)
                0x00000000080042bc                ucg_DrawString
 .text.ucg_UpdateRefHeight
                0x0000000008004334       0xd8 D:\Năm 3\STM32\app\SDK_1.0.3_NUCLEO-F401RE\lib_stm\libLibraries.a(ucg_font.o)
                0x0000000008004334                ucg_UpdateRefHeight
 .text.ucg_font_calc_vref_font
                0x000000000800440c       0x16 D:\Năm 3\STM32\app\SDK_1.0.3_NUCLEO-F401RE\lib_stm\libLibraries.a(ucg_font.o)
                0x000000000800440c                ucg_font_calc_vref_font
 *fill*         0x0000000008004422        0x2 
 .text.ucg_SetFontPosBaseline
                0x0000000008004424       0x20 D:\Năm 3\STM32\app\SDK_1.0.3_NUCLEO-F401RE\lib_stm\libLibraries.a(ucg_font.o)
                0x0000000008004424                ucg_SetFontPosBaseline
 .text.ucg_SetFont
                0x0000000008004444       0x4c D:\Năm 3\STM32\app\SDK_1.0.3_NUCLEO-F401RE\lib_stm\libLibraries.a(ucg_font.o)
                0x0000000008004444                ucg_SetFont
 .text.ucg_init_struct
                0x0000000008004490       0x50 D:\Năm 3\STM32\app\SDK_1.0.3_NUCLEO-F401RE\lib_stm\libLibraries.a(ucg_init.o)
                0x0000000008004490                ucg_init_struct
 .text.ucg_Init
                0x00000000080044e0       0x5c D:\Năm 3\STM32\app\SDK_1.0.3_NUCLEO-F401RE\lib_stm\libLibraries.a(ucg_init.o)
                0x00000000080044e0                ucg_Init
 .text.ucg_Draw90Line
                0x000000000800453c       0x88 D:\Năm 3\STM32\app\SDK_1.0.3_NUCLEO-F401RE\lib_stm\libLibraries.a(ucg_line.o)
                0x000000000800453c                ucg_Draw90Line
 .text.ucg_DrawHLine
                0x00000000080045c4       0x3e D:\Năm 3\STM32\app\SDK_1.0.3_NUCLEO-F401RE\lib_stm\libLibraries.a(ucg_line.o)
                0x00000000080045c4                ucg_DrawHLine
 .text.ucg_SetColor
                0x0000000008004602       0x5c D:\Năm 3\STM32\app\SDK_1.0.3_NUCLEO-F401RE\lib_stm\libLibraries.a(ucg_pixel.o)
                0x0000000008004602                ucg_SetColor
 .text.ucg_UndoRotate
                0x000000000800465e       0x32 D:\Năm 3\STM32\app\SDK_1.0.3_NUCLEO-F401RE\lib_stm\libLibraries.a(ucg_rotate.o)
                0x000000000800465e                ucg_UndoRotate
 .text.ucg_rotate_180_xy
                0x0000000008004690       0x66 D:\Năm 3\STM32\app\SDK_1.0.3_NUCLEO-F401RE\lib_stm\libLibraries.a(ucg_rotate.o)
 *fill*         0x00000000080046f6        0x2 
 .text.ucg_dev_rotate180
                0x00000000080046f8      0x100 D:\Năm 3\STM32\app\SDK_1.0.3_NUCLEO-F401RE\lib_stm\libLibraries.a(ucg_rotate.o)
                0x00000000080046f8                ucg_dev_rotate180
 .text.ucg_SetRotate180
                0x00000000080047f8       0x34 D:\Năm 3\STM32\app\SDK_1.0.3_NUCLEO-F401RE\lib_stm\libLibraries.a(ucg_rotate.o)
                0x00000000080047f8                ucg_SetRotate180
 .text.bufInit  0x000000000800482c       0x36 D:\Năm 3\STM32\app\SDK_1.0.3_NUCLEO-F401RE\lib_stm\libLibraries.a(buff.o)
                0x000000000800482c                bufInit
 .text.bufNumItems
                0x0000000008004862       0x18 D:\Năm 3\STM32\app\SDK_1.0.3_NUCLEO-F401RE\lib_stm\libLibraries.a(buff.o)
                0x0000000008004862                bufNumItems
 .text.bufIsFull
                0x000000000800487a       0x26 D:\Năm 3\STM32\app\SDK_1.0.3_NUCLEO-F401RE\lib_stm\libLibraries.a(buff.o)
                0x000000000800487a                bufIsFull
 .text.bufIsEmpty
                0x00000000080048a0       0x26 D:\Năm 3\STM32\app\SDK_1.0.3_NUCLEO-F401RE\lib_stm\libLibraries.a(buff.o)
                0x00000000080048a0                bufIsEmpty
 .text.bufFlush
                0x00000000080048c6       0x32 D:\Năm 3\STM32\app\SDK_1.0.3_NUCLEO-F401RE\lib_stm\libLibraries.a(buff.o)
                0x00000000080048c6                bufFlush
 .text.bufEnDat
                0x00000000080048f8       0x9c D:\Năm 3\STM32\app\SDK_1.0.3_NUCLEO-F401RE\lib_stm\libLibraries.a(buff.o)
                0x00000000080048f8                bufEnDat
 .text.bufDeDat
                0x0000000008004994       0x84 D:\Năm 3\STM32\app\SDK_1.0.3_NUCLEO-F401RE\lib_stm\libLibraries.a(buff.o)
                0x0000000008004994                bufDeDat
 .text.memsetl  0x0000000008004a18       0x32 D:\Năm 3\STM32\app\SDK_1.0.3_NUCLEO-F401RE\lib_stm\libLibraries.a(utilities.o)
                0x0000000008004a18                memsetl
 .text.USART_ReceiveData
                0x0000000008004a4a       0x20 D:\Năm 3\STM32\app\SDK_1.0.3_NUCLEO-F401RE\lib_stm\libLibraries.a(stm32f401re_usart.o)
                0x0000000008004a4a                USART_ReceiveData
 .text.USART_GetITStatus
                0x0000000008004a6a       0xb6 D:\Năm 3\STM32\app\SDK_1.0.3_NUCLEO-F401RE\lib_stm\libLibraries.a(stm32f401re_usart.o)
                0x0000000008004a6a                USART_GetITStatus
 .text.USART_ClearITPendingBit
                0x0000000008004b20       0x3a D:\Năm 3\STM32\app\SDK_1.0.3_NUCLEO-F401RE\lib_stm\libLibraries.a(stm32f401re_usart.o)
                0x0000000008004b20                USART_ClearITPendingBit
 .text.ucg_clip_is_x_visible
                0x0000000008004b5a       0x4a D:\Năm 3\STM32\app\SDK_1.0.3_NUCLEO-F401RE\lib_stm\libLibraries.a(ucg_clip.o)
 .text.ucg_clip_is_y_visible
                0x0000000008004ba4       0x4a D:\Năm 3\STM32\app\SDK_1.0.3_NUCLEO-F401RE\lib_stm\libLibraries.a(ucg_clip.o)
 .text.ucg_clip_intersection
                0x0000000008004bee       0x74 D:\Năm 3\STM32\app\SDK_1.0.3_NUCLEO-F401RE\lib_stm\libLibraries.a(ucg_clip.o)
 .text.ucg_clip_is_pixel_visible
                0x0000000008004c62       0x32 D:\Năm 3\STM32\app\SDK_1.0.3_NUCLEO-F401RE\lib_stm\libLibraries.a(ucg_clip.o)
                0x0000000008004c62                ucg_clip_is_pixel_visible
 .text.ucg_clip_l90fx
                0x0000000008004c94      0x300 D:\Năm 3\STM32\app\SDK_1.0.3_NUCLEO-F401RE\lib_stm\libLibraries.a(ucg_clip.o)
                0x0000000008004c94                ucg_clip_l90fx
 .text.ucg_clip_l90se
                0x0000000008004f94       0x54 D:\Năm 3\STM32\app\SDK_1.0.3_NUCLEO-F401RE\lib_stm\libLibraries.a(ucg_clip.o)
                0x0000000008004f94                ucg_clip_l90se
 .text.ucg_com_PowerDown
                0x0000000008004fe8       0x3e D:\Năm 3\STM32\app\SDK_1.0.3_NUCLEO-F401RE\lib_stm\libLibraries.a(ucg_com_msg_api.o)
                0x0000000008004fe8                ucg_com_PowerDown
 .text.ucg_com_PowerUp
                0x0000000008005026       0x60 D:\Năm 3\STM32\app\SDK_1.0.3_NUCLEO-F401RE\lib_stm\libLibraries.a(ucg_com_msg_api.o)
                0x0000000008005026                ucg_com_PowerUp
 .text.ucg_com_SetLineStatus
                0x0000000008005086       0xe2 D:\Năm 3\STM32\app\SDK_1.0.3_NUCLEO-F401RE\lib_stm\libLibraries.a(ucg_com_msg_api.o)
                0x0000000008005086                ucg_com_SetLineStatus
 .text.ucg_com_SetResetLineStatus
                0x0000000008005168       0x20 D:\Năm 3\STM32\app\SDK_1.0.3_NUCLEO-F401RE\lib_stm\libLibraries.a(ucg_com_msg_api.o)
                0x0000000008005168                ucg_com_SetResetLineStatus
 .text.ucg_com_SetCSLineStatus
                0x0000000008005188       0x20 D:\Năm 3\STM32\app\SDK_1.0.3_NUCLEO-F401RE\lib_stm\libLibraries.a(ucg_com_msg_api.o)
                0x0000000008005188                ucg_com_SetCSLineStatus
 .text.ucg_com_SetCDLineStatus
                0x00000000080051a8       0x20 D:\Năm 3\STM32\app\SDK_1.0.3_NUCLEO-F401RE\lib_stm\libLibraries.a(ucg_com_msg_api.o)
                0x00000000080051a8                ucg_com_SetCDLineStatus
 .text.ucg_com_DelayMicroseconds
                0x00000000080051c8       0x22 D:\Năm 3\STM32\app\SDK_1.0.3_NUCLEO-F401RE\lib_stm\libLibraries.a(ucg_com_msg_api.o)
                0x00000000080051c8                ucg_com_DelayMicroseconds
 .text.ucg_com_DelayMilliseconds
                0x00000000080051ea       0x2c D:\Năm 3\STM32\app\SDK_1.0.3_NUCLEO-F401RE\lib_stm\libLibraries.a(ucg_com_msg_api.o)
                0x00000000080051ea                ucg_com_DelayMilliseconds
 .text.ucg_com_SendByte
                0x0000000008005216       0x24 D:\Năm 3\STM32\app\SDK_1.0.3_NUCLEO-F401RE\lib_stm\libLibraries.a(ucg_com_msg_api.o)
                0x0000000008005216                ucg_com_SendByte
 .text.ucg_com_SendStringP
                0x000000000800523a       0x40 D:\Năm 3\STM32\app\SDK_1.0.3_NUCLEO-F401RE\lib_stm\libLibraries.a(ucg_com_msg_api.o)
                0x000000000800523a                ucg_com_SendStringP
 .text.ucg_com_SendCmdArg
                0x000000000800527a       0x74 D:\Năm 3\STM32\app\SDK_1.0.3_NUCLEO-F401RE\lib_stm\libLibraries.a(ucg_com_msg_api.o)
 *fill*         0x00000000080052ee        0x2 
 .text.ucg_com_SendCmdSeq
                0x00000000080052f0      0x278 D:\Năm 3\STM32\app\SDK_1.0.3_NUCLEO-F401RE\lib_stm\libLibraries.a(ucg_com_msg_api.o)
                0x00000000080052f0                ucg_com_SendCmdSeq
 .text.sprintf  0x0000000008005568       0x40 C:/ST/STM32CubeIDE_1.14.0/STM32CubeIDE/plugins/com.st.stm32cube.ide.mcu.externaltools.gnu-tools-for-stm32.11.3.rel1.win32_1.1.100.202309141235/tools/bin/../lib/gcc/arm-none-eabi/11.3.1/../../../../arm-none-eabi/lib/thumb/v7e-m+fp/hard\libc_nano.a(libc_a-sprintf.o)
                0x0000000008005568                siprintf
                0x0000000008005568                sprintf
 .text.memset   0x00000000080055a8       0x10 C:/ST/STM32CubeIDE_1.14.0/STM32CubeIDE/plugins/com.st.stm32cube.ide.mcu.externaltools.gnu-tools-for-stm32.11.3.rel1.win32_1.1.100.202309141235/tools/bin/../lib/gcc/arm-none-eabi/11.3.1/../../../../arm-none-eabi/lib/thumb/v7e-m+fp/hard\libc_nano.a(libc_a-memset.o)
                0x00000000080055a8                memset
 .text.__errno  0x00000000080055b8        0xc C:/ST/STM32CubeIDE_1.14.0/STM32CubeIDE/plugins/com.st.stm32cube.ide.mcu.externaltools.gnu-tools-for-stm32.11.3.rel1.win32_1.1.100.202309141235/tools/bin/../lib/gcc/arm-none-eabi/11.3.1/../../../../arm-none-eabi/lib/thumb/v7e-m+fp/hard\libc_nano.a(libc_a-errno.o)
                0x00000000080055b8                __errno
 .text.__libc_init_array
                0x00000000080055c4       0x48 C:/ST/STM32CubeIDE_1.14.0/STM32CubeIDE/plugins/com.st.stm32cube.ide.mcu.externaltools.gnu-tools-for-stm32.11.3.rel1.win32_1.1.100.202309141235/tools/bin/../lib/gcc/arm-none-eabi/11.3.1/../../../../arm-none-eabi/lib/thumb/v7e-m+fp/hard\libc_nano.a(libc_a-init.o)
                0x00000000080055c4                __libc_init_array
 .text.__retarget_lock_acquire_recursive
                0x000000000800560c        0x2 C:/ST/STM32CubeIDE_1.14.0/STM32CubeIDE/plugins/com.st.stm32cube.ide.mcu.externaltools.gnu-tools-for-stm32.11.3.rel1.win32_1.1.100.202309141235/tools/bin/../lib/gcc/arm-none-eabi/11.3.1/../../../../arm-none-eabi/lib/thumb/v7e-m+fp/hard\libc_nano.a(libc_a-lock.o)
                0x000000000800560c                __retarget_lock_acquire_recursive
 .text.__retarget_lock_release_recursive
                0x000000000800560e        0x2 C:/ST/STM32CubeIDE_1.14.0/STM32CubeIDE/plugins/com.st.stm32cube.ide.mcu.externaltools.gnu-tools-for-stm32.11.3.rel1.win32_1.1.100.202309141235/tools/bin/../lib/gcc/arm-none-eabi/11.3.1/../../../../arm-none-eabi/lib/thumb/v7e-m+fp/hard\libc_nano.a(libc_a-lock.o)
                0x000000000800560e                __retarget_lock_release_recursive
 .text._free_r  0x0000000008005610       0x98 C:/ST/STM32CubeIDE_1.14.0/STM32CubeIDE/plugins/com.st.stm32cube.ide.mcu.externaltools.gnu-tools-for-stm32.11.3.rel1.win32_1.1.100.202309141235/tools/bin/../lib/gcc/arm-none-eabi/11.3.1/../../../../arm-none-eabi/lib/thumb/v7e-m+fp/hard\libc_nano.a(libc_a-freer.o)
                0x0000000008005610                _free_r
 .text.sbrk_aligned
                0x00000000080056a8       0x40 C:/ST/STM32CubeIDE_1.14.0/STM32CubeIDE/plugins/com.st.stm32cube.ide.mcu.externaltools.gnu-tools-for-stm32.11.3.rel1.win32_1.1.100.202309141235/tools/bin/../lib/gcc/arm-none-eabi/11.3.1/../../../../arm-none-eabi/lib/thumb/v7e-m+fp/hard\libc_nano.a(libc_a-mallocr.o)
 .text._malloc_r
                0x00000000080056e8      0x100 C:/ST/STM32CubeIDE_1.14.0/STM32CubeIDE/plugins/com.st.stm32cube.ide.mcu.externaltools.gnu-tools-for-stm32.11.3.rel1.win32_1.1.100.202309141235/tools/bin/../lib/gcc/arm-none-eabi/11.3.1/../../../../arm-none-eabi/lib/thumb/v7e-m+fp/hard\libc_nano.a(libc_a-mallocr.o)
                0x00000000080056e8                _malloc_r
 .text.__malloc_lock
                0x00000000080057e8        0xc C:/ST/STM32CubeIDE_1.14.0/STM32CubeIDE/plugins/com.st.stm32cube.ide.mcu.externaltools.gnu-tools-for-stm32.11.3.rel1.win32_1.1.100.202309141235/tools/bin/../lib/gcc/arm-none-eabi/11.3.1/../../../../arm-none-eabi/lib/thumb/v7e-m+fp/hard\libc_nano.a(libc_a-mlock.o)
                0x00000000080057e8                __malloc_lock
 .text.__malloc_unlock
                0x00000000080057f4        0xc C:/ST/STM32CubeIDE_1.14.0/STM32CubeIDE/plugins/com.st.stm32cube.ide.mcu.externaltools.gnu-tools-for-stm32.11.3.rel1.win32_1.1.100.202309141235/tools/bin/../lib/gcc/arm-none-eabi/11.3.1/../../../../arm-none-eabi/lib/thumb/v7e-m+fp/hard\libc_nano.a(libc_a-mlock.o)
                0x00000000080057f4                __malloc_unlock
 .text.__ssputs_r
                0x0000000008005800       0xb4 C:/ST/STM32CubeIDE_1.14.0/STM32CubeIDE/plugins/com.st.stm32cube.ide.mcu.externaltools.gnu-tools-for-stm32.11.3.rel1.win32_1.1.100.202309141235/tools/bin/../lib/gcc/arm-none-eabi/11.3.1/../../../../arm-none-eabi/lib/thumb/v7e-m+fp/hard\libc_nano.a(libc_a-nano-svfprintf.o)
                0x0000000008005800                __ssputs_r
 .text._svfprintf_r
                0x00000000080058b4      0x1fc C:/ST/STM32CubeIDE_1.14.0/STM32CubeIDE/plugins/com.st.stm32cube.ide.mcu.externaltools.gnu-tools-for-stm32.11.3.rel1.win32_1.1.100.202309141235/tools/bin/../lib/gcc/arm-none-eabi/11.3.1/../../../../arm-none-eabi/lib/thumb/v7e-m+fp/hard\libc_nano.a(libc_a-nano-svfprintf.o)
                0x00000000080058b4                _svfiprintf_r
                0x00000000080058b4                _svfprintf_r
 .text._printf_common
                0x0000000008005ab0       0xda C:/ST/STM32CubeIDE_1.14.0/STM32CubeIDE/plugins/com.st.stm32cube.ide.mcu.externaltools.gnu-tools-for-stm32.11.3.rel1.win32_1.1.100.202309141235/tools/bin/../lib/gcc/arm-none-eabi/11.3.1/../../../../arm-none-eabi/lib/thumb/v7e-m+fp/hard\libc_nano.a(libc_a-nano-vfprintf_i.o)
                0x0000000008005ab0                _printf_common
 *fill*         0x0000000008005b8a        0x2 
 .text._printf_i
                0x0000000008005b8c      0x244 C:/ST/STM32CubeIDE_1.14.0/STM32CubeIDE/plugins/com.st.stm32cube.ide.mcu.externaltools.gnu-tools-for-stm32.11.3.rel1.win32_1.1.100.202309141235/tools/bin/../lib/gcc/arm-none-eabi/11.3.1/../../../../arm-none-eabi/lib/thumb/v7e-m+fp/hard\libc_nano.a(libc_a-nano-vfprintf_i.o)
                0x0000000008005b8c                _printf_i
 .text.memmove  0x0000000008005dd0       0x34 C:/ST/STM32CubeIDE_1.14.0/STM32CubeIDE/plugins/com.st.stm32cube.ide.mcu.externaltools.gnu-tools-for-stm32.11.3.rel1.win32_1.1.100.202309141235/tools/bin/../lib/gcc/arm-none-eabi/11.3.1/../../../../arm-none-eabi/lib/thumb/v7e-m+fp/hard\libc_nano.a(libc_a-memmove.o)
                0x0000000008005dd0                memmove
 .text._sbrk_r  0x0000000008005e04       0x20 C:/ST/STM32CubeIDE_1.14.0/STM32CubeIDE/plugins/com.st.stm32cube.ide.mcu.externaltools.gnu-tools-for-stm32.11.3.rel1.win32_1.1.100.202309141235/tools/bin/../lib/gcc/arm-none-eabi/11.3.1/../../../../arm-none-eabi/lib/thumb/v7e-m+fp/hard\libc_nano.a(libc_a-sbrkr.o)
                0x0000000008005e04                _sbrk_r
 .text.memcpy   0x0000000008005e24       0x1c C:/ST/STM32CubeIDE_1.14.0/STM32CubeIDE/plugins/com.st.stm32cube.ide.mcu.externaltools.gnu-tools-for-stm32.11.3.rel1.win32_1.1.100.202309141235/tools/bin/../lib/gcc/arm-none-eabi/11.3.1/../../../../arm-none-eabi/lib/thumb/v7e-m+fp/hard\libc_nano.a(libc_a-memcpy-stub.o)
                0x0000000008005e24                memcpy
 .text._realloc_r
                0x0000000008005e40       0x5e C:/ST/STM32CubeIDE_1.14.0/STM32CubeIDE/plugins/com.st.stm32cube.ide.mcu.externaltools.gnu-tools-for-stm32.11.3.rel1.win32_1.1.100.202309141235/tools/bin/../lib/gcc/arm-none-eabi/11.3.1/../../../../arm-none-eabi/lib/thumb/v7e-m+fp/hard\libc_nano.a(libc_a-reallocr.o)
                0x0000000008005e40                _realloc_r
 .text._malloc_usable_size_r
                0x0000000008005e9e       0x10 C:/ST/STM32CubeIDE_1.14.0/STM32CubeIDE/plugins/com.st.stm32cube.ide.mcu.externaltools.gnu-tools-for-stm32.11.3.rel1.win32_1.1.100.202309141235/tools/bin/../lib/gcc/arm-none-eabi/11.3.1/../../../../arm-none-eabi/lib/thumb/v7e-m+fp/hard\libc_nano.a(libc_a-msizer.o)
                0x0000000008005e9e                _malloc_usable_size_r
 *(.glue_7)
 .glue_7        0x0000000008005eae        0x0 linker stubs
 *(.glue_7t)
 .glue_7t       0x0000000008005eae        0x0 linker stubs
 *(.eh_frame)
 *fill*         0x0000000008005eae        0x2 
 .eh_frame      0x0000000008005eb0        0x0 C:/ST/STM32CubeIDE_1.14.0/STM32CubeIDE/plugins/com.st.stm32cube.ide.mcu.externaltools.gnu-tools-for-stm32.11.3.rel1.win32_1.1.100.202309141235/tools/bin/../lib/gcc/arm-none-eabi/11.3.1/thumb/v7e-m+fp/hard/crtbegin.o
 *(.init)
 .init          0x0000000008005eb0        0x4 C:/ST/STM32CubeIDE_1.14.0/STM32CubeIDE/plugins/com.st.stm32cube.ide.mcu.externaltools.gnu-tools-for-stm32.11.3.rel1.win32_1.1.100.202309141235/tools/bin/../lib/gcc/arm-none-eabi/11.3.1/thumb/v7e-m+fp/hard/crti.o
                0x0000000008005eb0                _init
 .init          0x0000000008005eb4        0x8 C:/ST/STM32CubeIDE_1.14.0/STM32CubeIDE/plugins/com.st.stm32cube.ide.mcu.externaltools.gnu-tools-for-stm32.11.3.rel1.win32_1.1.100.202309141235/tools/bin/../lib/gcc/arm-none-eabi/11.3.1/thumb/v7e-m+fp/hard/crtn.o
 *(.fini)
 .fini          0x0000000008005ebc        0x4 C:/ST/STM32CubeIDE_1.14.0/STM32CubeIDE/plugins/com.st.stm32cube.ide.mcu.externaltools.gnu-tools-for-stm32.11.3.rel1.win32_1.1.100.202309141235/tools/bin/../lib/gcc/arm-none-eabi/11.3.1/thumb/v7e-m+fp/hard/crti.o
                0x0000000008005ebc                _fini
 .fini          0x0000000008005ec0        0x8 C:/ST/STM32CubeIDE_1.14.0/STM32CubeIDE/plugins/com.st.stm32cube.ide.mcu.externaltools.gnu-tools-for-stm32.11.3.rel1.win32_1.1.100.202309141235/tools/bin/../lib/gcc/arm-none-eabi/11.3.1/thumb/v7e-m+fp/hard/crtn.o
                0x0000000008005ec8                . = ALIGN (0x4)
                0x0000000008005ec8                _etext = .

.vfp11_veneer   0x0000000008005ec8        0x0
 .vfp11_veneer  0x0000000008005ec8        0x0 linker stubs

.v4_bx          0x0000000008005ec8        0x0
 .v4_bx         0x0000000008005ec8        0x0 linker stubs

.iplt           0x0000000008005ec8        0x0
 .iplt          0x0000000008005ec8        0x0 C:/ST/STM32CubeIDE_1.14.0/STM32CubeIDE/plugins/com.st.stm32cube.ide.mcu.externaltools.gnu-tools-for-stm32.11.3.rel1.win32_1.1.100.202309141235/tools/bin/../lib/gcc/arm-none-eabi/11.3.1/thumb/v7e-m+fp/hard/crtbegin.o

.rodata         0x0000000008005ec8     0x1110
                0x0000000008005ec8                . = ALIGN (0x4)
 *(.rodata)
 .rodata        0x0000000008005ec8       0x76 ./Src/main.o
 *fill*         0x0000000008005f3e        0x2 
 .rodata        0x0000000008005f40        0xf D:\Năm 3\STM32\app\SDK_1.0.3_NUCLEO-F401RE\lib_stm\libLibraries.a(ucg_font.o)
 *(.rodata*)
 *fill*         0x0000000008005f4f        0x1 
 .rodata.ucg_st7735_set_pos_seq
                0x0000000008005f50       0x1e D:\Năm 3\STM32\app\SDK_1.0.3_NUCLEO-F401RE\lib_stm\libLibraries.a(ucg_dev_ic_st7735.o)
                0x0000000008005f50                ucg_st7735_set_pos_seq
 *fill*         0x0000000008005f6e        0x2 
 .rodata.ucg_st7735_set_pos_dir0_seq
                0x0000000008005f70       0x1e D:\Năm 3\STM32\app\SDK_1.0.3_NUCLEO-F401RE\lib_stm\libLibraries.a(ucg_dev_ic_st7735.o)
                0x0000000008005f70                ucg_st7735_set_pos_dir0_seq
 *fill*         0x0000000008005f8e        0x2 
 .rodata.ucg_st7735_set_pos_dir1_seq
                0x0000000008005f90       0x21 D:\Năm 3\STM32\app\SDK_1.0.3_NUCLEO-F401RE\lib_stm\libLibraries.a(ucg_dev_ic_st7735.o)
                0x0000000008005f90                ucg_st7735_set_pos_dir1_seq
 *fill*         0x0000000008005fb1        0x3 
 .rodata.ucg_st7735_set_pos_dir2_seq
                0x0000000008005fb4       0x21 D:\Năm 3\STM32\app\SDK_1.0.3_NUCLEO-F401RE\lib_stm\libLibraries.a(ucg_dev_ic_st7735.o)
                0x0000000008005fb4                ucg_st7735_set_pos_dir2_seq
 *fill*         0x0000000008005fd5        0x3 
 .rodata.ucg_st7735_set_pos_dir3_seq
                0x0000000008005fd8       0x24 D:\Năm 3\STM32\app\SDK_1.0.3_NUCLEO-F401RE\lib_stm\libLibraries.a(ucg_dev_ic_st7735.o)
                0x0000000008005fd8                ucg_st7735_set_pos_dir3_seq
 .rodata.ucg_st7735_power_down_seq
                0x0000000008005ffc        0x7 D:\Năm 3\STM32\app\SDK_1.0.3_NUCLEO-F401RE\lib_stm\libLibraries.a(ucg_dev_ic_st7735.o)
 *fill*         0x0000000008006003        0x1 
 .rodata.ucg_tft_128x160_st7735_init_seq
                0x0000000008006004       0x2c D:\Năm 3\STM32\app\SDK_1.0.3_NUCLEO-F401RE\lib_stm\libLibraries.a(ucg_dev_tft_128x128_st7735.o)
 .rodata.ucg_font_ncenR10_hf
                0x0000000008006030      0xf75 D:\Năm 3\STM32\app\SDK_1.0.3_NUCLEO-F401RE\lib_stm\libLibraries.a(ucg_pixel_font_data.o)
                0x0000000008006030                ucg_font_ncenR10_hf
 .rodata._svfprintf_r.str1.1
                0x0000000008006fa5       0x11 C:/ST/STM32CubeIDE_1.14.0/STM32CubeIDE/plugins/com.st.stm32cube.ide.mcu.externaltools.gnu-tools-for-stm32.11.3.rel1.win32_1.1.100.202309141235/tools/bin/../lib/gcc/arm-none-eabi/11.3.1/../../../../arm-none-eabi/lib/thumb/v7e-m+fp/hard\libc_nano.a(libc_a-nano-svfprintf.o)
 .rodata._printf_i.str1.1
                0x0000000008006fb6       0x22 C:/ST/STM32CubeIDE_1.14.0/STM32CubeIDE/plugins/com.st.stm32cube.ide.mcu.externaltools.gnu-tools-for-stm32.11.3.rel1.win32_1.1.100.202309141235/tools/bin/../lib/gcc/arm-none-eabi/11.3.1/../../../../arm-none-eabi/lib/thumb/v7e-m+fp/hard\libc_nano.a(libc_a-nano-vfprintf_i.o)
                0x0000000008006fd8                . = ALIGN (0x4)

.rel.dyn        0x0000000008006fd8        0x0
 .rel.iplt      0x0000000008006fd8        0x0 C:/ST/STM32CubeIDE_1.14.0/STM32CubeIDE/plugins/com.st.stm32cube.ide.mcu.externaltools.gnu-tools-for-stm32.11.3.rel1.win32_1.1.100.202309141235/tools/bin/../lib/gcc/arm-none-eabi/11.3.1/thumb/v7e-m+fp/hard/crtbegin.o

.ARM.extab      0x0000000008006fd8        0x0
                0x0000000008006fd8                . = ALIGN (0x4)
 *(.ARM.extab* .gnu.linkonce.armextab.*)
                0x0000000008006fd8                . = ALIGN (0x4)

.ARM            0x0000000008006fd8        0x0
                0x0000000008006fd8                . = ALIGN (0x4)
                0x0000000008006fd8                __exidx_start = .
 *(.ARM.exidx*)
                0x0000000008006fd8                __exidx_end = .
                0x0000000008006fd8                . = ALIGN (0x4)

.preinit_array  0x0000000008006fd8        0x0
                0x0000000008006fd8                . = ALIGN (0x4)
                0x0000000008006fd8                PROVIDE (__preinit_array_start = .)
 *(.preinit_array*)
                0x0000000008006fd8                PROVIDE (__preinit_array_end = .)
                0x0000000008006fd8                . = ALIGN (0x4)

.init_array     0x0000000008006fd8        0x4
                0x0000000008006fd8                . = ALIGN (0x4)
                0x0000000008006fd8                PROVIDE (__init_array_start = .)
 *(SORT_BY_NAME(.init_array.*))
 *(.init_array*)
 .init_array    0x0000000008006fd8        0x4 C:/ST/STM32CubeIDE_1.14.0/STM32CubeIDE/plugins/com.st.stm32cube.ide.mcu.externaltools.gnu-tools-for-stm32.11.3.rel1.win32_1.1.100.202309141235/tools/bin/../lib/gcc/arm-none-eabi/11.3.1/thumb/v7e-m+fp/hard/crtbegin.o
                0x0000000008006fdc                PROVIDE (__init_array_end = .)
                0x0000000008006fdc                . = ALIGN (0x4)

.fini_array     0x0000000008006fdc        0x4
                0x0000000008006fdc                . = ALIGN (0x4)
                [!provide]                        PROVIDE (__fini_array_start = .)
 *(SORT_BY_NAME(.fini_array.*))
 *(.fini_array*)
 .fini_array    0x0000000008006fdc        0x4 C:/ST/STM32CubeIDE_1.14.0/STM32CubeIDE/plugins/com.st.stm32cube.ide.mcu.externaltools.gnu-tools-for-stm32.11.3.rel1.win32_1.1.100.202309141235/tools/bin/../lib/gcc/arm-none-eabi/11.3.1/thumb/v7e-m+fp/hard/crtbegin.o
                [!provide]                        PROVIDE (__fini_array_end = .)
                0x0000000008006fe0                . = ALIGN (0x4)
                0x0000000008006fe0                _sidata = LOADADDR (.data)

.data           0x0000000020000000       0x78 load address 0x0000000008006fe0
                0x0000000020000000                . = ALIGN (0x4)
                0x0000000020000000                _sdata = .
 *(.data)
 *(.data*)
 .data.APBAHBPrescTable
                0x0000000020000000       0x10 ./Drivers/src/stm32f401re_rcc.o
 .data.SystemCoreClock
                0x0000000020000010        0x4 D:\Năm 3\STM32\app\SDK_1.0.3_NUCLEO-F401RE\lib_stm\libLibraries.a(system_stm32f4xx.o)
                0x0000000020000010                SystemCoreClock
 .data.AHBPrescTable
                0x0000000020000014       0x10 D:\Năm 3\STM32\app\SDK_1.0.3_NUCLEO-F401RE\lib_stm\libLibraries.a(system_stm32f4xx.o)
                0x0000000020000014                AHBPrescTable
 .data.idTaskScanDecodeLen
                0x0000000020000024        0x1 D:\Năm 3\STM32\app\SDK_1.0.3_NUCLEO-F401RE\lib_stm\libLibraries.a(ucg_font.o)
 *fill*         0x0000000020000025        0x3 
 .data._impure_data
                0x0000000020000028       0x4c C:/ST/STM32CubeIDE_1.14.0/STM32CubeIDE/plugins/com.st.stm32cube.ide.mcu.externaltools.gnu-tools-for-stm32.11.3.rel1.win32_1.1.100.202309141235/tools/bin/../lib/gcc/arm-none-eabi/11.3.1/../../../../arm-none-eabi/lib/thumb/v7e-m+fp/hard\libc_nano.a(libc_a-impure.o)
                0x0000000020000028                _impure_data
 .data._impure_ptr
                0x0000000020000074        0x4 C:/ST/STM32CubeIDE_1.14.0/STM32CubeIDE/plugins/com.st.stm32cube.ide.mcu.externaltools.gnu-tools-for-stm32.11.3.rel1.win32_1.1.100.202309141235/tools/bin/../lib/gcc/arm-none-eabi/11.3.1/../../../../arm-none-eabi/lib/thumb/v7e-m+fp/hard\libc_nano.a(libc_a-impure.o)
                0x0000000020000074                _impure_ptr
 *(.RamFunc)
 *(.RamFunc*)
                0x0000000020000078                . = ALIGN (0x4)
                0x0000000020000078                _edata = .

.igot.plt       0x0000000020000078        0x0 load address 0x0000000008007058
 .igot.plt      0x0000000020000078        0x0 C:/ST/STM32CubeIDE_1.14.0/STM32CubeIDE/plugins/com.st.stm32cube.ide.mcu.externaltools.gnu-tools-for-stm32.11.3.rel1.win32_1.1.100.202309141235/tools/bin/../lib/gcc/arm-none-eabi/11.3.1/thumb/v7e-m+fp/hard/crtbegin.o
                0x0000000020000078                . = ALIGN (0x4)

.bss            0x0000000020000078     0x1468 load address 0x0000000008007058
                0x0000000020000078                _sbss = .
                0x0000000020000078                __bss_start__ = _sbss
 *(.bss)
 .bss           0x0000000020000078       0x1c C:/ST/STM32CubeIDE_1.14.0/STM32CubeIDE/plugins/com.st.stm32cube.ide.mcu.externaltools.gnu-tools-for-stm32.11.3.rel1.win32_1.1.100.202309141235/tools/bin/../lib/gcc/arm-none-eabi/11.3.1/thumb/v7e-m+fp/hard/crtbegin.o
 *(.bss*)
 .bss._err_measure
                0x0000000020000094        0x4 ./Drivers/src/kalman_filter.o
 .bss._err_estimate
                0x0000000020000098        0x4 ./Drivers/src/kalman_filter.o
 .bss._q        0x000000002000009c        0x4 ./Drivers/src/kalman_filter.o
 .bss._current_estimate
                0x00000000200000a0        0x4 ./Drivers/src/kalman_filter.o
 .bss._last_estimate
                0x00000000200000a4        0x4 ./Drivers/src/kalman_filter.o
 .bss._kalman_gain
                0x00000000200000a8        0x4 ./Drivers/src/kalman_filter.o
 .bss.ucg       0x00000000200000ac       0xb4 ./Src/main.o
 .bss.time_initial
                0x0000000020000160        0x4 ./Src/main.o
                0x0000000020000160                time_initial
 .bss.time_current
                0x0000000020000164        0x4 ./Src/main.o
                0x0000000020000164                time_current
 .bss.idTimer   0x0000000020000168        0x4 ./Src/main.o
                0x0000000020000168                idTimer
 .bss.src1      0x000000002000016c       0x14 ./Src/main.o
 .bss.src2      0x0000000020000180       0x14 ./Src/main.o
 .bss.src3      0x0000000020000194       0x14 ./Src/main.o
 .bss.src4      0x00000000200001a8       0x14 ./Src/main.o
 .bss.src5      0x00000000200001bc       0x14 ./Src/main.o
 .bss.time_total
                0x00000000200001d0        0x4 ./Src/main.o
 .bss.temperature
                0x00000000200001d4        0x1 ./Src/main.o
 .bss.humidity  0x00000000200001d5        0x1 ./Src/main.o
 .bss.temperature1
                0x00000000200001d6        0x1 ./Src/main.o
 .bss.humidity1
                0x00000000200001d7        0x1 ./Src/main.o
 .bss.Kanman_light
                0x00000000200001d8        0x2 ./Src/main.o
 .bss.AdcValue  0x00000000200001da        0x2 ./Src/main.o
                0x00000000200001da                AdcValue
 .bss.lightLevelAfterFilter
                0x00000000200001dc        0x2 ./Src/main.o
 *fill*         0x00000000200001de        0x2 
 .bss.dwTimeInit.1
                0x00000000200001e0        0x4 ./Src/main.o
 .bss.dwTimeTotal.0
                0x00000000200001e4        0x4 ./Src/main.o
 .bss.__sbrk_heap_end
                0x00000000200001e8        0x4 ./Src/sysmem.o
 .bss.g_pTimerHandle
                0x00000000200001ec      0x180 D:\Năm 3\STM32\app\SDK_1.0.3_NUCLEO-F401RE\lib_stm\libLibraries.a(timer.o)
 .bss.g_wMilSecTickTimer
                0x000000002000036c        0x4 D:\Năm 3\STM32\app\SDK_1.0.3_NUCLEO-F401RE\lib_stm\libLibraries.a(timer.o)
 .bss.g_pUartQueueRx
                0x0000000020000370        0x8 D:\Năm 3\STM32\app\SDK_1.0.3_NUCLEO-F401RE\lib_stm\libLibraries.a(serial.o)
 .bss.fontQueue
                0x0000000020000378       0x10 D:\Năm 3\STM32\app\SDK_1.0.3_NUCLEO-F401RE\lib_stm\libLibraries.a(ucg_font.o)
 .bss.pQueueFont
                0x0000000020000388     0x1000 D:\Năm 3\STM32\app\SDK_1.0.3_NUCLEO-F401RE\lib_stm\libLibraries.a(ucg_font.o)
 .bss.next.7562
                0x0000000020001388        0x1 D:\Năm 3\STM32\app\SDK_1.0.3_NUCLEO-F401RE\lib_stm\libLibraries.a(ucg_font.o)
 *fill*         0x0000000020001389        0x3 
 .bss.__sf      0x000000002000138c      0x138 C:/ST/STM32CubeIDE_1.14.0/STM32CubeIDE/plugins/com.st.stm32cube.ide.mcu.externaltools.gnu-tools-for-stm32.11.3.rel1.win32_1.1.100.202309141235/tools/bin/../lib/gcc/arm-none-eabi/11.3.1/../../../../arm-none-eabi/lib/thumb/v7e-m+fp/hard\libc_nano.a(libc_a-findfp.o)
                0x000000002000138c                __sf
 .bss.errno     0x00000000200014c4        0x4 C:/ST/STM32CubeIDE_1.14.0/STM32CubeIDE/plugins/com.st.stm32cube.ide.mcu.externaltools.gnu-tools-for-stm32.11.3.rel1.win32_1.1.100.202309141235/tools/bin/../lib/gcc/arm-none-eabi/11.3.1/../../../../arm-none-eabi/lib/thumb/v7e-m+fp/hard\libc_nano.a(libc_a-reent.o)
                0x00000000200014c4                errno
 .bss.__lock___malloc_recursive_mutex
                0x00000000200014c8        0x1 C:/ST/STM32CubeIDE_1.14.0/STM32CubeIDE/plugins/com.st.stm32cube.ide.mcu.externaltools.gnu-tools-for-stm32.11.3.rel1.win32_1.1.100.202309141235/tools/bin/../lib/gcc/arm-none-eabi/11.3.1/../../../../arm-none-eabi/lib/thumb/v7e-m+fp/hard\libc_nano.a(libc_a-lock.o)
                0x00000000200014c8                __lock___malloc_recursive_mutex
 *fill*         0x00000000200014c9        0x3 
 .bss.__malloc_free_list
                0x00000000200014cc        0x4 C:/ST/STM32CubeIDE_1.14.0/STM32CubeIDE/plugins/com.st.stm32cube.ide.mcu.externaltools.gnu-tools-for-stm32.11.3.rel1.win32_1.1.100.202309141235/tools/bin/../lib/gcc/arm-none-eabi/11.3.1/../../../../arm-none-eabi/lib/thumb/v7e-m+fp/hard\libc_nano.a(libc_a-mallocr.o)
                0x00000000200014cc                __malloc_free_list
 .bss.__malloc_sbrk_start
                0x00000000200014d0        0x4 C:/ST/STM32CubeIDE_1.14.0/STM32CubeIDE/plugins/com.st.stm32cube.ide.mcu.externaltools.gnu-tools-for-stm32.11.3.rel1.win32_1.1.100.202309141235/tools/bin/../lib/gcc/arm-none-eabi/11.3.1/../../../../arm-none-eabi/lib/thumb/v7e-m+fp/hard\libc_nano.a(libc_a-mallocr.o)
                0x00000000200014d0                __malloc_sbrk_start
 *(COMMON)
 COMMON         0x00000000200014d4        0xc D:\Năm 3\STM32\app\SDK_1.0.3_NUCLEO-F401RE\lib_stm\libLibraries.a(ucg_font.o)
                0x00000000200014d4                ucg_draw_str
                0x00000000200014e0                . = ALIGN (0x4)
                0x00000000200014e0                _ebss = .
                0x00000000200014e0                __bss_end__ = _ebss

._user_heap_stack
                0x00000000200014e0      0x600 load address 0x0000000008007058
                0x00000000200014e0                . = ALIGN (0x8)
                [!provide]                        PROVIDE (end = .)
                0x00000000200014e0                PROVIDE (_end = .)
                0x00000000200016e0                . = (. + _Min_Heap_Size)
 *fill*         0x00000000200014e0      0x200 
                0x0000000020001ae0                . = (. + _Min_Stack_Size)
 *fill*         0x00000000200016e0      0x400 
                0x0000000020001ae0                . = ALIGN (0x8)

/DISCARD/
 libc.a(*)
 libm.a(*)
 libgcc.a(*)

.ARM.attributes
                0x0000000000000000       0x30
 *(.ARM.attributes)
 .ARM.attributes
                0x0000000000000000       0x1e C:/ST/STM32CubeIDE_1.14.0/STM32CubeIDE/plugins/com.st.stm32cube.ide.mcu.externaltools.gnu-tools-for-stm32.11.3.rel1.win32_1.1.100.202309141235/tools/bin/../lib/gcc/arm-none-eabi/11.3.1/thumb/v7e-m+fp/hard/crti.o
 .ARM.attributes
                0x000000000000001e       0x34 C:/ST/STM32CubeIDE_1.14.0/STM32CubeIDE/plugins/com.st.stm32cube.ide.mcu.externaltools.gnu-tools-for-stm32.11.3.rel1.win32_1.1.100.202309141235/tools/bin/../lib/gcc/arm-none-eabi/11.3.1/thumb/v7e-m+fp/hard/crtbegin.o
 .ARM.attributes
                0x0000000000000052       0x34 ./Drivers/src/kalman_filter.o
 .ARM.attributes
                0x0000000000000086       0x34 ./Drivers/src/stm32f401re_gpio.o
 .ARM.attributes
                0x00000000000000ba       0x34 ./Drivers/src/stm32f401re_rcc.o
 .ARM.attributes
                0x00000000000000ee       0x34 ./Src/main.o
 .ARM.attributes
                0x0000000000000122       0x34 ./Src/sysmem.o
 .ARM.attributes
                0x0000000000000156       0x21 ./Startup/startup_stm32f401retx.o
 .ARM.attributes
                0x0000000000000177       0x39 D:\Năm 3\STM32\app\SDK_1.0.3_NUCLEO-F401RE\lib_stm\libLibraries.a(system_stm32f4xx.o)
 .ARM.attributes
                0x00000000000001b0       0x39 D:\Năm 3\STM32\app\SDK_1.0.3_NUCLEO-F401RE\lib_stm\libLibraries.a(stm32f401re_adc.o)
 .ARM.attributes
                0x00000000000001e9       0x39 D:\Năm 3\STM32\app\SDK_1.0.3_NUCLEO-F401RE\lib_stm\libLibraries.a(stm32f401re_i2c.o)
 .ARM.attributes
                0x0000000000000222       0x39 D:\Năm 3\STM32\app\SDK_1.0.3_NUCLEO-F401RE\lib_stm\libLibraries.a(stm32f401re_tim.o)
 .ARM.attributes
                0x000000000000025b       0x39 D:\Năm 3\STM32\app\SDK_1.0.3_NUCLEO-F401RE\lib_stm\libLibraries.a(timer.o)
 .ARM.attributes
                0x0000000000000294       0x39 D:\Năm 3\STM32\app\SDK_1.0.3_NUCLEO-F401RE\lib_stm\libLibraries.a(temhumsensor.o)
 .ARM.attributes
                0x00000000000002cd       0x39 D:\Năm 3\STM32\app\SDK_1.0.3_NUCLEO-F401RE\lib_stm\libLibraries.a(serial.o)
 .ARM.attributes
                0x0000000000000306       0x39 D:\Năm 3\STM32\app\SDK_1.0.3_NUCLEO-F401RE\lib_stm\libLibraries.a(Ucglib.o)
 .ARM.attributes
                0x000000000000033f       0x39 D:\Năm 3\STM32\app\SDK_1.0.3_NUCLEO-F401RE\lib_stm\libLibraries.a(ucg_box.o)
 .ARM.attributes
                0x0000000000000378       0x39 D:\Năm 3\STM32\app\SDK_1.0.3_NUCLEO-F401RE\lib_stm\libLibraries.a(ucg_ccs.o)
 .ARM.attributes
                0x00000000000003b1       0x39 D:\Năm 3\STM32\app\SDK_1.0.3_NUCLEO-F401RE\lib_stm\libLibraries.a(ucg_dev_default_cb.o)
 .ARM.attributes
                0x00000000000003ea       0x39 D:\Năm 3\STM32\app\SDK_1.0.3_NUCLEO-F401RE\lib_stm\libLibraries.a(ucg_dev_ic_st7735.o)
 .ARM.attributes
                0x0000000000000423       0x39 D:\Năm 3\STM32\app\SDK_1.0.3_NUCLEO-F401RE\lib_stm\libLibraries.a(ucg_dev_msg_api.o)
 .ARM.attributes
                0x000000000000045c       0x39 D:\Năm 3\STM32\app\SDK_1.0.3_NUCLEO-F401RE\lib_stm\libLibraries.a(ucg_dev_tft_128x128_st7735.o)
 .ARM.attributes
                0x0000000000000495       0x39 D:\Năm 3\STM32\app\SDK_1.0.3_NUCLEO-F401RE\lib_stm\libLibraries.a(ucg_font.o)
 .ARM.attributes
                0x00000000000004ce       0x39 D:\Năm 3\STM32\app\SDK_1.0.3_NUCLEO-F401RE\lib_stm\libLibraries.a(ucg_init.o)
 .ARM.attributes
                0x0000000000000507       0x39 D:\Năm 3\STM32\app\SDK_1.0.3_NUCLEO-F401RE\lib_stm\libLibraries.a(ucg_line.o)
 .ARM.attributes
                0x0000000000000540       0x39 D:\Năm 3\STM32\app\SDK_1.0.3_NUCLEO-F401RE\lib_stm\libLibraries.a(ucg_pixel.o)
 .ARM.attributes
                0x0000000000000579       0x39 D:\Năm 3\STM32\app\SDK_1.0.3_NUCLEO-F401RE\lib_stm\libLibraries.a(ucg_pixel_font_data.o)
 .ARM.attributes
                0x00000000000005b2       0x39 D:\Năm 3\STM32\app\SDK_1.0.3_NUCLEO-F401RE\lib_stm\libLibraries.a(ucg_rotate.o)
 .ARM.attributes
                0x00000000000005eb       0x39 D:\Năm 3\STM32\app\SDK_1.0.3_NUCLEO-F401RE\lib_stm\libLibraries.a(buff.o)
 .ARM.attributes
                0x0000000000000624       0x39 D:\Năm 3\STM32\app\SDK_1.0.3_NUCLEO-F401RE\lib_stm\libLibraries.a(utilities.o)
 .ARM.attributes
                0x000000000000065d       0x39 D:\Năm 3\STM32\app\SDK_1.0.3_NUCLEO-F401RE\lib_stm\libLibraries.a(stm32f401re_usart.o)
 .ARM.attributes
                0x0000000000000696       0x39 D:\Năm 3\STM32\app\SDK_1.0.3_NUCLEO-F401RE\lib_stm\libLibraries.a(ucg_clip.o)
 .ARM.attributes
                0x00000000000006cf       0x39 D:\Năm 3\STM32\app\SDK_1.0.3_NUCLEO-F401RE\lib_stm\libLibraries.a(ucg_com_msg_api.o)
 .ARM.attributes
                0x0000000000000708       0x34 C:/ST/STM32CubeIDE_1.14.0/STM32CubeIDE/plugins/com.st.stm32cube.ide.mcu.externaltools.gnu-tools-for-stm32.11.3.rel1.win32_1.1.100.202309141235/tools/bin/../lib/gcc/arm-none-eabi/11.3.1/../../../../arm-none-eabi/lib/thumb/v7e-m+fp/hard\libc_nano.a(libc_a-findfp.o)
 .ARM.attributes
                0x000000000000073c       0x34 C:/ST/STM32CubeIDE_1.14.0/STM32CubeIDE/plugins/com.st.stm32cube.ide.mcu.externaltools.gnu-tools-for-stm32.11.3.rel1.win32_1.1.100.202309141235/tools/bin/../lib/gcc/arm-none-eabi/11.3.1/../../../../arm-none-eabi/lib/thumb/v7e-m+fp/hard\libc_nano.a(libc_a-sprintf.o)
 .ARM.attributes
                0x0000000000000770       0x34 C:/ST/STM32CubeIDE_1.14.0/STM32CubeIDE/plugins/com.st.stm32cube.ide.mcu.externaltools.gnu-tools-for-stm32.11.3.rel1.win32_1.1.100.202309141235/tools/bin/../lib/gcc/arm-none-eabi/11.3.1/../../../../arm-none-eabi/lib/thumb/v7e-m+fp/hard\libc_nano.a(libc_a-memset.o)
 .ARM.attributes
                0x00000000000007a4       0x34 C:/ST/STM32CubeIDE_1.14.0/STM32CubeIDE/plugins/com.st.stm32cube.ide.mcu.externaltools.gnu-tools-for-stm32.11.3.rel1.win32_1.1.100.202309141235/tools/bin/../lib/gcc/arm-none-eabi/11.3.1/../../../../arm-none-eabi/lib/thumb/v7e-m+fp/hard\libc_nano.a(libc_a-reent.o)
 .ARM.attributes
                0x00000000000007d8       0x34 C:/ST/STM32CubeIDE_1.14.0/STM32CubeIDE/plugins/com.st.stm32cube.ide.mcu.externaltools.gnu-tools-for-stm32.11.3.rel1.win32_1.1.100.202309141235/tools/bin/../lib/gcc/arm-none-eabi/11.3.1/../../../../arm-none-eabi/lib/thumb/v7e-m+fp/hard\libc_nano.a(libc_a-impure.o)
 .ARM.attributes
                0x000000000000080c       0x34 C:/ST/STM32CubeIDE_1.14.0/STM32CubeIDE/plugins/com.st.stm32cube.ide.mcu.externaltools.gnu-tools-for-stm32.11.3.rel1.win32_1.1.100.202309141235/tools/bin/../lib/gcc/arm-none-eabi/11.3.1/../../../../arm-none-eabi/lib/thumb/v7e-m+fp/hard\libc_nano.a(libc_a-errno.o)
 .ARM.attributes
                0x0000000000000840       0x34 C:/ST/STM32CubeIDE_1.14.0/STM32CubeIDE/plugins/com.st.stm32cube.ide.mcu.externaltools.gnu-tools-for-stm32.11.3.rel1.win32_1.1.100.202309141235/tools/bin/../lib/gcc/arm-none-eabi/11.3.1/../../../../arm-none-eabi/lib/thumb/v7e-m+fp/hard\libc_nano.a(libc_a-init.o)
 .ARM.attributes
                0x0000000000000874       0x34 C:/ST/STM32CubeIDE_1.14.0/STM32CubeIDE/plugins/com.st.stm32cube.ide.mcu.externaltools.gnu-tools-for-stm32.11.3.rel1.win32_1.1.100.202309141235/tools/bin/../lib/gcc/arm-none-eabi/11.3.1/../../../../arm-none-eabi/lib/thumb/v7e-m+fp/hard\libc_nano.a(libc_a-lock.o)
 .ARM.attributes
                0x00000000000008a8       0x34 C:/ST/STM32CubeIDE_1.14.0/STM32CubeIDE/plugins/com.st.stm32cube.ide.mcu.externaltools.gnu-tools-for-stm32.11.3.rel1.win32_1.1.100.202309141235/tools/bin/../lib/gcc/arm-none-eabi/11.3.1/../../../../arm-none-eabi/lib/thumb/v7e-m+fp/hard\libc_nano.a(libc_a-freer.o)
 .ARM.attributes
                0x00000000000008dc       0x34 C:/ST/STM32CubeIDE_1.14.0/STM32CubeIDE/plugins/com.st.stm32cube.ide.mcu.externaltools.gnu-tools-for-stm32.11.3.rel1.win32_1.1.100.202309141235/tools/bin/../lib/gcc/arm-none-eabi/11.3.1/../../../../arm-none-eabi/lib/thumb/v7e-m+fp/hard\libc_nano.a(libc_a-mallocr.o)
 .ARM.attributes
                0x0000000000000910       0x34 C:/ST/STM32CubeIDE_1.14.0/STM32CubeIDE/plugins/com.st.stm32cube.ide.mcu.externaltools.gnu-tools-for-stm32.11.3.rel1.win32_1.1.100.202309141235/tools/bin/../lib/gcc/arm-none-eabi/11.3.1/../../../../arm-none-eabi/lib/thumb/v7e-m+fp/hard\libc_nano.a(libc_a-mlock.o)
 .ARM.attributes
                0x0000000000000944       0x34 C:/ST/STM32CubeIDE_1.14.0/STM32CubeIDE/plugins/com.st.stm32cube.ide.mcu.externaltools.gnu-tools-for-stm32.11.3.rel1.win32_1.1.100.202309141235/tools/bin/../lib/gcc/arm-none-eabi/11.3.1/../../../../arm-none-eabi/lib/thumb/v7e-m+fp/hard\libc_nano.a(libc_a-nano-svfprintf.o)
 .ARM.attributes
                0x0000000000000978       0x34 C:/ST/STM32CubeIDE_1.14.0/STM32CubeIDE/plugins/com.st.stm32cube.ide.mcu.externaltools.gnu-tools-for-stm32.11.3.rel1.win32_1.1.100.202309141235/tools/bin/../lib/gcc/arm-none-eabi/11.3.1/../../../../arm-none-eabi/lib/thumb/v7e-m+fp/hard\libc_nano.a(libc_a-nano-vfprintf_i.o)
 .ARM.attributes
                0x00000000000009ac       0x34 C:/ST/STM32CubeIDE_1.14.0/STM32CubeIDE/plugins/com.st.stm32cube.ide.mcu.externaltools.gnu-tools-for-stm32.11.3.rel1.win32_1.1.100.202309141235/tools/bin/../lib/gcc/arm-none-eabi/11.3.1/../../../../arm-none-eabi/lib/thumb/v7e-m+fp/hard\libc_nano.a(libc_a-memmove.o)
 .ARM.attributes
                0x00000000000009e0       0x34 C:/ST/STM32CubeIDE_1.14.0/STM32CubeIDE/plugins/com.st.stm32cube.ide.mcu.externaltools.gnu-tools-for-stm32.11.3.rel1.win32_1.1.100.202309141235/tools/bin/../lib/gcc/arm-none-eabi/11.3.1/../../../../arm-none-eabi/lib/thumb/v7e-m+fp/hard\libc_nano.a(libc_a-sbrkr.o)
 .ARM.attributes
                0x0000000000000a14       0x1c C:/ST/STM32CubeIDE_1.14.0/STM32CubeIDE/plugins/com.st.stm32cube.ide.mcu.externaltools.gnu-tools-for-stm32.11.3.rel1.win32_1.1.100.202309141235/tools/bin/../lib/gcc/arm-none-eabi/11.3.1/../../../../arm-none-eabi/lib/thumb/v7e-m+fp/hard\libc_nano.a(libc_a-memchr.o)
 .ARM.attributes
                0x0000000000000a30       0x34 C:/ST/STM32CubeIDE_1.14.0/STM32CubeIDE/plugins/com.st.stm32cube.ide.mcu.externaltools.gnu-tools-for-stm32.11.3.rel1.win32_1.1.100.202309141235/tools/bin/../lib/gcc/arm-none-eabi/11.3.1/../../../../arm-none-eabi/lib/thumb/v7e-m+fp/hard\libc_nano.a(libc_a-memcpy-stub.o)
 .ARM.attributes
                0x0000000000000a64       0x34 C:/ST/STM32CubeIDE_1.14.0/STM32CubeIDE/plugins/com.st.stm32cube.ide.mcu.externaltools.gnu-tools-for-stm32.11.3.rel1.win32_1.1.100.202309141235/tools/bin/../lib/gcc/arm-none-eabi/11.3.1/../../../../arm-none-eabi/lib/thumb/v7e-m+fp/hard\libc_nano.a(libc_a-reallocr.o)
 .ARM.attributes
                0x0000000000000a98       0x34 C:/ST/STM32CubeIDE_1.14.0/STM32CubeIDE/plugins/com.st.stm32cube.ide.mcu.externaltools.gnu-tools-for-stm32.11.3.rel1.win32_1.1.100.202309141235/tools/bin/../lib/gcc/arm-none-eabi/11.3.1/../../../../arm-none-eabi/lib/thumb/v7e-m+fp/hard\libc_nano.a(libc_a-msizer.o)
 .ARM.attributes
                0x0000000000000acc       0x1e C:/ST/STM32CubeIDE_1.14.0/STM32CubeIDE/plugins/com.st.stm32cube.ide.mcu.externaltools.gnu-tools-for-stm32.11.3.rel1.win32_1.1.100.202309141235/tools/bin/../lib/gcc/arm-none-eabi/11.3.1/thumb/v7e-m+fp/hard\libgcc.a(_arm_muldf3.o)
 .ARM.attributes
                0x0000000000000aea       0x1e C:/ST/STM32CubeIDE_1.14.0/STM32CubeIDE/plugins/com.st.stm32cube.ide.mcu.externaltools.gnu-tools-for-stm32.11.3.rel1.win32_1.1.100.202309141235/tools/bin/../lib/gcc/arm-none-eabi/11.3.1/thumb/v7e-m+fp/hard\libgcc.a(_arm_addsubdf3.o)
 .ARM.attributes
                0x0000000000000b08       0x1e C:/ST/STM32CubeIDE_1.14.0/STM32CubeIDE/plugins/com.st.stm32cube.ide.mcu.externaltools.gnu-tools-for-stm32.11.3.rel1.win32_1.1.100.202309141235/tools/bin/../lib/gcc/arm-none-eabi/11.3.1/thumb/v7e-m+fp/hard\libgcc.a(_arm_truncdfsf2.o)
 .ARM.attributes
                0x0000000000000b26       0x1e C:/ST/STM32CubeIDE_1.14.0/STM32CubeIDE/plugins/com.st.stm32cube.ide.mcu.externaltools.gnu-tools-for-stm32.11.3.rel1.win32_1.1.100.202309141235/tools/bin/../lib/gcc/arm-none-eabi/11.3.1/thumb/v7e-m+fp/hard/crtn.o
OUTPUT(Giua_ky.elf elf32-littlearm)
LOAD linker stubs
LOAD C:/ST/STM32CubeIDE_1.14.0/STM32CubeIDE/plugins/com.st.stm32cube.ide.mcu.externaltools.gnu-tools-for-stm32.11.3.rel1.win32_1.1.100.202309141235/tools/bin/../lib/gcc/arm-none-eabi/11.3.1/../../../../arm-none-eabi/lib/thumb/v7e-m+fp/hard\libc.a
LOAD C:/ST/STM32CubeIDE_1.14.0/STM32CubeIDE/plugins/com.st.stm32cube.ide.mcu.externaltools.gnu-tools-for-stm32.11.3.rel1.win32_1.1.100.202309141235/tools/bin/../lib/gcc/arm-none-eabi/11.3.1/../../../../arm-none-eabi/lib/thumb/v7e-m+fp/hard\libm.a
LOAD C:/ST/STM32CubeIDE_1.14.0/STM32CubeIDE/plugins/com.st.stm32cube.ide.mcu.externaltools.gnu-tools-for-stm32.11.3.rel1.win32_1.1.100.202309141235/tools/bin/../lib/gcc/arm-none-eabi/11.3.1/thumb/v7e-m+fp/hard\libgcc.a

.comment        0x0000000000000000       0xbe
 .comment       0x0000000000000000       0x43 C:/ST/STM32CubeIDE_1.14.0/STM32CubeIDE/plugins/com.st.stm32cube.ide.mcu.externaltools.gnu-tools-for-stm32.11.3.rel1.win32_1.1.100.202309141235/tools/bin/../lib/gcc/arm-none-eabi/11.3.1/thumb/v7e-m+fp/hard/crtbegin.o
                                         0x44 (size before relaxing)
 .comment       0x0000000000000043       0x44 ./Drivers/src/kalman_filter.o
 .comment       0x0000000000000043       0x44 ./Drivers/src/stm32f401re_gpio.o
 .comment       0x0000000000000043       0x44 ./Drivers/src/stm32f401re_rcc.o
 .comment       0x0000000000000043       0x44 ./Src/main.o
 .comment       0x0000000000000043       0x44 ./Src/sysmem.o
 .comment       0x0000000000000043       0x7b D:\Năm 3\STM32\app\SDK_1.0.3_NUCLEO-F401RE\lib_stm\libLibraries.a(system_stm32f4xx.o)
                                         0x7c (size before relaxing)
 .comment       0x00000000000000be       0x7c D:\Năm 3\STM32\app\SDK_1.0.3_NUCLEO-F401RE\lib_stm\libLibraries.a(stm32f401re_adc.o)
 .comment       0x00000000000000be       0x7c D:\Năm 3\STM32\app\SDK_1.0.3_NUCLEO-F401RE\lib_stm\libLibraries.a(stm32f401re_i2c.o)
 .comment       0x00000000000000be       0x7c D:\Năm 3\STM32\app\SDK_1.0.3_NUCLEO-F401RE\lib_stm\libLibraries.a(stm32f401re_tim.o)
 .comment       0x00000000000000be       0x7c D:\Năm 3\STM32\app\SDK_1.0.3_NUCLEO-F401RE\lib_stm\libLibraries.a(timer.o)
 .comment       0x00000000000000be       0x7c D:\Năm 3\STM32\app\SDK_1.0.3_NUCLEO-F401RE\lib_stm\libLibraries.a(temhumsensor.o)
 .comment       0x00000000000000be       0x7c D:\Năm 3\STM32\app\SDK_1.0.3_NUCLEO-F401RE\lib_stm\libLibraries.a(serial.o)
 .comment       0x00000000000000be       0x7c D:\Năm 3\STM32\app\SDK_1.0.3_NUCLEO-F401RE\lib_stm\libLibraries.a(Ucglib.o)
 .comment       0x00000000000000be       0x7c D:\Năm 3\STM32\app\SDK_1.0.3_NUCLEO-F401RE\lib_stm\libLibraries.a(ucg_box.o)
 .comment       0x00000000000000be       0x7c D:\Năm 3\STM32\app\SDK_1.0.3_NUCLEO-F401RE\lib_stm\libLibraries.a(ucg_ccs.o)
 .comment       0x00000000000000be       0x7c D:\Năm 3\STM32\app\SDK_1.0.3_NUCLEO-F401RE\lib_stm\libLibraries.a(ucg_dev_default_cb.o)
 .comment       0x00000000000000be       0x7c D:\Năm 3\STM32\app\SDK_1.0.3_NUCLEO-F401RE\lib_stm\libLibraries.a(ucg_dev_ic_st7735.o)
 .comment       0x00000000000000be       0x7c D:\Năm 3\STM32\app\SDK_1.0.3_NUCLEO-F401RE\lib_stm\libLibraries.a(ucg_dev_msg_api.o)
 .comment       0x00000000000000be       0x7c D:\Năm 3\STM32\app\SDK_1.0.3_NUCLEO-F401RE\lib_stm\libLibraries.a(ucg_dev_tft_128x128_st7735.o)
 .comment       0x00000000000000be       0x7c D:\Năm 3\STM32\app\SDK_1.0.3_NUCLEO-F401RE\lib_stm\libLibraries.a(ucg_font.o)
 .comment       0x00000000000000be       0x7c D:\Năm 3\STM32\app\SDK_1.0.3_NUCLEO-F401RE\lib_stm\libLibraries.a(ucg_init.o)
 .comment       0x00000000000000be       0x7c D:\Năm 3\STM32\app\SDK_1.0.3_NUCLEO-F401RE\lib_stm\libLibraries.a(ucg_line.o)
 .comment       0x00000000000000be       0x7c D:\Năm 3\STM32\app\SDK_1.0.3_NUCLEO-F401RE\lib_stm\libLibraries.a(ucg_pixel.o)
 .comment       0x00000000000000be       0x7c D:\Năm 3\STM32\app\SDK_1.0.3_NUCLEO-F401RE\lib_stm\libLibraries.a(ucg_pixel_font_data.o)
 .comment       0x00000000000000be       0x7c D:\Năm 3\STM32\app\SDK_1.0.3_NUCLEO-F401RE\lib_stm\libLibraries.a(ucg_rotate.o)
 .comment       0x00000000000000be       0x7c D:\Năm 3\STM32\app\SDK_1.0.3_NUCLEO-F401RE\lib_stm\libLibraries.a(buff.o)
 .comment       0x00000000000000be       0x7c D:\Năm 3\STM32\app\SDK_1.0.3_NUCLEO-F401RE\lib_stm\libLibraries.a(utilities.o)
 .comment       0x00000000000000be       0x7c D:\Năm 3\STM32\app\SDK_1.0.3_NUCLEO-F401RE\lib_stm\libLibraries.a(stm32f401re_usart.o)
 .comment       0x00000000000000be       0x7c D:\Năm 3\STM32\app\SDK_1.0.3_NUCLEO-F401RE\lib_stm\libLibraries.a(ucg_clip.o)
 .comment       0x00000000000000be       0x7c D:\Năm 3\STM32\app\SDK_1.0.3_NUCLEO-F401RE\lib_stm\libLibraries.a(ucg_com_msg_api.o)

.debug_info     0x0000000000000000    0x3ade9
 .debug_info    0x0000000000000000      0x1e1 ./Drivers/src/kalman_filter.o
 .debug_info    0x00000000000001e1      0x590 ./Drivers/src/stm32f401re_gpio.o
 .debug_info    0x0000000000000771      0xce1 ./Drivers/src/stm32f401re_rcc.o
 .debug_info    0x0000000000001452     0x1d25 ./Src/main.o
 .debug_info    0x0000000000003177      0x168 ./Src/sysmem.o
 .debug_info    0x00000000000032df       0x23 ./Startup/startup_stm32f401retx.o
 .debug_info    0x0000000000003302      0x5bb D:\Năm 3\STM32\app\SDK_1.0.3_NUCLEO-F401RE\lib_stm\libLibraries.a(system_stm32f4xx.o)
 .debug_info    0x00000000000038bd      0xc5d D:\Năm 3\STM32\app\SDK_1.0.3_NUCLEO-F401RE\lib_stm\libLibraries.a(stm32f401re_adc.o)
 .debug_info    0x000000000000451a      0xb9e D:\Năm 3\STM32\app\SDK_1.0.3_NUCLEO-F401RE\lib_stm\libLibraries.a(stm32f401re_i2c.o)
 .debug_info    0x00000000000050b8     0x1c73 D:\Năm 3\STM32\app\SDK_1.0.3_NUCLEO-F401RE\lib_stm\libLibraries.a(stm32f401re_tim.o)
 .debug_info    0x0000000000006d2b      0x922 D:\Năm 3\STM32\app\SDK_1.0.3_NUCLEO-F401RE\lib_stm\libLibraries.a(timer.o)
 .debug_info    0x000000000000764d      0xafd D:\Năm 3\STM32\app\SDK_1.0.3_NUCLEO-F401RE\lib_stm\libLibraries.a(temhumsensor.o)
 .debug_info    0x000000000000814a      0xb11 D:\Năm 3\STM32\app\SDK_1.0.3_NUCLEO-F401RE\lib_stm\libLibraries.a(serial.o)
 .debug_info    0x0000000000008c5b     0x333f D:\Năm 3\STM32\app\SDK_1.0.3_NUCLEO-F401RE\lib_stm\libLibraries.a(Ucglib.o)
 .debug_info    0x000000000000bf9a     0x329d D:\Năm 3\STM32\app\SDK_1.0.3_NUCLEO-F401RE\lib_stm\libLibraries.a(ucg_box.o)
 .debug_info    0x000000000000f237     0x2b08 D:\Năm 3\STM32\app\SDK_1.0.3_NUCLEO-F401RE\lib_stm\libLibraries.a(ucg_ccs.o)
 .debug_info    0x0000000000011d3f     0x324b D:\Năm 3\STM32\app\SDK_1.0.3_NUCLEO-F401RE\lib_stm\libLibraries.a(ucg_dev_default_cb.o)
 .debug_info    0x0000000000014f8a     0x3272 D:\Năm 3\STM32\app\SDK_1.0.3_NUCLEO-F401RE\lib_stm\libLibraries.a(ucg_dev_ic_st7735.o)
 .debug_info    0x00000000000181fc     0x3178 D:\Năm 3\STM32\app\SDK_1.0.3_NUCLEO-F401RE\lib_stm\libLibraries.a(ucg_dev_msg_api.o)
 .debug_info    0x000000000001b374     0x303e D:\Năm 3\STM32\app\SDK_1.0.3_NUCLEO-F401RE\lib_stm\libLibraries.a(ucg_dev_tft_128x128_st7735.o)
 .debug_info    0x000000000001e3b2     0x43ab D:\Năm 3\STM32\app\SDK_1.0.3_NUCLEO-F401RE\lib_stm\libLibraries.a(ucg_font.o)
 .debug_info    0x000000000002275d     0x3856 D:\Năm 3\STM32\app\SDK_1.0.3_NUCLEO-F401RE\lib_stm\libLibraries.a(ucg_init.o)
 .debug_info    0x0000000000025fb3     0x3222 D:\Năm 3\STM32\app\SDK_1.0.3_NUCLEO-F401RE\lib_stm\libLibraries.a(ucg_line.o)
 .debug_info    0x00000000000291d5     0x3056 D:\Năm 3\STM32\app\SDK_1.0.3_NUCLEO-F401RE\lib_stm\libLibraries.a(ucg_pixel.o)
 .debug_info    0x000000000002c22b     0x43df D:\Năm 3\STM32\app\SDK_1.0.3_NUCLEO-F401RE\lib_stm\libLibraries.a(ucg_pixel_font_data.o)
 .debug_info    0x000000000003060a     0x3231 D:\Năm 3\STM32\app\SDK_1.0.3_NUCLEO-F401RE\lib_stm\libLibraries.a(ucg_rotate.o)
 .debug_info    0x000000000003383b      0x339 D:\Năm 3\STM32\app\SDK_1.0.3_NUCLEO-F401RE\lib_stm\libLibraries.a(buff.o)
 .debug_info    0x0000000000033b74      0x2bd D:\Năm 3\STM32\app\SDK_1.0.3_NUCLEO-F401RE\lib_stm\libLibraries.a(utilities.o)
 .debug_info    0x0000000000033e31      0x9d4 D:\Năm 3\STM32\app\SDK_1.0.3_NUCLEO-F401RE\lib_stm\libLibraries.a(stm32f401re_usart.o)
 .debug_info    0x0000000000034805     0x315a D:\Năm 3\STM32\app\SDK_1.0.3_NUCLEO-F401RE\lib_stm\libLibraries.a(ucg_clip.o)
 .debug_info    0x000000000003795f     0x348a D:\Năm 3\STM32\app\SDK_1.0.3_NUCLEO-F401RE\lib_stm\libLibraries.a(ucg_com_msg_api.o)

.debug_abbrev   0x0000000000000000     0x3293
 .debug_abbrev  0x0000000000000000       0xe4 ./Drivers/src/kalman_filter.o
 .debug_abbrev  0x00000000000000e4      0x1af ./Drivers/src/stm32f401re_gpio.o
 .debug_abbrev  0x0000000000000293      0x20d ./Drivers/src/stm32f401re_rcc.o
 .debug_abbrev  0x00000000000004a0      0x422 ./Src/main.o
 .debug_abbrev  0x00000000000008c2       0xbc ./Src/sysmem.o
 .debug_abbrev  0x000000000000097e       0x12 ./Startup/startup_stm32f401retx.o
 .debug_abbrev  0x0000000000000990      0x138 D:\Năm 3\STM32\app\SDK_1.0.3_NUCLEO-F401RE\lib_stm\libLibraries.a(system_stm32f4xx.o)
 .debug_abbrev  0x0000000000000ac8      0x194 D:\Năm 3\STM32\app\SDK_1.0.3_NUCLEO-F401RE\lib_stm\libLibraries.a(stm32f401re_adc.o)
 .debug_abbrev  0x0000000000000c5c      0x196 D:\Năm 3\STM32\app\SDK_1.0.3_NUCLEO-F401RE\lib_stm\libLibraries.a(stm32f401re_i2c.o)
 .debug_abbrev  0x0000000000000df2      0x19f D:\Năm 3\STM32\app\SDK_1.0.3_NUCLEO-F401RE\lib_stm\libLibraries.a(stm32f401re_tim.o)
 .debug_abbrev  0x0000000000000f91      0x29a D:\Năm 3\STM32\app\SDK_1.0.3_NUCLEO-F401RE\lib_stm\libLibraries.a(timer.o)
 .debug_abbrev  0x000000000000122b      0x24a D:\Năm 3\STM32\app\SDK_1.0.3_NUCLEO-F401RE\lib_stm\libLibraries.a(temhumsensor.o)
 .debug_abbrev  0x0000000000001475      0x2ba D:\Năm 3\STM32\app\SDK_1.0.3_NUCLEO-F401RE\lib_stm\libLibraries.a(serial.o)
 .debug_abbrev  0x000000000000172f      0x202 D:\Năm 3\STM32\app\SDK_1.0.3_NUCLEO-F401RE\lib_stm\libLibraries.a(Ucglib.o)
 .debug_abbrev  0x0000000000001931      0x18b D:\Năm 3\STM32\app\SDK_1.0.3_NUCLEO-F401RE\lib_stm\libLibraries.a(ucg_box.o)
 .debug_abbrev  0x0000000000001abc       0xf5 D:\Năm 3\STM32\app\SDK_1.0.3_NUCLEO-F401RE\lib_stm\libLibraries.a(ucg_ccs.o)
 .debug_abbrev  0x0000000000001bb1      0x19e D:\Năm 3\STM32\app\SDK_1.0.3_NUCLEO-F401RE\lib_stm\libLibraries.a(ucg_dev_default_cb.o)
 .debug_abbrev  0x0000000000001d4f      0x1dc D:\Năm 3\STM32\app\SDK_1.0.3_NUCLEO-F401RE\lib_stm\libLibraries.a(ucg_dev_ic_st7735.o)
 .debug_abbrev  0x0000000000001f2b      0x191 D:\Năm 3\STM32\app\SDK_1.0.3_NUCLEO-F401RE\lib_stm\libLibraries.a(ucg_dev_msg_api.o)
 .debug_abbrev  0x00000000000020bc      0x14e D:\Năm 3\STM32\app\SDK_1.0.3_NUCLEO-F401RE\lib_stm\libLibraries.a(ucg_dev_tft_128x128_st7735.o)
 .debug_abbrev  0x000000000000220a      0x2fc D:\Năm 3\STM32\app\SDK_1.0.3_NUCLEO-F401RE\lib_stm\libLibraries.a(ucg_font.o)
 .debug_abbrev  0x0000000000002506      0x1c6 D:\Năm 3\STM32\app\SDK_1.0.3_NUCLEO-F401RE\lib_stm\libLibraries.a(ucg_init.o)
 .debug_abbrev  0x00000000000026cc      0x175 D:\Năm 3\STM32\app\SDK_1.0.3_NUCLEO-F401RE\lib_stm\libLibraries.a(ucg_line.o)
 .debug_abbrev  0x0000000000002841      0x148 D:\Năm 3\STM32\app\SDK_1.0.3_NUCLEO-F401RE\lib_stm\libLibraries.a(ucg_pixel.o)
 .debug_abbrev  0x0000000000002989       0x83 D:\Năm 3\STM32\app\SDK_1.0.3_NUCLEO-F401RE\lib_stm\libLibraries.a(ucg_pixel_font_data.o)
 .debug_abbrev  0x0000000000002a0c      0x1a3 D:\Năm 3\STM32\app\SDK_1.0.3_NUCLEO-F401RE\lib_stm\libLibraries.a(ucg_rotate.o)
 .debug_abbrev  0x0000000000002baf      0x12a D:\Năm 3\STM32\app\SDK_1.0.3_NUCLEO-F401RE\lib_stm\libLibraries.a(buff.o)
 .debug_abbrev  0x0000000000002cd9       0xce D:\Năm 3\STM32\app\SDK_1.0.3_NUCLEO-F401RE\lib_stm\libLibraries.a(utilities.o)
 .debug_abbrev  0x0000000000002da7      0x187 D:\Năm 3\STM32\app\SDK_1.0.3_NUCLEO-F401RE\lib_stm\libLibraries.a(stm32f401re_usart.o)
 .debug_abbrev  0x0000000000002f2e      0x173 D:\Năm 3\STM32\app\SDK_1.0.3_NUCLEO-F401RE\lib_stm\libLibraries.a(ucg_clip.o)
 .debug_abbrev  0x00000000000030a1      0x1f2 D:\Năm 3\STM32\app\SDK_1.0.3_NUCLEO-F401RE\lib_stm\libLibraries.a(ucg_com_msg_api.o)

.debug_aranges  0x0000000000000000     0x1230
 .debug_aranges
                0x0000000000000000       0x50 ./Drivers/src/kalman_filter.o
 .debug_aranges
                0x0000000000000050       0x80 ./Drivers/src/stm32f401re_gpio.o
 .debug_aranges
                0x00000000000000d0      0x198 ./Drivers/src/stm32f401re_rcc.o
 .debug_aranges
                0x0000000000000268      0x138 ./Src/main.o
 .debug_aranges
                0x00000000000003a0       0x20 ./Src/sysmem.o
 .debug_aranges
                0x00000000000003c0       0x28 ./Startup/startup_stm32f401retx.o
 .debug_aranges
                0x00000000000003e8       0x30 D:\Năm 3\STM32\app\SDK_1.0.3_NUCLEO-F401RE\lib_stm\libLibraries.a(system_stm32f4xx.o)
 .debug_aranges
                0x0000000000000418      0x148 D:\Năm 3\STM32\app\SDK_1.0.3_NUCLEO-F401RE\lib_stm\libLibraries.a(stm32f401re_adc.o)
 .debug_aranges
                0x0000000000000560      0x130 D:\Năm 3\STM32\app\SDK_1.0.3_NUCLEO-F401RE\lib_stm\libLibraries.a(stm32f401re_i2c.o)
 .debug_aranges
                0x0000000000000690      0x2f8 D:\Năm 3\STM32\app\SDK_1.0.3_NUCLEO-F401RE\lib_stm\libLibraries.a(stm32f401re_tim.o)
 .debug_aranges
                0x0000000000000988       0x70 D:\Năm 3\STM32\app\SDK_1.0.3_NUCLEO-F401RE\lib_stm\libLibraries.a(timer.o)
 .debug_aranges
                0x00000000000009f8       0xe8 D:\Năm 3\STM32\app\SDK_1.0.3_NUCLEO-F401RE\lib_stm\libLibraries.a(temhumsensor.o)
 .debug_aranges
                0x0000000000000ae0       0x80 D:\Năm 3\STM32\app\SDK_1.0.3_NUCLEO-F401RE\lib_stm\libLibraries.a(serial.o)
 .debug_aranges