Archive member included to satisfy reference by file (symbol)

D:\Năm 3\STM32\app\SDK_1.0.3_NUCLEO-F401RE\lib_stm\libLibraries.a(system_stm32f4xx.o)
                              ./Src/main.o (SystemCoreClockUpdate)
D:\Năm 3\STM32\app\SDK_1.0.3_NUCLEO-F401RE\lib_stm\libLibraries.a(stm32f401re_adc.o)
                              ./Src/main.o (ADC_DeInit)
D:\Năm 3\STM32\app\SDK_1.0.3_NUCLEO-F401RE\lib_stm\libLibraries.a(stm32f401re_i2c.o)
                              ./Src/main.o (I2C_Init)
D:\Năm 3\STM32\app\SDK_1.0.3_NUCLEO-F401RE\lib_stm\libLibraries.a(stm32f401re_tim.o)
                              ./Src/main.o (TIM_TimeBaseInit)
D:\Năm 3\STM32\app\SDK_1.0.3_NUCLEO-F401RE\lib_stm\libLibraries.a(timer.o)
                              ./Src/main.o (TimerInit)
D:\Năm 3\STM32\app\SDK_1.0.3_NUCLEO-F401RE\lib_stm\libLibraries.a(temhumsensor.o)
                              ./Src/main.o (TemHumSensor_Init)
D:\Năm 3\STM32\app\SDK_1.0.3_NUCLEO-F401RE\lib_stm\libLibraries.a(serial.o)
                              D:\Năm 3\STM32\app\SDK_1.0.3_NUCLEO-F401RE\lib_stm\libLibraries.a(temhumsensor.o) (Serial_SendPacket)
D:\Năm 3\STM32\app\SDK_1.0.3_NUCLEO-F401RE\lib_stm\libLibraries.a(Ucglib.o)
                              ./Src/main.o (Ucglib4WireSWSPI_begin)
D:\Năm 3\STM32\app\SDK_1.0.3_NUCLEO-F401RE\lib_stm\libLibraries.a(ucg_box.o)
                              ./Src/main.o (ucg_ClearScreen)
D:\Năm 3\STM32\app\SDK_1.0.3_NUCLEO-F401RE\lib_stm\libLibraries.a(ucg_ccs.o)
                              D:\Năm 3\STM32\app\SDK_1.0.3_NUCLEO-F401RE\lib_stm\libLibraries.a(ucg_box.o) (ucg_ccs_init)
D:\Năm 3\STM32\app\SDK_1.0.3_NUCLEO-F401RE\lib_stm\libLibraries.a(ucg_circle.o)
                              D:\Năm 3\STM32\app\SDK_1.0.3_NUCLEO-F401RE\lib_stm\libLibraries.a(ucg_box.o) (ucg_DrawCircle)
D:\Năm 3\STM32\app\SDK_1.0.3_NUCLEO-F401RE\lib_stm\libLibraries.a(ucg_dev_default_cb.o)
                              D:\Năm 3\STM32\app\SDK_1.0.3_NUCLEO-F401RE\lib_stm\libLibraries.a(Ucglib.o) (ucg_dev_default_cb)
D:\Năm 3\STM32\app\SDK_1.0.3_NUCLEO-F401RE\lib_stm\libLibraries.a(ucg_dev_ic_st7735.o)
                              D:\Năm 3\STM32\app\SDK_1.0.3_NUCLEO-F401RE\lib_stm\libLibraries.a(Ucglib.o) (ucg_ext_st7735_18)
D:\Năm 3\STM32\app\SDK_1.0.3_NUCLEO-F401RE\lib_stm\libLibraries.a(ucg_dev_msg_api.o)
                              D:\Năm 3\STM32\app\SDK_1.0.3_NUCLEO-F401RE\lib_stm\libLibraries.a(ucg_box.o) (ucg_SetMaxClipRange)
D:\Năm 3\STM32\app\SDK_1.0.3_NUCLEO-F401RE\lib_stm\libLibraries.a(ucg_dev_tft_128x128_st7735.o)
                              D:\Năm 3\STM32\app\SDK_1.0.3_NUCLEO-F401RE\lib_stm\libLibraries.a(Ucglib.o) (ucg_dev_st7735_18x128x128)
D:\Năm 3\STM32\app\SDK_1.0.3_NUCLEO-F401RE\lib_stm\libLibraries.a(ucg_font.o)
                              D:\Năm 3\STM32\app\SDK_1.0.3_NUCLEO-F401RE\lib_stm\libLibraries.a(Ucglib.o) (ucg_SetFontMode)
D:\Năm 3\STM32\app\SDK_1.0.3_NUCLEO-F401RE\lib_stm\libLibraries.a(ucg_init.o)
                              D:\Năm 3\STM32\app\SDK_1.0.3_NUCLEO-F401RE\lib_stm\libLibraries.a(Ucglib.o) (ucg_Init)
D:\Năm 3\STM32\app\SDK_1.0.3_NUCLEO-F401RE\lib_stm\libLibraries.a(ucg_line.o)
                              D:\Năm 3\STM32\app\SDK_1.0.3_NUCLEO-F401RE\lib_stm\libLibraries.a(ucg_font.o) (ucg_Draw90Line)
D:\Năm 3\STM32\app\SDK_1.0.3_NUCLEO-F401RE\lib_stm\libLibraries.a(ucg_pixel.o)
                              ./Src/main.o (ucg_SetColor)
D:\Năm 3\STM32\app\SDK_1.0.3_NUCLEO-F401RE\lib_stm\libLibraries.a(ucg_pixel_font_data.o)
                              ./Src/main.o (ucg_font_ncenR10_hf)
D:\Năm 3\STM32\app\SDK_1.0.3_NUCLEO-F401RE\lib_stm\libLibraries.a(ucg_rotate.o)
                              ./Src/main.o (ucg_SetRotate180)
D:\Năm 3\STM32\app\SDK_1.0.3_NUCLEO-F401RE\lib_stm\libLibraries.a(buff.o)
                              D:\Năm 3\STM32\app\SDK_1.0.3_NUCLEO-F401RE\lib_stm\libLibraries.a(serial.o) (bufInit)
D:\Năm 3\STM32\app\SDK_1.0.3_NUCLEO-F401RE\lib_stm\libLibraries.a(utilities.o)
                              D:\Năm 3\STM32\app\SDK_1.0.3_NUCLEO-F401RE\lib_stm\libLibraries.a(timer.o) (memsetl)
D:\Năm 3\STM32\app\SDK_1.0.3_NUCLEO-F401RE\lib_stm\libLibraries.a(misc.o)
                              D:\Năm 3\STM32\app\SDK_1.0.3_NUCLEO-F401RE\lib_stm\libLibraries.a(serial.o) (NVIC_PriorityGroupConfig)
D:\Năm 3\STM32\app\SDK_1.0.3_NUCLEO-F401RE\lib_stm\libLibraries.a(stm32f401re_usart.o)
                              D:\Năm 3\STM32\app\SDK_1.0.3_NUCLEO-F401RE\lib_stm\libLibraries.a(serial.o) (USART_Init)
D:\Năm 3\STM32\app\SDK_1.0.3_NUCLEO-F401RE\lib_stm\libLibraries.a(ucg_clip.o)
                              D:\Năm 3\STM32\app\SDK_1.0.3_NUCLEO-F401RE\lib_stm\libLibraries.a(ucg_dev_ic_st7735.o) (ucg_clip_is_pixel_visible)
D:\Năm 3\STM32\app\SDK_1.0.3_NUCLEO-F401RE\lib_stm\libLibraries.a(ucg_com_msg_api.o)
                              D:\Năm 3\STM32\app\SDK_1.0.3_NUCLEO-F401RE\lib_stm\libLibraries.a(ucg_dev_ic_st7735.o) (ucg_com_PowerUp)
[...]
Memory Configuration

Name             Origin             Length             Attributes
RAM              0x0000000020000000 0x0000000000018000 xrw
FLASH            0x0000000008000000 0x0000000000080000 xr
*default*        0x0000000000000000 0xffffffffffffffff

Linker script and memory map

LOAD C:/ST/STM32CubeIDE_1.14.0/STM32CubeIDE/plugins/com.st.stm32cube.ide.mcu.externaltools.gnu-tools-for-stm32.11.3.rel1.win32_1.1.100.202309141235/tools/bin/../lib/gcc/arm-none-eabi/11.3.1/thumb/v7e-m+fp/hard/crti.o
LOAD C:/ST/STM32CubeIDE_1.14.0/STM32CubeIDE/plugins/com.st.stm32cube.ide.mcu.externaltools.gnu-tools-for-stm32.11.3.rel1.win32_1.1.100.202309141235/tools/bin/../lib/gcc/arm-none-eabi/11.3.1/thumb/v7e-m+fp/hard/crtbegin.o
LOAD C:/ST/STM32CubeIDE_1.14.0/STM32CubeIDE/plugins/com.st.stm32cube.ide.mcu.externaltools.gnu-tools-for-stm32.11.3.rel1.win32_1.1.100.202309141235/tools/bin/../lib/gcc/arm-none-eabi/11.3.1/../../../../arm-none-eabi/lib/thumb/v7e-m+fp/hard/crt0.o
LOAD ./Drivers/src/kalman_filter.o
LOAD ./Drivers/src/stm32f401re_gpio.o
LOAD ./Drivers/src/stm32f401re_rcc.o
LOAD ./Src/main.o
LOAD ./Src/syscalls.o
LOAD ./Src/sysmem.o
LOAD ./Startup/startup_stm32f401retx.o
LOAD D:\Năm 3\STM32\app\SDK_1.0.3_NUCLEO-F401RE\lib_stm\libLibraries.a
START GROUP
LOAD C:/ST/STM32CubeIDE_1.14.0/STM32CubeIDE/plugins/com.st.stm32cube.ide.mcu.externaltools.gnu-tools-for-stm32.11.3.rel1.win32_1.1.100.202309141235/tools/bin/../lib/gcc/arm-none-eabi/11.3.1/../../../../arm-none-eabi/lib/thumb/v7e-m+fp/hard\libc_nano.a
LOAD C:/ST/STM32CubeIDE_1.14.0/STM32CubeIDE/plugins/com.st.stm32cube.ide.mcu.externaltools.gnu-tools-for-stm32.11.3.rel1.win32_1.1.100.202309141235/tools/bin/../lib/gcc/arm-none-eabi/11.3.1/../../../../arm-none-eabi/lib/thumb/v7e-m+fp/hard\libm.a
END GROUP
START GROUP
LOAD C:/ST/STM32CubeIDE_1.14.0/STM32CubeIDE/plugins/com.st.stm32cube.ide.mcu.externaltools.gnu-tools-for-stm32.11.3.rel1.win32_1.1.100.202309141235/tools/bin/../lib/gcc/arm-none-eabi/11.3.1/thumb/v7e-m+fp/hard\libgcc.a
LOAD C:/ST/STM32CubeIDE_1.14.0/STM32CubeIDE/plugins/com.st.stm32cube.ide.mcu.externaltools.gnu-tools-for-stm32.11.3.rel1.win32_1.1.100.202309141235/tools/bin/../lib/gcc/arm-none-eabi/11.3.1/../../../../arm-none-eabi/lib/thumb/v7e-m+fp/hard\libc_nano.a
END GROUP
START GROUP
LOAD C:/ST/STM32CubeIDE_1.14.0/STM32CubeIDE/plugins/com.st.stm32cube.ide.mcu.externaltools.gnu-tools-for-stm32.11.3.rel1.win32_1.1.100.202309141235/tools/bin/../lib/gcc/arm-none-eabi/11.3.1/thumb/v7e-m+fp/hard\libgcc.a
LOAD C:/ST/STM32CubeIDE_1.14.0/STM32CubeIDE/plugins/com.st.stm32cube.ide.mcu.externaltools.gnu-tools-for-stm32.11.3.rel1.win32_1.1.100.202309141235/tools/bin/../lib/gcc/arm-none-eabi/11.3.1/../../../../arm-none-eabi/lib/thumb/v7e-m+fp/hard\libc_nano.a
LOAD C:/ST/STM32CubeIDE_1.14.0/STM32CubeIDE/plugins/com.st.stm32cube.ide.mcu.externaltools.gnu-tools-for-stm32.11.3.rel1.win32_1.1.100.202309141235/tools/bin/../lib/gcc/arm-none-eabi/11.3.1/../../../../arm-none-eabi/lib/thumb/v7e-m+fp/hard\libnosys.a
END GROUP
START GROUP
LOAD C:/ST/STM32CubeIDE_1.14.0/STM32CubeIDE/plugins/com.st.stm32cube.ide.mcu.externaltools.gnu-tools-for-stm32.11.3.rel1.win32_1.1.100.202309141235/tools/bin/../lib/gcc/arm-none-eabi/11.3.1/thumb/v7e-m+fp/hard\libgcc.a
LOAD C:/ST/STM32CubeIDE_1.14.0/STM32CubeIDE/plugins/com.st.stm32cube.ide.mcu.externaltools.gnu-tools-for-stm32.11.3.rel1.win32_1.1.100.202309141235/tools/bin/../lib/gcc/arm-none-eabi/11.3.1/../../../../arm-none-eabi/lib/thumb/v7e-m+fp/hard\libc_nano.a
LOAD C:/ST/STM32CubeIDE_1.14.0/STM32CubeIDE/plugins/com.st.stm32cube.ide.mcu.externaltools.gnu-tools-for-stm32.11.3.rel1.win32_1.1.100.202309141235/tools/bin/../lib/gcc/arm-none-eabi/11.3.1/../../../../arm-none-eabi/lib/thumb/v7e-m+fp/hard\libnosys.a
END GROUP
LOAD C:/ST/STM32CubeIDE_1.14.0/STM32CubeIDE/plugins/com.st.stm32cube.ide.mcu.externaltools.gnu-tools-for-stm32.11.3.rel1.win32_1.1.100.202309141235/tools/bin/../lib/gcc/arm-none-eabi/11.3.1/thumb/v7e-m+fp/hard/crtend.o
LOAD C:/ST/STM32CubeIDE_1.14.0/STM32CubeIDE/plugins/com.st.stm32cube.ide.mcu.externaltools.gnu-tools-for-stm32.11.3.rel1.win32_1.1.100.202309141235/tools/bin/../lib/gcc/arm-none-eabi/11.3.1/thumb/v7e-m+fp/hard/crtn.o
                0x0000000020018000                _estack = (ORIGIN (RAM) + LENGTH (RAM))
                0x0000000000000200                _Min_Heap_Size = 0x200
                0x0000000000000400                _Min_Stack_Size = 0x400

.isr_vector     0x0000000008000000      0x194
                0x0000000008000000                . = ALIGN (0x4)
 *(.isr_vector)
 .isr_vector    0x0000000008000000      0x194 ./Startup/startup_stm32f401retx.o
                0x0000000008000000                g_pfnVectors
                0x0000000008000194                . = ALIGN (0x4)

.text           0x00000000080001a0     0x4b40
                0x00000000080001a0                . = ALIGN (0x4)
 *(.text)
 .text          0x00000000080001a0       0x40 C:/ST/STM32CubeIDE_1.14.0/STM32CubeIDE/plugins/com.st.stm32cube.ide.mcu.externaltools.gnu-tools-for-stm32.11.3.rel1.win32_1.1.100.202309141235/tools/bin/../lib/gcc/arm-none-eabi/11.3.1/thumb/v7e-m+fp/hard/crtbegin.o
 .text          0x00000000080001e0       0xa0 C:/ST/STM32CubeIDE_1.14.0/STM32CubeIDE/plugins/com.st.stm32cube.ide.mcu.externaltools.gnu-tools-for-stm32.11.3.rel1.win32_1.1.100.202309141235/tools/bin/../lib/gcc/arm-none-eabi/11.3.1/../../../../arm-none-eabi/lib/thumb/v7e-m+fp/hard\libc_nano.a(libc_a-memchr.o)
                0x00000000080001e0                memchr
 *(.text*)
 .text.GPIO_Init
                0x0000000008000280      0x11e ./Drivers/src/stm32f401re_gpio.o
                0x0000000008000280                GPIO_Init
 .text.GPIO_WriteBit
                0x000000000800039e       0x30 ./Drivers/src/stm32f401re_gpio.o
                0x000000000800039e                GPIO_WriteBit
 .text.GPIO_PinAFConfig
                0x00000000080003ce       0x92 ./Drivers/src/stm32f401re_gpio.o
                0x00000000080003ce                GPIO_PinAFConfig
 .text.RCC_GetClocksFreq
                0x0000000008000460      0x15c ./Drivers/src/stm32f401re_rcc.o
                0x0000000008000460                RCC_GetClocksFreq
 .text.RCC_AHB1PeriphClockCmd
                0x00000000080005bc       0x40 ./Drivers/src/stm32f401re_rcc.o
                0x00000000080005bc                RCC_AHB1PeriphClockCmd
 .text.RCC_APB1PeriphClockCmd
                0x00000000080005fc       0x40 ./Drivers/src/stm32f401re_rcc.o
                0x00000000080005fc                RCC_APB1PeriphClockCmd
 .text.Led_Init_red1
                0x000000000800063c       0x38 ./Src/main.o
 .text.Led_Init_red2
                0x0000000008000674       0x3c ./Src/main.o
 .text.Led_Init_blue1
                0x00000000080006b0       0x38 ./Src/main.o
 .text.Led_Init_blue2
                0x00000000080006e8       0x3c ./Src/main.o
 .text.Button_Init
                0x0000000008000724       0x34 ./Src/main.o
 .text.Button_Init_b3
                0x0000000008000758       0x34 ./Src/main.o
 .text.Button_Init_b4
                0x000000000800078c       0x34 ./Src/main.o
 .text.Buzzer_Init
                0x00000000080007c0       0x3c ./Src/main.o
 .text.LEDControl_SetStatus
                0x00000000080007fc       0x60 ./Src/main.o
 .text.ButtonRead_Status
                0x000000000800085c       0x2e ./Src/main.o
 .text.BuzzerControl_SetStatus
                0x000000000800088a       0x60 ./Src/main.o
 *fill*         0x00000000080008ea        0x2 
 .text.main     0x00000000080008ec      0x11c ./Src/main.o
                0x00000000080008ec                main
 .text.delay_ms
                0x0000000008000a08       0x30 ./Src/main.o
                0x0000000008000a08                delay_ms
 .text.CalculatorTime
                0x0000000008000a38       0x34 ./Src/main.o
                0x0000000008000a38                CalculatorTime
 .text.AppCommon
                0x0000000008000a6c       0x7c ./Src/main.o
 .text.SPI1_Init
                0x0000000008000ae8       0x60 ./Src/main.o
 .text.I2C_Init_temphumi
                0x0000000008000b48       0x94 ./Src/main.o
 .text.I2C_start
                0x0000000008000bdc       0x3c ./Src/main.o
                0x0000000008000bdc                I2C_start
 .text.I2C_address_direction
                0x0000000008000c18       0x60 ./Src/main.o
                0x0000000008000c18                I2C_address_direction
 .text.I2C_transmit
                0x0000000008000c78       0x38 ./Src/main.o
                0x0000000008000c78                I2C_transmit
 .text.I2C_stop
                0x0000000008000cb0       0x14 ./Src/main.o
                0x0000000008000cb0                I2C_stop
 .text.I2C_receive_nack
                0x0000000008000cc4       0x30 ./Src/main.o
                0x0000000008000cc4                I2C_receive_nack
 .text.I2C_receive_ack
                0x0000000008000cf4       0x30 ./Src/main.o
                0x0000000008000cf4                I2C_receive_ack
 .text.TemHumSensor_readRegister
                0x0000000008000d24       0xba ./Src/main.o
 *fill*         0x0000000008000dde        0x2 
 .text.GetTemp_Sensor
                0x0000000008000de0       0x64 ./Src/main.o
                0x0000000008000de0                GetTemp_Sensor
 .text.GetHumi_Sensor
                0x0000000008000e44       0x64 ./Src/main.o
                0x0000000008000e44                GetHumi_Sensor
 .text.processGetValueSensor
                0x0000000008000ea8      0x1a4 ./Src/main.o
                0x0000000008000ea8                processGetValueSensor
 .text.Scan_SensorLCD
                0x000000000800104c       0x8c ./Src/main.o
                0x000000000800104c                Scan_SensorLCD
 .text.Scan_TimeSensor
                0x00000000080010d8       0x48 ./Src/main.o
                0x00000000080010d8                Scan_TimeSensor
 .text._sbrk    0x0000000008001120       0x6c ./Src/sysmem.o
                0x0000000008001120                _sbrk
 .text.Reset_Handler
                0x000000000800118c       0x50 ./Startup/startup_stm32f401retx.o
                0x000000000800118c                Reset_Handler
 .text.Default_Handler
                0x00000000080011dc        0x2 ./Startup/startup_stm32f401retx.o
                0x00000000080011dc                EXTI2_IRQHandler
                0x00000000080011dc                DebugMon_Handler
                0x00000000080011dc                SPI4_IRQHandler
                0x00000000080011dc                TIM1_CC_IRQHandler
                0x00000000080011dc                DMA2_Stream5_IRQHandler
                0x00000000080011dc                HardFault_Handler
                0x00000000080011dc                DMA1_Stream5_IRQHandler
                0x00000000080011dc                SDIO_IRQHandler
                0x00000000080011dc                TAMP_STAMP_IRQHandler
                0x00000000080011dc                PendSV_Handler
                0x00000000080011dc                NMI_Handler
                0x00000000080011dc                EXTI3_IRQHandler
                0x00000000080011dc                TIM1_UP_TIM10_IRQHandler
                0x00000000080011dc                I2C3_ER_IRQHandler
                0x00000000080011dc                EXTI18_OTG_FS_WKUP_IRQHandler
                0x00000000080011dc                EXTI0_IRQHandler
                0x00000000080011dc                I2C2_EV_IRQHandler
                0x00000000080011dc                DMA1_Stream2_IRQHandler
                0x00000000080011dc                UsageFault_Handler
                0x00000000080011dc                DMA2_Stream2_IRQHandler
                0x00000000080011dc                SPI1_IRQHandler
                0x00000000080011dc                TIM1_BRK_TIM9_IRQHandler
                0x00000000080011dc                DMA2_Stream3_IRQHandler
                0x00000000080011dc                USART6_IRQHandler
                0x00000000080011dc                DMA2_Stream0_IRQHandler
                0x00000000080011dc                TIM4_IRQHandler
                0x00000000080011dc                I2C1_EV_IRQHandler
                0x00000000080011dc                DMA1_Stream6_IRQHandler
                0x00000000080011dc                DMA1_Stream1_IRQHandler
                0x00000000080011dc                TIM3_IRQHandler
                0x00000000080011dc                RCC_IRQHandler
                0x00000000080011dc                Default_Handler
                0x00000000080011dc                EXTI15_10_IRQHandler
                0x00000000080011dc                ADC_IRQHandler
                0x00000000080011dc                DMA1_Stream7_IRQHandler
                0x00000000080011dc                TIM5_IRQHandler
                0x00000000080011dc                DMA2_Stream7_IRQHandler
                0x00000000080011dc                I2C3_EV_IRQHandler
                0x00000000080011dc                EXTI9_5_IRQHandler
                0x00000000080011dc                SPI2_IRQHandler
                0x00000000080011dc                MemManage_Handler
                0x00000000080011dc                DMA1_Stream0_IRQHandler
                0x00000000080011dc                SVC_Handler
                0x00000000080011dc                EXTI4_IRQHandler
                0x00000000080011dc                EXTI22_RTC_WKUP_IRQHandler
                0x00000000080011dc                TIM2_IRQHandler
                0x00000000080011dc                EXTI16_PVD_IRQHandler
                0x00000000080011dc                TIM1_TRG_COM_TIM11_IRQHandler
                0x00000000080011dc                EXTI1_IRQHandler
                0x00000000080011dc                EXTI17_RTC_Alarm_IRQHandler
                0x00000000080011dc                I2C2_ER_IRQHandler
                0x00000000080011dc                DMA2_Stream1_IRQHandler
                0x00000000080011dc                FLASH_IRQHandler
                0x00000000080011dc                DMA2_Stream4_IRQHandler
                0x00000000080011dc                BusFault_Handler
                0x00000000080011dc                USART1_IRQHandler
                0x00000000080011dc                OTG_FS_IRQHandler
                0x00000000080011dc                SPI3_IRQHandler
                0x00000000080011dc                DMA1_Stream4_IRQHandler
                0x00000000080011dc                I2C1_ER_IRQHandler
                0x00000000080011dc                DMA2_Stream6_IRQHandler
                0x00000000080011dc                DMA1_Stream3_IRQHandler
 *fill*         0x00000000080011de        0x2 
 .text.SystemInit
                0x00000000080011e0       0x6c D:\Năm 3\STM32\app\SDK_1.0.3_NUCLEO-F401RE\lib_stm\libLibraries.a(system_stm32f4xx.o)
                0x00000000080011e0                SystemInit
 .text.SystemCoreClockUpdate
                0x000000000800124c       0xf8 D:\Năm 3\STM32\app\SDK_1.0.3_NUCLEO-F401RE\lib_stm\libLibraries.a(system_stm32f4xx.o)
                0x000000000800124c                SystemCoreClockUpdate
 .text.SetSysClock
                0x0000000008001344       0xa0 D:\Năm 3\STM32\app\SDK_1.0.3_NUCLEO-F401RE\lib_stm\libLibraries.a(system_stm32f4xx.o)
 .text.I2C_Init
                0x00000000080013e4      0x184 D:\Năm 3\STM32\app\SDK_1.0.3_NUCLEO-F401RE\lib_stm\libLibraries.a(stm32f401re_i2c.o)
                0x00000000080013e4                I2C_Init
 .text.I2C_Cmd  0x0000000008001568       0x40 D:\Năm 3\STM32\app\SDK_1.0.3_NUCLEO-F401RE\lib_stm\libLibraries.a(stm32f401re_i2c.o)
                0x0000000008001568                I2C_Cmd
 .text.I2C_GenerateSTART
                0x00000000080015a8       0x40 D:\Năm 3\STM32\app\SDK_1.0.3_NUCLEO-F401RE\lib_stm\libLibraries.a(stm32f401re_i2c.o)
                0x00000000080015a8                I2C_GenerateSTART
 .text.I2C_GenerateSTOP
                0x00000000080015e8       0x40 D:\Năm 3\STM32\app\SDK_1.0.3_NUCLEO-F401RE\lib_stm\libLibraries.a(stm32f401re_i2c.o)
                0x00000000080015e8                I2C_GenerateSTOP
 .text.I2C_Send7bitAddress
                0x0000000008001628       0x3c D:\Năm 3\STM32\app\SDK_1.0.3_NUCLEO-F401RE\lib_stm\libLibraries.a(stm32f401re_i2c.o)
                0x0000000008001628                I2C_Send7bitAddress
 .text.I2C_AcknowledgeConfig
                0x0000000008001664       0x40 D:\Năm 3\STM32\app\SDK_1.0.3_NUCLEO-F401RE\lib_stm\libLibraries.a(stm32f401re_i2c.o)
                0x0000000008001664                I2C_AcknowledgeConfig
 .text.I2C_SendData
                0x00000000080016a4       0x20 D:\Năm 3\STM32\app\SDK_1.0.3_NUCLEO-F401RE\lib_stm\libLibraries.a(stm32f401re_i2c.o)
                0x00000000080016a4                I2C_SendData
 .text.I2C_ReceiveData
                0x00000000080016c4       0x1c D:\Năm 3\STM32\app\SDK_1.0.3_NUCLEO-F401RE\lib_stm\libLibraries.a(stm32f401re_i2c.o)
                0x00000000080016c4                I2C_ReceiveData
 .text.I2C_CheckEvent
                0x00000000080016e0       0x60 D:\Năm 3\STM32\app\SDK_1.0.3_NUCLEO-F401RE\lib_stm\libLibraries.a(stm32f401re_i2c.o)
                0x00000000080016e0                I2C_CheckEvent
 .text.I2C_GetFlagStatus
                0x0000000008001740       0x66 D:\Năm 3\STM32\app\SDK_1.0.3_NUCLEO-F401RE\lib_stm\libLibraries.a(stm32f401re_i2c.o)
                0x0000000008001740                I2C_GetFlagStatus
 *fill*         0x00000000080017a6        0x2 
 .text.NVIC_SetPriority
                0x00000000080017a8       0x54 D:\Năm 3\STM32\app\SDK_1.0.3_NUCLEO-F401RE\lib_stm\libLibraries.a(timer.o)
 .text.SysTick_Config
                0x00000000080017fc       0x44 D:\Năm 3\STM32\app\SDK_1.0.3_NUCLEO-F401RE\lib_stm\libLibraries.a(timer.o)
 .text.TimerInit
                0x0000000008001840       0x44 D:\Năm 3\STM32\app\SDK_1.0.3_NUCLEO-F401RE\lib_stm\libLibraries.a(timer.o)
                0x0000000008001840                TimerInit
 .text.TimerStart
                0x0000000008001884       0xc4 D:\Năm 3\STM32\app\SDK_1.0.3_NUCLEO-F401RE\lib_stm\libLibraries.a(timer.o)
                0x0000000008001884                TimerStart
 .text.TimerStop
                0x0000000008001948       0xa0 D:\Năm 3\STM32\app\SDK_1.0.3_NUCLEO-F401RE\lib_stm\libLibraries.a(timer.o)
                0x0000000008001948                TimerStop
 .text.GetMilSecTick
                0x00000000080019e8       0x18 D:\Năm 3\STM32\app\SDK_1.0.3_NUCLEO-F401RE\lib_stm\libLibraries.a(timer.o)
                0x00000000080019e8                GetMilSecTick
 .text.processTimerScheduler
                0x0000000008001a00       0xf0 D:\Năm 3\STM32\app\SDK_1.0.3_NUCLEO-F401RE\lib_stm\libLibraries.a(timer.o)
                0x0000000008001a00                processTimerScheduler
 .text.TimeExpired
                0x0000000008001af0       0xcc D:\Năm 3\STM32\app\SDK_1.0.3_NUCLEO-F401RE\lib_stm\libLibraries.a(timer.o)
 .text.SysTick_Handler
                0x0000000008001bbc       0x1c D:\Năm 3\STM32\app\SDK_1.0.3_NUCLEO-F401RE\lib_stm\libLibraries.a(timer.o)
                0x0000000008001bbc                SysTick_Handler
 .text.TemHumSensor_Init
                0x0000000008001bd8        0xc D:\Năm 3\STM32\app\SDK_1.0.3_NUCLEO-F401RE\lib_stm\libLibraries.a(temhumsensor.o)
                0x0000000008001bd8                TemHumSensor_Init
 .text.i2c_config
                0x0000000008001be4       0x94 D:\Năm 3\STM32\app\SDK_1.0.3_NUCLEO-F401RE\lib_stm\libLibraries.a(temhumsensor.o)
                0x0000000008001be4                i2c_config
 .text.USART2_IRQHandler
                0x0000000008001c78       0x50 D:\Năm 3\STM32\app\SDK_1.0.3_NUCLEO-F401RE\lib_stm\libLibraries.a(serial.o)
                0x0000000008001c78                USART2_IRQHandler
 .text.delayMicroseconds
                0x0000000008001cc8       0x14 D:\Năm 3\STM32\app\SDK_1.0.3_NUCLEO-F401RE\lib_stm\libLibraries.a(Ucglib.o)
 .text.ucg_gpio_init
                0x0000000008001cdc       0x60 D:\Năm 3\STM32\app\SDK_1.0.3_NUCLEO-F401RE\lib_stm\libLibraries.a(Ucglib.o)
 .text.ucg_com_arduino_send_generic_SW_SPI
                0x0000000008001d3c       0x74 D:\Năm 3\STM32\app\SDK_1.0.3_NUCLEO-F401RE\lib_stm\libLibraries.a(Ucglib.o)
 .text.ucg_com_arduino_generic_SW_SPI
                0x0000000008001db0      0x1ec D:\Năm 3\STM32\app\SDK_1.0.3_NUCLEO-F401RE\lib_stm\libLibraries.a(Ucglib.o)
 .text.Ucglib4WireSWSPI_begin
                0x0000000008001f9c       0x38 D:\Năm 3\STM32\app\SDK_1.0.3_NUCLEO-F401RE\lib_stm\libLibraries.a(Ucglib.o)
                0x0000000008001f9c                Ucglib4WireSWSPI_begin
 .text.ucg_DrawBox
                0x0000000008001fd4       0x56 D:\Năm 3\STM32\app\SDK_1.0.3_NUCLEO-F401RE\lib_stm\libLibraries.a(ucg_box.o)
                0x0000000008001fd4                ucg_DrawBox
 .text.ucg_ClearScreen
                0x000000000800202a       0x50 D:\Năm 3\STM32\app\SDK_1.0.3_NUCLEO-F401RE\lib_stm\libLibraries.a(ucg_box.o)
                0x000000000800202a                ucg_ClearScreen
 .text.ucg_ccs_init
                0x000000000800207a       0xc0 D:\Năm 3\STM32\app\SDK_1.0.3_NUCLEO-F401RE\lib_stm\libLibraries.a(ucg_ccs.o)
                0x000000000800207a                ucg_ccs_init
 .text.ucg_ccs_step
                0x000000000800213a       0x80 D:\Năm 3\STM32\app\SDK_1.0.3_NUCLEO-F401RE\lib_stm\libLibraries.a(ucg_ccs.o)
                0x000000000800213a                ucg_ccs_step
 .text.ucg_ccs_seek
                0x00000000080021ba       0xca D:\Năm 3\STM32\app\SDK_1.0.3_NUCLEO-F401RE\lib_stm\libLibraries.a(ucg_ccs.o)
                0x00000000080021ba                ucg_ccs_seek
 .text.ucg_dev_default_cb
                0x0000000008002284       0x44 D:\Năm 3\STM32\app\SDK_1.0.3_NUCLEO-F401RE\lib_stm\libLibraries.a(ucg_dev_default_cb.o)
                0x0000000008002284                ucg_dev_default_cb
 .text.ucg_ext_none
                0x00000000080022c8       0x1c D:\Năm 3\STM32\app\SDK_1.0.3_NUCLEO-F401RE\lib_stm\libLibraries.a(ucg_dev_default_cb.o)
                0x00000000080022c8                ucg_ext_none
 .text.ucg_handle_st7735_l90fx
                0x00000000080022e4       0xd8 D:\Năm 3\STM32\app\SDK_1.0.3_NUCLEO-F401RE\lib_stm\libLibraries.a(ucg_dev_ic_st7735.o)
                0x00000000080022e4                ucg_handle_st7735_l90fx
 .text.ucg_handle_st7735_l90se
                0x00000000080023bc      0x154 D:\Năm 3\STM32\app\SDK_1.0.3_NUCLEO-F401RE\lib_stm\libLibraries.a(ucg_dev_ic_st7735.o)
                0x00000000080023bc                ucg_handle_st7735_l90se
 .text.ucg_dev_ic_st7735_18
                0x0000000008002510       0xf8 D:\Năm 3\STM32\app\SDK_1.0.3_NUCLEO-F401RE\lib_stm\libLibraries.a(ucg_dev_ic_st7735.o)
                0x0000000008002510                ucg_dev_ic_st7735_18
 .text.ucg_ext_st7735_18
                0x0000000008002608       0x28 D:\Năm 3\STM32\app\SDK_1.0.3_NUCLEO-F401RE\lib_stm\libLibraries.a(ucg_dev_ic_st7735.o)
                0x0000000008002608                ucg_ext_st7735_18
 .text.ucg_PowerDown
                0x0000000008002630       0x34 D:\Năm 3\STM32\app\SDK_1.0.3_NUCLEO-F401RE\lib_stm\libLibraries.a(ucg_dev_msg_api.o)
                0x0000000008002630                ucg_PowerDown
 .text.ucg_PowerUp
                0x0000000008002664       0x3c D:\Năm 3\STM32\app\SDK_1.0.3_NUCLEO-F401RE\lib_stm\libLibraries.a(ucg_dev_msg_api.o)
                0x0000000008002664                ucg_PowerUp
 .text.ucg_SetClipBox
                0x00000000080026a0       0x1e D:\Năm 3\STM32\app\SDK_1.0.3_NUCLEO-F401RE\lib_stm\libLibraries.a(ucg_dev_msg_api.o)
                0x00000000080026a0                ucg_SetClipBox
 .text.ucg_SetMaxClipRange
                0x00000000080026be       0x30 D:\Năm 3\STM32\app\SDK_1.0.3_NUCLEO-F401RE\lib_stm\libLibraries.a(ucg_dev_msg_api.o)
                0x00000000080026be                ucg_SetMaxClipRange
 .text.ucg_GetDimension
                0x00000000080026ee       0x24 D:\Năm 3\STM32\app\SDK_1.0.3_NUCLEO-F401RE\lib_stm\libLibraries.a(ucg_dev_msg_api.o)
                0x00000000080026ee                ucg_GetDimension
 .text.ucg_DrawL90FXWithArg
                0x0000000008002712       0x1e D:\Năm 3\STM32\app\SDK_1.0.3_NUCLEO-F401RE\lib_stm\libLibraries.a(ucg_dev_msg_api.o)
                0x0000000008002712                ucg_DrawL90FXWithArg
 .text.ucg_dev_st7735_18x128x128
                0x0000000008002730       0x80 D:\Năm 3\STM32\app\SDK_1.0.3_NUCLEO-F401RE\lib_stm\libLibraries.a(ucg_dev_tft_128x128_st7735.o)
                0x0000000008002730                ucg_dev_st7735_18x128x128
 .text.ucg_font_get_byte
                0x00000000080027b0       0x24 D:\Năm 3\STM32\app\SDK_1.0.3_NUCLEO-F401RE\lib_stm\libLibraries.a(ucg_font.o)
 .text.ucg_font_get_word
                0x00000000080027d4       0x40 D:\Năm 3\STM32\app\SDK_1.0.3_NUCLEO-F401RE\lib_stm\libLibraries.a(ucg_font.o)
 .text.ucg_read_font_info
                0x0000000008002814      0x142 D:\Năm 3\STM32\app\SDK_1.0.3_NUCLEO-F401RE\lib_stm\libLibraries.a(ucg_font.o)
                0x0000000008002814                ucg_read_font_info
 .text.ucg_font_decode_get_unsigned_bits
                0x0000000008002956       0x96 D:\Năm 3\STM32\app\SDK_1.0.3_NUCLEO-F401RE\lib_stm\libLibraries.a(ucg_font.o)
                0x0000000008002956                ucg_font_decode_get_unsigned_bits
 .text.ucg_font_decode_get_signed_bits
                0x00000000080029ec       0x46 D:\Năm 3\STM32\app\SDK_1.0.3_NUCLEO-F401RE\lib_stm\libLibraries.a(ucg_font.o)
                0x00000000080029ec                ucg_font_decode_get_signed_bits
 .text.ucg_add_vector_y
                0x0000000008002a32       0x7a D:\Năm 3\STM32\app\SDK_1.0.3_NUCLEO-F401RE\lib_stm\libLibraries.a(ucg_font.o)
 .text.ucg_add_vector_x
                0x0000000008002aac       0x7a D:\Năm 3\STM32\app\SDK_1.0.3_NUCLEO-F401RE\lib_stm\libLibraries.a(ucg_font.o)
 .text.ucg_font_decode_len
                0x0000000008002b26      0x118 D:\Năm 3\STM32\app\SDK_1.0.3_NUCLEO-F401RE\lib_stm\libLibraries.a(ucg_font.o)
                0x0000000008002b26                ucg_font_decode_len
 .text.ucg_font_setup_decode
                0x0000000008002c3e       0x64 D:\Năm 3\STM32\app\SDK_1.0.3_NUCLEO-F401RE\lib_stm\libLibraries.a(ucg_font.o)
 .text.ucg_font_decode_glyph
                0x0000000008002ca2      0x14c D:\Năm 3\STM32\app\SDK_1.0.3_NUCLEO-F401RE\lib_stm\libLibraries.a(ucg_font.o)
                0x0000000008002ca2                ucg_font_decode_glyph
 .text.ucg_font_get_glyph_data
                0x0000000008002dee       0x7a D:\Năm 3\STM32\app\SDK_1.0.3_NUCLEO-F401RE\lib_stm\libLibraries.a(ucg_font.o)
                0x0000000008002dee                ucg_font_get_glyph_data
 .text.ucg_font_draw_glyph
                0x0000000008002e68       0x62 D:\Năm 3\STM32\app\SDK_1.0.3_NUCLEO-F401RE\lib_stm\libLibraries.a(ucg_font.o)
                0x0000000008002e68                ucg_font_draw_glyph
 .text.ucg_SetFontMode
                0x0000000008002eca       0x20 D:\Năm 3\STM32\app\SDK_1.0.3_NUCLEO-F401RE\lib_stm\libLibraries.a(ucg_font.o)
                0x0000000008002eca                ucg_SetFontMode
 *fill*         0x0000000008002eea        0x2 
 .text.ucg_DrawGlyph
                0x0000000008002eec       0xb0 D:\Năm 3\STM32\app\SDK_1.0.3_NUCLEO-F401RE\lib_stm\libLibraries.a(ucg_font.o)
                0x0000000008002eec                ucg_DrawGlyph
 .text.task_drawString
                0x0000000008002f9c      0x138 D:\Năm 3\STM32\app\SDK_1.0.3_NUCLEO-F401RE\lib_stm\libLibraries.a(ucg_font.o)
                0x0000000008002f9c                task_drawString
 .text.ucg_DrawString
                0x00000000080030d4       0x78 D:\Năm 3\STM32\app\SDK_1.0.3_NUCLEO-F401RE\lib_stm\libLibraries.a(ucg_font.o)
                0x00000000080030d4                ucg_DrawString
 .text.ucg_UpdateRefHeight
                0x000000000800314c       0xd8 D:\Năm 3\STM32\app\SDK_1.0.3_NUCLEO-F401RE\lib_stm\libLibraries.a(ucg_font.o)
                0x000000000800314c                ucg_UpdateRefHeight
 .text.ucg_font_calc_vref_font
                0x0000000008003224       0x16 D:\Năm 3\STM32\app\SDK_1.0.3_NUCLEO-F401RE\lib_stm\libLibraries.a(ucg_font.o)
                0x0000000008003224                ucg_font_calc_vref_font
 *fill*         0x000000000800323a        0x2 
 .text.ucg_SetFontPosBaseline
                0x000000000800323c       0x20 D:\Năm 3\STM32\app\SDK_1.0.3_NUCLEO-F401RE\lib_stm\libLibraries.a(ucg_font.o)
                0x000000000800323c                ucg_SetFontPosBaseline
 .text.ucg_SetFont
                0x000000000800325c       0x4c D:\Năm 3\STM32\app\SDK_1.0.3_NUCLEO-F401RE\lib_stm\libLibraries.a(ucg_font.o)
                0x000000000800325c                ucg_SetFont
 .text.ucg_init_struct
                0x00000000080032a8       0x50 D:\Năm 3\STM32\app\SDK_1.0.3_NUCLEO-F401RE\lib_stm\libLibraries.a(ucg_init.o)
                0x00000000080032a8                ucg_init_struct
 .text.ucg_Init
                0x00000000080032f8       0x5c D:\Năm 3\STM32\app\SDK_1.0.3_NUCLEO-F401RE\lib_stm\libLibraries.a(ucg_init.o)
                0x00000000080032f8                ucg_Init
 .text.ucg_Draw90Line
                0x0000000008003354       0x88 D:\Năm 3\STM32\app\SDK_1.0.3_NUCLEO-F401RE\lib_stm\libLibraries.a(ucg_line.o)
                0x0000000008003354                ucg_Draw90Line
 .text.ucg_DrawHLine
                0x00000000080033dc       0x3e D:\Năm 3\STM32\app\SDK_1.0.3_NUCLEO-F401RE\lib_stm\libLibraries.a(ucg_line.o)
                0x00000000080033dc                ucg_DrawHLine
 .text.ucg_SetColor
                0x000000000800341a       0x5c D:\Năm 3\STM32\app\SDK_1.0.3_NUCLEO-F401RE\lib_stm\libLibraries.a(ucg_pixel.o)
                0x000000000800341a                ucg_SetColor
 .text.ucg_UndoRotate
                0x0000000008003476       0x32 D:\Năm 3\STM32\app\SDK_1.0.3_NUCLEO-F401RE\lib_stm\libLibraries.a(ucg_rotate.o)
                0x0000000008003476                ucg_UndoRotate
 .text.ucg_rotate_180_xy
                0x00000000080034a8       0x66 D:\Năm 3\STM32\app\SDK_1.0.3_NUCLEO-F401RE\lib_stm\libLibraries.a(ucg_rotate.o)
 *fill*         0x000000000800350e        0x2 
 .text.ucg_dev_rotate180
                0x0000000008003510      0x100 D:\Năm 3\STM32\app\SDK_1.0.3_NUCLEO-F401RE\lib_stm\libLibraries.a(ucg_rotate.o)
                0x0000000008003510                ucg_dev_rotate180
 .text.ucg_SetRotate180
                0x0000000008003610       0x34 D:\Năm 3\STM32\app\SDK_1.0.3_NUCLEO-F401RE\lib_stm\libLibraries.a(ucg_rotate.o)
                0x0000000008003610                ucg_SetRotate180
 .text.bufInit  0x0000000008003644       0x36 D:\Năm 3\STM32\app\SDK_1.0.3_NUCLEO-F401RE\lib_stm\libLibraries.a(buff.o)
                0x0000000008003644                bufInit
 .text.bufNumItems
                0x000000000800367a       0x18 D:\Năm 3\STM32\app\SDK_1.0.3_NUCLEO-F401RE\lib_stm\libLibraries.a(buff.o)
                0x000000000800367a                bufNumItems
 .text.bufIsFull
                0x0000000008003692       0x26 D:\Năm 3\STM32\app\SDK_1.0.3_NUCLEO-F401RE\lib_stm\libLibraries.a(buff.o)
                0x0000000008003692                bufIsFull
 .text.bufIsEmpty
                0x00000000080036b8       0x26 D:\Năm 3\STM32\app\SDK_1.0.3_NUCLEO-F401RE\lib_stm\libLibraries.a(buff.o)
                0x00000000080036b8                bufIsEmpty
 .text.bufFlush
                0x00000000080036de       0x32 D:\Năm 3\STM32\app\SDK_1.0.3_NUCLEO-F401RE\lib_stm\libLibraries.a(buff.o)
                0x00000000080036de                bufFlush
 .text.bufEnDat
                0x0000000008003710       0x9c D:\Năm 3\STM32\app\SDK_1.0.3_NUCLEO-F401RE\lib_stm\libLibraries.a(buff.o)
                0x0000000008003710                bufEnDat
 .text.bufDeDat
                0x00000000080037ac       0x84 D:\Năm 3\STM32\app\SDK_1.0.3_NUCLEO-F401RE\lib_stm\libLibraries.a(buff.o)
                0x00000000080037ac                bufDeDat
 .text.memsetl  0x0000000008003830       0x32 D:\Năm 3\STM32\app\SDK_1.0.3_NUCLEO-F401RE\lib_stm\libLibraries.a(utilities.o)
                0x0000000008003830                memsetl
 .text.USART_ReceiveData
                0x0000000008003862       0x20 D:\Năm 3\STM32\app\SDK_1.0.3_NUCLEO-F401RE\lib_stm\libLibraries.a(stm32f401re_usart.o)
                0x0000000008003862                USART_ReceiveData
 .text.USART_GetITStatus
                0x0000000008003882       0xb6 D:\Năm 3\STM32\app\SDK_1.0.3_NUCLEO-F401RE\lib_stm\libLibraries.a(stm32f401re_usart.o)
                0x0000000008003882                USART_GetITStatus
 .text.USART_ClearITPendingBit
                0x0000000008003938       0x3a D:\Năm 3\STM32\app\SDK_1.0.3_NUCLEO-F401RE\lib_stm\libLibraries.a(stm32f401re_usart.o)
                0x0000000008003938                USART_ClearITPendingBit
 .text.ucg_clip_is_x_visible
                0x0000000008003972       0x4a D:\Năm 3\STM32\app\SDK_1.0.3_NUCLEO-F401RE\lib_stm\libLibraries.a(ucg_clip.o)
 .text.ucg_clip_is_y_visible
                0x00000000080039bc       0x4a D:\Năm 3\STM32\app\SDK_1.0.3_NUCLEO-F401RE\lib_stm\libLibraries.a(ucg_clip.o)
 .text.ucg_clip_intersection
                0x0000000008003a06       0x74 D:\Năm 3\STM32\app\SDK_1.0.3_NUCLEO-F401RE\lib_stm\libLibraries.a(ucg_clip.o)
 .text.ucg_clip_is_pixel_visible
                0x0000000008003a7a       0x32 D:\Năm 3\STM32\app\SDK_1.0.3_NUCLEO-F401RE\lib_stm\libLibraries.a(ucg_clip.o)
                0x0000000008003a7a                ucg_clip_is_pixel_visible
 .text.ucg_clip_l90fx
                0x0000000008003aac      0x300 D:\Năm 3\STM32\app\SDK_1.0.3_NUCLEO-F401RE\lib_stm\libLibraries.a(ucg_clip.o)
                0x0000000008003aac                ucg_clip_l90fx
 .text.ucg_clip_l90se
                0x0000000008003dac       0x54 D:\Năm 3\STM32\app\SDK_1.0.3_NUCLEO-F401RE\lib_stm\libLibraries.a(ucg_clip.o)
                0x0000000008003dac                ucg_clip_l90se
 .text.ucg_com_PowerDown
                0x0000000008003e00       0x3e D:\Năm 3\STM32\app\SDK_1.0.3_NUCLEO-F401RE\lib_stm\libLibraries.a(ucg_com_msg_api.o)
                0x0000000008003e00                ucg_com_PowerDown
 .text.ucg_com_PowerUp
                0x0000000008003e3e       0x60 D:\Năm 3\STM32\app\SDK_1.0.3_NUCLEO-F401RE\lib_stm\libLibraries.a(ucg_com_msg_api.o)
                0x0000000008003e3e                ucg_com_PowerUp
 .text.ucg_com_SetLineStatus
                0x0000000008003e9e       0xe2 D:\Năm 3\STM32\app\SDK_1.0.3_NUCLEO-F401RE\lib_stm\libLibraries.a(ucg_com_msg_api.o)
                0x0000000008003e9e                ucg_com_SetLineStatus
 .text.ucg_com_SetResetLineStatus
                0x0000000008003f80       0x20 D:\Năm 3\STM32\app\SDK_1.0.3_NUCLEO-F401RE\lib_stm\libLibraries.a(ucg_com_msg_api.o)
                0x0000000008003f80                ucg_com_SetResetLineStatus
 .text.ucg_com_SetCSLineStatus
                0x0000000008003fa0       0x20 D:\Năm 3\STM32\app\SDK_1.0.3_NUCLEO-F401RE\lib_stm\libLibraries.a(ucg_com_msg_api.o)
                0x0000000008003fa0                ucg_com_SetCSLineStatus
 .text.ucg_com_SetCDLineStatus
                0x0000000008003fc0       0x20 D:\Năm 3\STM32\app\SDK_1.0.3_NUCLEO-F401RE\lib_stm\libLibraries.a(ucg_com_msg_api.o)
                0x0000000008003fc0                ucg_com_SetCDLineStatus
 .text.ucg_com_DelayMicroseconds
                0x0000000008003fe0       0x22 D:\Năm 3\STM32\app\SDK_1.0.3_NUCLEO-F401RE\lib_stm\libLibraries.a(ucg_com_msg_api.o)
                0x0000000008003fe0                ucg_com_DelayMicroseconds
 .text.ucg_com_DelayMilliseconds
                0x0000000008004002       0x2c D:\Năm 3\STM32\app\SDK_1.0.3_NUCLEO-F401RE\lib_stm\libLibraries.a(ucg_com_msg_api.o)
                0x0000000008004002                ucg_com_DelayMilliseconds
 .text.ucg_com_SendByte
                0x000000000800402e       0x24 D:\Năm 3\STM32\app\SDK_1.0.3_NUCLEO-F401RE\lib_stm\libLibraries.a(ucg_com_msg_api.o)
                0x000000000800402e                ucg_com_SendByte
 .text.ucg_com_SendStringP
                0x0000000008004052       0x40 D:\Năm 3\STM32\app\SDK_1.0.3_NUCLEO-F401RE\lib_stm\libLibraries.a(ucg_com_msg_api.o)
                0x0000000008004052                ucg_com_SendStringP
 .text.ucg_com_SendCmdArg
                0x0000000008004092       0x74 D:\Năm 3\STM32\app\SDK_1.0.3_NUCLEO-F401RE\lib_stm\libLibraries.a(ucg_com_msg_api.o)
 *fill*         0x0000000008004106        0x2 
 .text.ucg_com_SendCmdSeq
                0x0000000008004108      0x278 D:\Năm 3\STM32\app\SDK_1.0.3_NUCLEO-F401RE\lib_stm\libLibraries.a(ucg_com_msg_api.o)
                0x0000000008004108                ucg_com_SendCmdSeq
 .text.sprintf  0x0000000008004380       0x40 C:/ST/STM32CubeIDE_1.14.0/STM32CubeIDE/plugins/com.st.stm32cube.ide.mcu.externaltools.gnu-tools-for-stm32.11.3.rel1.win32_1.1.100.202309141235/tools/bin/../lib/gcc/arm-none-eabi/11.3.1/../../../../arm-none-eabi/lib/thumb/v7e-m+fp/hard\libc_nano.a(libc_a-sprintf.o)
                0x0000000008004380                siprintf
                0x0000000008004380                sprintf
 .text.memset   0x00000000080043c0       0x10 C:/ST/STM32CubeIDE_1.14.0/STM32CubeIDE/plugins/com.st.stm32cube.ide.mcu.externaltools.gnu-tools-for-stm32.11.3.rel1.win32_1.1.100.202309141235/tools/bin/../lib/gcc/arm-none-eabi/11.3.1/../../../../arm-none-eabi/lib/thumb/v7e-m+fp/hard\libc_nano.a(libc_a-memset.o)
                0x00000000080043c0                memset
 .text.__errno  0x00000000080043d0        0xc C:/ST/STM32CubeIDE_1.14.0/STM32CubeIDE/plugins/com.st.stm32cube.ide.mcu.externaltools.gnu-tools-for-stm32.11.3.rel1.win32_1.1.100.202309141235/tools/bin/../lib/gcc/arm-none-eabi/11.3.1/../../../../arm-none-eabi/lib/thumb/v7e-m+fp/hard\libc_nano.a(libc_a-errno.o)
                0x00000000080043d0                __errno
 .text.__libc_init_array
                0x00000000080043dc       0x48 C:/ST/STM32CubeIDE_1.14.0/STM32CubeIDE/plugins/com.st.stm32cube.ide.mcu.externaltools.gnu-tools-for-stm32.11.3.rel1.win32_1.1.100.202309141235/tools/bin/../lib/gcc/arm-none-eabi/11.3.1/../../../../arm-none-eabi/lib/thumb/v7e-m+fp/hard\libc_nano.a(libc_a-init.o)
                0x00000000080043dc                __libc_init_array
 .text.__retarget_lock_acquire_recursive
                0x0000000008004424        0x2 C:/ST/STM32CubeIDE_1.14.0/STM32CubeIDE/plugins/com.st.stm32cube.ide.mcu.externaltools.gnu-tools-for-stm32.11.3.rel1.win32_1.1.100.202309141235/tools/bin/../lib/gcc/arm-none-eabi/11.3.1/../../../../arm-none-eabi/lib/thumb/v7e-m+fp/hard\libc_nano.a(libc_a-lock.o)
                0x0000000008004424                __retarget_lock_acquire_recursive
 .text.__retarget_lock_release_recursive
                0x0000000008004426        0x2 C:/ST/STM32CubeIDE_1.14.0/STM32CubeIDE/plugins/com.st.stm32cube.ide.mcu.externaltools.gnu-tools-for-stm32.11.3.rel1.win32_1.1.100.202309141235/tools/bin/../lib/gcc/arm-none-eabi/11.3.1/../../../../arm-none-eabi/lib/thumb/v7e-m+fp/hard\libc_nano.a(libc_a-lock.o)
                0x0000000008004426                __retarget_lock_release_recursive
 .text._free_r  0x0000000008004428       0x98 C:/ST/STM32CubeIDE_1.14.0/STM32CubeIDE/plugins/com.st.stm32cube.ide.mcu.externaltools.gnu-tools-for-stm32.11.3.rel1.win32_1.1.100.202309141235/tools/bin/../lib/gcc/arm-none-eabi/11.3.1/../../../../arm-none-eabi/lib/thumb/v7e-m+fp/hard\libc_nano.a(libc_a-freer.o)
                0x0000000008004428                _free_r
 .text.sbrk_aligned
                0x00000000080044c0       0x40 C:/ST/STM32CubeIDE_1.14.0/STM32CubeIDE/plugins/com.st.stm32cube.ide.mcu.externaltools.gnu-tools-for-stm32.11.3.rel1.win32_1.1.100.202309141235/tools/bin/../lib/gcc/arm-none-eabi/11.3.1/../../../../arm-none-eabi/lib/thumb/v7e-m+fp/hard\libc_nano.a(libc_a-mallocr.o)
 .text._malloc_r
                0x0000000008004500      0x100 C:/ST/STM32CubeIDE_1.14.0/STM32CubeIDE/plugins/com.st.stm32cube.ide.mcu.externaltools.gnu-tools-for-stm32.11.3.rel1.win32_1.1.100.202309141235/tools/bin/../lib/gcc/arm-none-eabi/11.3.1/../../../../arm-none-eabi/lib/thumb/v7e-m+fp/hard\libc_nano.a(libc_a-mallocr.o)
                0x0000000008004500                _malloc_r
 .text.__malloc_lock
                0x0000000008004600        0xc C:/ST/STM32CubeIDE_1.14.0/STM32CubeIDE/plugins/com.st.stm32cube.ide.mcu.externaltools.gnu-tools-for-stm32.11.3.rel1.win32_1.1.100.202309141235/tools/bin/../lib/gcc/arm-none-eabi/11.3.1/../../../../arm-none-eabi/lib/thumb/v7e-m+fp/hard\libc_nano.a(libc_a-mlock.o)
                0x0000000008004600                __malloc_lock
 .text.__malloc_unlock
                0x000000000800460c        0xc C:/ST/STM32CubeIDE_1.14.0/STM32CubeIDE/plugins/com.st.stm32cube.ide.mcu.externaltools.gnu-tools-for-stm32.11.3.rel1.win32_1.1.100.202309141235/tools/bin/../lib/gcc/arm-none-eabi/11.3.1/../../../../arm-none-eabi/lib/thumb/v7e-m+fp/hard\libc_nano.a(libc_a-mlock.o)
                0x000000000800460c                __malloc_unlock
 .text.__ssputs_r
                0x0000000008004618       0xb4 C:/ST/STM32CubeIDE_1.14.0/STM32CubeIDE/plugins/com.st.stm32cube.ide.mcu.externaltools.gnu-tools-for-stm32.11.3.rel1.win32_1.1.100.202309141235/tools/bin/../lib/gcc/arm-none-eabi/11.3.1/../../../../arm-none-eabi/lib/thumb/v7e-m+fp/hard\libc_nano.a(libc_a-nano-svfprintf.o)
                0x0000000008004618                __ssputs_r
 .text._svfprintf_r
                0x00000000080046cc      0x1fc C:/ST/STM32CubeIDE_1.14.0/STM32CubeIDE/plugins/com.st.stm32cube.ide.mcu.externaltools.gnu-tools-for-stm32.11.3.rel1.win32_1.1.100.202309141235/tools/bin/../lib/gcc/arm-none-eabi/11.3.1/../../../../arm-none-eabi/lib/thumb/v7e-m+fp/hard\libc_nano.a(libc_a-nano-svfprintf.o)
                0x00000000080046cc                _svfiprintf_r
                0x00000000080046cc                _svfprintf_r
 .text._printf_common
                0x00000000080048c8       0xda C:/ST/STM32CubeIDE_1.14.0/STM32CubeIDE/plugins/com.st.stm32cube.ide.mcu.externaltools.gnu-tools-for-stm32.11.3.rel1.win32_1.1.100.202309141235/tools/bin/../lib/gcc/arm-none-eabi/11.3.1/../../../../arm-none-eabi/lib/thumb/v7e-m+fp/hard\libc_nano.a(libc_a-nano-vfprintf_i.o)
                0x00000000080048c8                _printf_common
 *fill*         0x00000000080049a2        0x2 
 .text._printf_i
                0x00000000080049a4      0x244 C:/ST/STM32CubeIDE_1.14.0/STM32CubeIDE/plugins/com.st.stm32cube.ide.mcu.externaltools.gnu-tools-for-stm32.11.3.rel1.win32_1.1.100.202309141235/tools/bin/../lib/gcc/arm-none-eabi/11.3.1/../../../../arm-none-eabi/lib/thumb/v7e-m+fp/hard\libc_nano.a(libc_a-nano-vfprintf_i.o)
                0x00000000080049a4                _printf_i
 .text.memmove  0x0000000008004be8       0x34 C:/ST/STM32CubeIDE_1.14.0/STM32CubeIDE/plugins/com.st.stm32cube.ide.mcu.externaltools.gnu-tools-for-stm32.11.3.rel1.win32_1.1.100.202309141235/tools/bin/../lib/gcc/arm-none-eabi/11.3.1/../../../../arm-none-eabi/lib/thumb/v7e-m+fp/hard\libc_nano.a(libc_a-memmove.o)
                0x0000000008004be8                memmove
 .text._sbrk_r  0x0000000008004c1c       0x20 C:/ST/STM32CubeIDE_1.14.0/STM32CubeIDE/plugins/com.st.stm32cube.ide.mcu.externaltools.gnu-tools-for-stm32.11.3.rel1.win32_1.1.100.202309141235/tools/bin/../lib/gcc/arm-none-eabi/11.3.1/../../../../arm-none-eabi/lib/thumb/v7e-m+fp/hard\libc_nano.a(libc_a-sbrkr.o)
                0x0000000008004c1c                _sbrk_r
 .text.memcpy   0x0000000008004c3c       0x1c C:/ST/STM32CubeIDE_1.14.0/STM32CubeIDE/plugins/com.st.stm32cube.ide.mcu.externaltools.gnu-tools-for-stm32.11.3.rel1.win32_1.1.100.202309141235/tools/bin/../lib/gcc/arm-none-eabi/11.3.1/../../../../arm-none-eabi/lib/thumb/v7e-m+fp/hard\libc_nano.a(libc_a-memcpy-stub.o)
                0x0000000008004c3c                memcpy
 .text._realloc_r
                0x0000000008004c58       0x5e C:/ST/STM32CubeIDE_1.14.0/STM32CubeIDE/plugins/com.st.stm32cube.ide.mcu.externaltools.gnu-tools-for-stm32.11.3.rel1.win32_1.1.100.202309141235/tools/bin/../lib/gcc/arm-none-eabi/11.3.1/../../../../arm-none-eabi/lib/thumb/v7e-m+fp/hard\libc_nano.a(libc_a-reallocr.o)
                0x0000000008004c58                _realloc_r
 .text._malloc_usable_size_r
                0x0000000008004cb6       0x10 C:/ST/STM32CubeIDE_1.14.0/STM32CubeIDE/plugins/com.st.stm32cube.ide.mcu.externaltools.gnu-tools-for-stm32.11.3.rel1.win32_1.1.100.202309141235/tools/bin/../lib/gcc/arm-none-eabi/11.3.1/../../../../arm-none-eabi/lib/thumb/v7e-m+fp/hard\libc_nano.a(libc_a-msizer.o)
                0x0000000008004cb6                _malloc_usable_size_r
 *(.glue_7)
 .glue_7        0x0000000008004cc6        0x0 linker stubs
 *(.glue_7t)
 .glue_7t       0x0000000008004cc6        0x0 linker stubs
 *(.eh_frame)
 *fill*         0x0000000008004cc6        0x2 
 .eh_frame      0x0000000008004cc8        0x0 C:/ST/STM32CubeIDE_1.14.0/STM32CubeIDE/plugins/com.st.stm32cube.ide.mcu.externaltools.gnu-tools-for-stm32.11.3.rel1.win32_1.1.100.202309141235/tools/bin/../lib/gcc/arm-none-eabi/11.3.1/thumb/v7e-m+fp/hard/crtbegin.o
 *(.init)
 .init          0x0000000008004cc8        0x4 C:/ST/STM32CubeIDE_1.14.0/STM32CubeIDE/plugins/com.st.stm32cube.ide.mcu.externaltools.gnu-tools-for-stm32.11.3.rel1.win32_1.1.100.202309141235/tools/bin/../lib/gcc/arm-none-eabi/11.3.1/thumb/v7e-m+fp/hard/crti.o
                0x0000000008004cc8                _init
 .init          0x0000000008004ccc        0x8 C:/ST/STM32CubeIDE_1.14.0/STM32CubeIDE/plugins/com.st.stm32cube.ide.mcu.externaltools.gnu-tools-for-stm32.11.3.rel1.win32_1.1.100.202309141235/tools/bin/../lib/gcc/arm-none-eabi/11.3.1/thumb/v7e-m+fp/hard/crtn.o
 *(.fini)
 .fini          0x0000000008004cd4        0x4 C:/ST/STM32CubeIDE_1.14.0/STM32CubeIDE/plugins/com.st.stm32cube.ide.mcu.externaltools.gnu-tools-for-stm32.11.3.rel1.win32_1.1.100.202309141235/tools/bin/../lib/gcc/arm-none-eabi/11.3.1/thumb/v7e-m+fp/hard/crti.o
                0x0000000008004cd4                _fini
 .fini          0x0000000008004cd8        0x8 C:/ST/STM32CubeIDE_1.14.0/STM32CubeIDE/plugins/com.st.stm32cube.ide.mcu.externaltools.gnu-tools-for-stm32.11.3.rel1.win32_1.1.100.202309141235/tools/bin/../lib/gcc/arm-none-eabi/11.3.1/thumb/v7e-m+fp/hard/crtn.o
                0x0000000008004ce0                . = ALIGN (0x4)
                0x0000000008004ce0                _etext = .

.vfp11_veneer   0x0000000008004ce0        0x0
 .vfp11_veneer  0x0000000008004ce0        0x0 linker stubs

.v4_bx          0x0000000008004ce0        0x0
 .v4_bx         0x0000000008004ce0        0x0 linker stubs

.iplt           0x0000000008004ce0        0x0
 .iplt          0x0000000008004ce0        0x0 C:/ST/STM32CubeIDE_1.14.0/STM32CubeIDE/plugins/com.st.stm32cube.ide.mcu.externaltools.gnu-tools-for-stm32.11.3.rel1.win32_1.1.100.202309141235/tools/bin/../lib/gcc/arm-none-eabi/11.3.1/thumb/v7e-m+fp/hard/crtbegin.o

.rodata         0x0000000008004ce0      0x954
                0x0000000008004ce0                . = ALIGN (0x4)
 *(.rodata)
 .rodata        0x0000000008004ce0       0x86 ./Src/main.o
 *fill*         0x0000000008004d66        0x2 
 .rodata        0x0000000008004d68        0xf D:\Năm 3\STM32\app\SDK_1.0.3_NUCLEO-F401RE\lib_stm\libLibraries.a(ucg_font.o)
 *(.rodata*)
 *fill*         0x0000000008004d77        0x1 
 .rodata.ucg_st7735_set_pos_seq
                0x0000000008004d78       0x1e D:\Năm 3\STM32\app\SDK_1.0.3_NUCLEO-F401RE\lib_stm\libLibraries.a(ucg_dev_ic_st7735.o)
                0x0000000008004d78                ucg_st7735_set_pos_seq
 *fill*         0x0000000008004d96        0x2 
 .rodata.ucg_st7735_set_pos_dir0_seq
                0x0000000008004d98       0x1e D:\Năm 3\STM32\app\SDK_1.0.3_NUCLEO-F401RE\lib_stm\libLibraries.a(ucg_dev_ic_st7735.o)
                0x0000000008004d98                ucg_st7735_set_pos_dir0_seq
 *fill*         0x0000000008004db6        0x2 
 .rodata.ucg_st7735_set_pos_dir1_seq
                0x0000000008004db8       0x21 D:\Năm 3\STM32\app\SDK_1.0.3_NUCLEO-F401RE\lib_stm\libLibraries.a(ucg_dev_ic_st7735.o)
                0x0000000008004db8                ucg_st7735_set_pos_dir1_seq
 *fill*         0x0000000008004dd9        0x3 
 .rodata.ucg_st7735_set_pos_dir2_seq
                0x0000000008004ddc       0x21 D:\Năm 3\STM32\app\SDK_1.0.3_NUCLEO-F401RE\lib_stm\libLibraries.a(ucg_dev_ic_st7735.o)
                0x0000000008004ddc                ucg_st7735_set_pos_dir2_seq
 *fill*         0x0000000008004dfd        0x3 
 .rodata.ucg_st7735_set_pos_dir3_seq
                0x0000000008004e00       0x24 D:\Năm 3\STM32\app\SDK_1.0.3_NUCLEO-F401RE\lib_stm\libLibraries.a(ucg_dev_ic_st7735.o)
                0x0000000008004e00                ucg_st7735_set_pos_dir3_seq
 .rodata.ucg_st7735_power_down_seq
                0x0000000008004e24        0x7 D:\Năm 3\STM32\app\SDK_1.0.3_NUCLEO-F401RE\lib_stm\libLibraries.a(ucg_dev_ic_st7735.o)
 *fill*         0x0000000008004e2b        0x1 
 .rodata.ucg_tft_128x160_st7735_init_seq
                0x0000000008004e2c       0x2c D:\Năm 3\STM32\app\SDK_1.0.3_NUCLEO-F401RE\lib_stm\libLibraries.a(ucg_dev_tft_128x128_st7735.o)
 .rodata.ucg_font_ncenR12_hr
                0x0000000008004e58      0x7a8 D:\Năm 3\STM32\app\SDK_1.0.3_NUCLEO-F401RE\lib_stm\libLibraries.a(ucg_pixel_font_data.o)
                0x0000000008004e58                ucg_font_ncenR12_hr
 .rodata._svfprintf_r.str1.1
                0x0000000008005600       0x11 C:/ST/STM32CubeIDE_1.14.0/STM32CubeIDE/plugins/com.st.stm32cube.ide.mcu.externaltools.gnu-tools-for-stm32.11.3.rel1.win32_1.1.100.202309141235/tools/bin/../lib/gcc/arm-none-eabi/11.3.1/../../../../arm-none-eabi/lib/thumb/v7e-m+fp/hard\libc_nano.a(libc_a-nano-svfprintf.o)
 .rodata._printf_i.str1.1
                0x0000000008005611       0x22 C:/ST/STM32CubeIDE_1.14.0/STM32CubeIDE/plugins/com.st.stm32cube.ide.mcu.externaltools.gnu-tools-for-stm32.11.3.rel1.win32_1.1.100.202309141235/tools/bin/../lib/gcc/arm-none-eabi/11.3.1/../../../../arm-none-eabi/lib/thumb/v7e-m+fp/hard\libc_nano.a(libc_a-nano-vfprintf_i.o)
                0x0000000008005634                . = ALIGN (0x4)
 *fill*         0x0000000008005633        0x1 

.rel.dyn        0x0000000008005634        0x0
 .rel.iplt      0x0000000008005634        0x0 C:/ST/STM32CubeIDE_1.14.0/STM32CubeIDE/plugins/com.st.stm32cube.ide.mcu.externaltools.gnu-tools-for-stm32.11.3.rel1.win32_1.1.100.202309141235/tools/bin/../lib/gcc/arm-none-eabi/11.3.1/thumb/v7e-m+fp/hard/crtbegin.o

.ARM.extab      0x0000000008005634        0x0
                0x0000000008005634                . = ALIGN (0x4)
 *(.ARM.extab* .gnu.linkonce.armextab.*)
                0x0000000008005634                . = ALIGN (0x4)

.ARM            0x0000000008005634        0x0
                0x0000000008005634                . = ALIGN (0x4)
                0x0000000008005634                __exidx_start = .
 *(.ARM.exidx*)
                0x0000000008005634                __exidx_end = .
                0x0000000008005634                . = ALIGN (0x4)

.preinit_array  0x0000000008005634        0x0
                0x0000000008005634                . = ALIGN (0x4)
                0x0000000008005634                PROVIDE (__preinit_array_start = .)
 *(.preinit_array*)
                0x0000000008005634                PROVIDE (__preinit_array_end = .)
                0x0000000008005634                . = ALIGN (0x4)

.init_array     0x0000000008005634        0x4
                0x0000000008005634                . = ALIGN (0x4)
                0x0000000008005634                PROVIDE (__init_array_start = .)
 *(SORT_BY_NAME(.init_array.*))
 *(.init_array*)
 .init_array    0x0000000008005634        0x4 C:/ST/STM32CubeIDE_1.14.0/STM32CubeIDE/plugins/com.st.stm32cube.ide.mcu.externaltools.gnu-tools-for-stm32.11.3.rel1.win32_1.1.100.202309141235/tools/bin/../lib/gcc/arm-none-eabi/11.3.1/thumb/v7e-m+fp/hard/crtbegin.o
                0x0000000008005638                PROVIDE (__init_array_end = .)
                0x0000000008005638                . = ALIGN (0x4)

.fini_array     0x0000000008005638        0x4
                0x0000000008005638                . = ALIGN (0x4)
                [!provide]                        PROVIDE (__fini_array_start = .)
 *(SORT_BY_NAME(.fini_array.*))
 *(.fini_array*)
 .fini_array    0x0000000008005638        0x4 C:/ST/STM32CubeIDE_1.14.0/STM32CubeIDE/plugins/com.st.stm32cube.ide.mcu.externaltools.gnu-tools-for-stm32.11.3.rel1.win32_1.1.100.202309141235/tools/bin/../lib/gcc/arm-none-eabi/11.3.1/thumb/v7e-m+fp/hard/crtbegin.o
                [!provide]                        PROVIDE (__fini_array_end = .)
                0x000000000800563c                . = ALIGN (0x4)
                0x000000000800563c                _sidata = LOADADDR (.data)

.data           0x0000000020000000       0x78 load address 0x000000000800563c
                0x0000000020000000                . = ALIGN (0x4)
                0x0000000020000000                _sdata = .
 *(.data)
 *(.data*)
 .data.APBAHBPrescTable
                0x0000000020000000       0x10 ./Drivers/src/stm32f401re_rcc.o
 .data.SystemCoreClock
                0x0000000020000010        0x4 D:\Năm 3\STM32\app\SDK_1.0.3_NUCLEO-F401RE\lib_stm\libLibraries.a(system_stm32f4xx.o)
                0x0000000020000010                SystemCoreClock
 .data.AHBPrescTable
                0x0000000020000014       0x10 D:\Năm 3\STM32\app\SDK_1.0.3_NUCLEO-F401RE\lib_stm\libLibraries.a(system_stm32f4xx.o)
                0x0000000020000014                AHBPrescTable
 .data.idTaskScanDecodeLen
                0x0000000020000024        0x1 D:\Năm 3\STM32\app\SDK_1.0.3_NUCLEO-F401RE\lib_stm\libLibraries.a(ucg_font.o)
 *fill*         0x0000000020000025        0x3 
 .data._impure_data
                0x0000000020000028       0x4c C:/ST/STM32CubeIDE_1.14.0/STM32CubeIDE/plugins/com.st.stm32cube.ide.mcu.externaltools.gnu-tools-for-stm32.11.3.rel1.win32_1.1.100.202309141235/tools/bin/../lib/gcc/arm-none-eabi/11.3.1/../../../../arm-none-eabi/lib/thumb/v7e-m+fp/hard\libc_nano.a(libc_a-impure.o)
                0x0000000020000028                _impure_data
 .data._impure_ptr
                0x0000000020000074        0x4 C:/ST/STM32CubeIDE_1.14.0/STM32CubeIDE/plugins/com.st.stm32cube.ide.mcu.externaltools.gnu-tools-for-stm32.11.3.rel1.win32_1.1.100.202309141235/tools/bin/../lib/gcc/arm-none-eabi/11.3.1/../../../../arm-none-eabi/lib/thumb/v7e-m+fp/hard\libc_nano.a(libc_a-impure.o)
                0x0000000020000074                _impure_ptr
 *(.RamFunc)
 *(.RamFunc*)
                0x0000000020000078                . = ALIGN (0x4)
                0x0000000020000078                _edata = .

.igot.plt       0x0000000020000078        0x0 load address 0x00000000080056b4
 .igot.plt      0x0000000020000078        0x0 C:/ST/STM32CubeIDE_1.14.0/STM32CubeIDE/plugins/com.st.stm32cube.ide.mcu.externaltools.gnu-tools-for-stm32.11.3.rel1.win32_1.1.100.202309141235/tools/bin/../lib/gcc/arm-none-eabi/11.3.1/thumb/v7e-m+fp/hard/crtbegin.o
                0x0000000020000078                . = ALIGN (0x4)

.bss            0x0000000020000078     0x142c load address 0x00000000080056b4
                0x0000000020000078                _sbss = .
                0x0000000020000078                __bss_start__ = _sbss
 *(.bss)
 .bss           0x0000000020000078       0x1c C:/ST/STM32CubeIDE_1.14.0/STM32CubeIDE/plugins/com.st.stm32cube.ide.mcu.externaltools.gnu-tools-for-stm32.11.3.rel1.win32_1.1.100.202309141235/tools/bin/../lib/gcc/arm-none-eabi/11.3.1/thumb/v7e-m+fp/hard/crtbegin.o
 *(.bss*)
 .bss.ucg       0x0000000020000094       0xb4 ./Src/main.o
 .bss.time_initial
                0x0000000020000148        0x4 ./Src/main.o
                0x0000000020000148                time_initial
 .bss.time_current
                0x000000002000014c        0x4 ./Src/main.o
                0x000000002000014c                time_current
 .bss.idTimer   0x0000000020000150        0x4 ./Src/main.o
                0x0000000020000150                idTimer
 .bss.src1      0x0000000020000154       0x14 ./Src/main.o
 .bss.src2      0x0000000020000168       0x14 ./Src/main.o
 .bss.src3      0x000000002000017c       0x14 ./Src/main.o
 .bss.src4      0x0000000020000190       0x14 ./Src/main.o
 .bss.time_total
                0x00000000200001a4        0x4 ./Src/main.o
 .bss.temperature
                0x00000000200001a8        0x1 ./Src/main.o
 .bss.humidity  0x00000000200001a9        0x1 ./Src/main.o
 .bss.temperature1
                0x00000000200001aa        0x1 ./Src/main.o
 .bss.humidity1
                0x00000000200001ab        0x1 ./Src/main.o
 .bss.__sbrk_heap_end
                0x00000000200001ac        0x4 ./Src/sysmem.o
 .bss.g_pTimerHandle
                0x00000000200001b0      0x180 D:\Năm 3\STM32\app\SDK_1.0.3_NUCLEO-F401RE\lib_stm\libLibraries.a(timer.o)
 .bss.g_wMilSecTickTimer
                0x0000000020000330        0x4 D:\Năm 3\STM32\app\SDK_1.0.3_NUCLEO-F401RE\lib_stm\libLibraries.a(timer.o)
 .bss.g_pUartQueueRx
                0x0000000020000334        0x8 D:\Năm 3\STM32\app\SDK_1.0.3_NUCLEO-F401RE\lib_stm\libLibraries.a(serial.o)
 .bss.fontQueue
                0x000000002000033c       0x10 D:\Năm 3\STM32\app\SDK_1.0.3_NUCLEO-F401RE\lib_stm\libLibraries.a(ucg_font.o)
 .bss.pQueueFont
                0x000000002000034c     0x1000 D:\Năm 3\STM32\app\SDK_1.0.3_NUCLEO-F401RE\lib_stm\libLibraries.a(ucg_font.o)
 .bss.next.7562
                0x000000002000134c        0x1 D:\Năm 3\STM32\app\SDK_1.0.3_NUCLEO-F401RE\lib_stm\libLibraries.a(ucg_font.o)
 *fill*         0x000000002000134d        0x3 
 .bss.__sf      0x0000000020001350      0x138 C:/ST/STM32CubeIDE_1.14.0/STM32CubeIDE/plugins/com.st.stm32cube.ide.mcu.externaltools.gnu-tools-for-stm32.11.3.rel1.win32_1.1.100.202309141235/tools/bin/../lib/gcc/arm-none-eabi/11.3.1/../../../../arm-none-eabi/lib/thumb/v7e-m+fp/hard\libc_nano.a(libc_a-findfp.o)
                0x0000000020001350                __sf
 .bss.errno     0x0000000020001488        0x4 C:/ST/STM32CubeIDE_1.14.0/STM32CubeIDE/plugins/com.st.stm32cube.ide.mcu.externaltools.gnu-tools-for-stm32.11.3.rel1.win32_1.1.100.202309141235/tools/bin/../lib/gcc/arm-none-eabi/11.3.1/../../../../arm-none-eabi/lib/thumb/v7e-m+fp/hard\libc_nano.a(libc_a-reent.o)
                0x0000000020001488                errno
 .bss.__lock___malloc_recursive_mutex
                0x000000002000148c        0x1 C:/ST/STM32CubeIDE_1.14.0/STM32CubeIDE/plugins/com.st.stm32cube.ide.mcu.externaltools.gnu-tools-for-stm32.11.3.rel1.win32_1.1.100.202309141235/tools/bin/../lib/gcc/arm-none-eabi/11.3.1/../../../../arm-none-eabi/lib/thumb/v7e-m+fp/hard\libc_nano.a(libc_a-lock.o)
                0x000000002000148c                __lock___malloc_recursive_mutex
 *fill*         0x000000002000148d        0x3 
 .bss.__malloc_free_list
                0x0000000020001490        0x4 C:/ST/STM32CubeIDE_1.14.0/STM32CubeIDE/plugins/com.st.stm32cube.ide.mcu.externaltools.gnu-tools-for-stm32.11.3.rel1.win32_1.1.100.202309141235/tools/bin/../lib/gcc/arm-none-eabi/11.3.1/../../../../arm-none-eabi/lib/thumb/v7e-m+fp/hard\libc_nano.a(libc_a-mallocr.o)
                0x0000000020001490                __malloc_free_list
 .bss.__malloc_sbrk_start
                0x0000000020001494        0x4 C:/ST/STM32CubeIDE_1.14.0/STM32CubeIDE/plugins/com.st.stm32cube.ide.mcu.externaltools.gnu-tools-for-stm32.11.3.rel1.win32_1.1.100.202309141235/tools/bin/../lib/gcc/arm-none-eabi/11.3.1/../../../../arm-none-eabi/lib/thumb/v7e-m+fp/hard\libc_nano.a(libc_a-mallocr.o)
                0x0000000020001494                __malloc_sbrk_start
 *(COMMON)
 COMMON         0x0000000020001498        0xc D:\Năm 3\STM32\app\SDK_1.0.3_NUCLEO-F401RE\lib_stm\libLibraries.a(ucg_font.o)
                0x0000000020001498                ucg_draw_str
                0x00000000200014a4                . = ALIGN (0x4)
                0x00000000200014a4                _ebss = .
                0x00000000200014a4                __bss_end__ = _ebss

._user_heap_stack
                0x00000000200014a4      0x604 load address 0x00000000080056b4
                0x00000000200014a8                . = ALIGN (0x8)
 *fill*         0x00000000200014a4        0x4 
                [!provide]                        PROVIDE (end = .)
                0x00000000200014a8                PROVIDE (_end = .)
                0x00000000200016a8                . = (. + _Min_Heap_Size)
 *fill*         0x00000000200014a8      0x200 
                0x0000000020001aa8                . = (. + _Min_Stack_Size)
 *fill*         0x00000000200016a8      0x400 
                0x0000000020001aa8                . = ALIGN (0x8)

/DISCARD/
 libc.a(*)
 libm.a(*)
 libgcc.a(*)

.ARM.attributes
                0x0000000000000000       0x30
 *(.ARM.attributes)
 .ARM.attributes
                0x0000000000000000       0x1e C:/ST/STM32CubeIDE_1.14.0/STM32CubeIDE/plugins/com.st.stm32cube.ide.mcu.externaltools.gnu-tools-for-stm32.11.3.rel1.win32_1.1.100.202309141235/tools/bin/../lib/gcc/arm-none-eabi/11.3.1/thumb/v7e-m+fp/hard/crti.o
 .ARM.attributes
                0x000000000000001e       0x34 C:/ST/STM32CubeIDE_1.14.0/STM32CubeIDE/plugins/com.st.stm32cube.ide.mcu.externaltools.gnu-tools-for-stm32.11.3.rel1.win32_1.1.100.202309141235/tools/bin/../lib/gcc/arm-none-eabi/11.3.1/thumb/v7e-m+fp/hard/crtbegin.o
 .ARM.attributes
                0x0000000000000052       0x34 ./Drivers/src/stm32f401re_gpio.o
 .ARM.attributes
                0x0000000000000086       0x34 ./Drivers/src/stm32f401re_rcc.o
 .ARM.attributes
                0x00000000000000ba       0x34 ./Src/main.o
 .ARM.attributes
                0x00000000000000ee       0x34 ./Src/sysmem.o
 .ARM.attributes
                0x0000000000000122       0x21 ./Startup/startup_stm32f401retx.o
 .ARM.attributes
                0x0000000000000143       0x39 D:\Năm 3\STM32\app\SDK_1.0.3_NUCLEO-F401RE\lib_stm\libLibraries.a(system_stm32f4xx.o)
 .ARM.attributes
                0x000000000000017c       0x39 D:\Năm 3\STM32\app\SDK_1.0.3_NUCLEO-F401RE\lib_stm\libLibraries.a(stm32f401re_i2c.o)
 .ARM.attributes
                0x00000000000001b5       0x39 D:\Năm 3\STM32\app\SDK_1.0.3_NUCLEO-F401RE\lib_stm\libLibraries.a(timer.o)
 .ARM.attributes
                0x00000000000001ee       0x39 D:\Năm 3\STM32\app\SDK_1.0.3_NUCLEO-F401RE\lib_stm\libLibraries.a(temhumsensor.o)
 .ARM.attributes
                0x0000000000000227       0x39 D:\Năm 3\STM32\app\SDK_1.0.3_NUCLEO-F401RE\lib_stm\libLibraries.a(serial.o)
 .ARM.attributes
                0x0000000000000260       0x39 D:\Năm 3\STM32\app\SDK_1.0.3_NUCLEO-F401RE\lib_stm\libLibraries.a(Ucglib.o)
 .ARM.attributes
                0x0000000000000299       0x39 D:\Năm 3\STM32\app\SDK_1.0.3_NUCLEO-F401RE\lib_stm\libLibraries.a(ucg_box.o)
 .ARM.attributes
                0x00000000000002d2       0x39 D:\Năm 3\STM32\app\SDK_1.0.3_NUCLEO-F401RE\lib_stm\libLibraries.a(ucg_ccs.o)
 .ARM.attributes
                0x000000000000030b       0x39 D:\Năm 3\STM32\app\SDK_1.0.3_NUCLEO-F401RE\lib_stm\libLibraries.a(ucg_dev_default_cb.o)
 .ARM.attributes
                0x0000000000000344       0x39 D:\Năm 3\STM32\app\SDK_1.0.3_NUCLEO-F401RE\lib_stm\libLibraries.a(ucg_dev_ic_st7735.o)
 .ARM.attributes
                0x000000000000037d       0x39 D:\Năm 3\STM32\app\SDK_1.0.3_NUCLEO-F401RE\lib_stm\libLibraries.a(ucg_dev_msg_api.o)
 .ARM.attributes
                0x00000000000003b6       0x39 D:\Năm 3\STM32\app\SDK_1.0.3_NUCLEO-F401RE\lib_stm\libLibraries.a(ucg_dev_tft_128x128_st7735.o)
 .ARM.attributes
                0x00000000000003ef       0x39 D:\Năm 3\STM32\app\SDK_1.0.3_NUCLEO-F401RE\lib_stm\libLibraries.a(ucg_font.o)
 .ARM.attributes
                0x0000000000000428       0x39 D:\Năm 3\STM32\app\SDK_1.0.3_NUCLEO-F401RE\lib_stm\libLibraries.a(ucg_init.o)
 .ARM.attributes
                0x0000000000000461       0x39 D:\Năm 3\STM32\app\SDK_1.0.3_NUCLEO-F401RE\lib_stm\libLibraries.a(ucg_line.o)
 .ARM.attributes
                0x000000000000049a       0x39 D:\Năm 3\STM32\app\SDK_1.0.3_NUCLEO-F401RE\lib_stm\libLibraries.a(ucg_pixel.o)
 .ARM.attributes
                0x00000000000004d3       0x39 D:\Năm 3\STM32\app\SDK_1.0.3_NUCLEO-F401RE\lib_stm\libLibraries.a(ucg_pixel_font_data.o)
 .ARM.attributes
                0x000000000000050c       0x39 D:\Năm 3\STM32\app\SDK_1.0.3_NUCLEO-F401RE\lib_stm\libLibraries.a(ucg_rotate.o)
 .ARM.attributes
                0x0000000000000545       0x39 D:\Năm 3\STM32\app\SDK_1.0.3_NUCLEO-F401RE\lib_stm\libLibraries.a(buff.o)
 .ARM.attributes
                0x000000000000057e       0x39 D:\Năm 3\STM32\app\SDK_1.0.3_NUCLEO-F401RE\lib_stm\libLibraries.a(utilities.o)
 .ARM.attributes
                0x00000000000005b7       0x39 D:\Năm 3\STM32\app\SDK_1.0.3_NUCLEO-F401RE\lib_stm\libLibraries.a(stm32f401re_usart.o)
 .ARM.attributes
                0x00000000000005f0       0x39 D:\Năm 3\STM32\app\SDK_1.0.3_NUCLEO-F401RE\lib_stm\libLibraries.a(ucg_clip.o)
 .ARM.attributes
                0x0000000000000629       0x39 D:\Năm 3\STM32\app\SDK_1.0.3_NUCLEO-F401RE\lib_stm\libLibraries.a(ucg_com_msg_api.o)
 .ARM.attributes
                0x0000000000000662       0x34 C:/ST/STM32CubeIDE_1.14.0/STM32CubeIDE/plugins/com.st.stm32cube.ide.mcu.externaltools.gnu-tools-for-stm32.11.3.rel1.win32_1.1.100.202309141235/tools/bin/../lib/gcc/arm-none-eabi/11.3.1/../../../../arm-none-eabi/lib/thumb/v7e-m+fp/hard\libc_nano.a(libc_a-findfp.o)
 .ARM.attributes
                0x0000000000000696       0x34 C:/ST/STM32CubeIDE_1.14.0/STM32CubeIDE/plugins/com.st.stm32cube.ide.mcu.externaltools.gnu-tools-for-stm32.11.3.rel1.win32_1.1.100.202309141235/tools/bin/../lib/gcc/arm-none-eabi/11.3.1/../../../../arm-none-eabi/lib/thumb/v7e-m+fp/hard\libc_nano.a(libc_a-sprintf.o)
 .ARM.attributes
                0x00000000000006ca       0x34 C:/ST/STM32CubeIDE_1.14.0/STM32CubeIDE/plugins/com.st.stm32cube.ide.mcu.externaltools.gnu-tools-for-stm32.11.3.rel1.win32_1.1.100.202309141235/tools/bin/../lib/gcc/arm-none-eabi/11.3.1/../../../../arm-none-eabi/lib/thumb/v7e-m+fp/hard\libc_nano.a(libc_a-memset.o)
 .ARM.attributes
                0x00000000000006fe       0x34 C:/ST/STM32CubeIDE_1.14.0/STM32CubeIDE/plugins/com.st.stm32cube.ide.mcu.externaltools.gnu-tools-for-stm32.11.3.rel1.win32_1.1.100.202309141235/tools/bin/../lib/gcc/arm-none-eabi/11.3.1/../../../../arm-none-eabi/lib/thumb/v7e-m+fp/hard\libc_nano.a(libc_a-reent.o)
 .ARM.attributes
                0x0000000000000732       0x34 C:/ST/STM32CubeIDE_1.14.0/STM32CubeIDE/plugins/com.st.stm32cube.ide.mcu.externaltools.gnu-tools-for-stm32.11.3.rel1.win32_1.1.100.202309141235/tools/bin/../lib/gcc/arm-none-eabi/11.3.1/../../../../arm-none-eabi/lib/thumb/v7e-m+fp/hard\libc_nano.a(libc_a-impure.o)
 .ARM.attributes
                0x0000000000000766       0x34 C:/ST/STM32CubeIDE_1.14.0/STM32CubeIDE/plugins/com.st.stm32cube.ide.mcu.externaltools.gnu-tools-for-stm32.11.3.rel1.win32_1.1.100.202309141235/tools/bin/../lib/gcc/arm-none-eabi/11.3.1/../../../../arm-none-eabi/lib/thumb/v7e-m+fp/hard\libc_nano.a(libc_a-errno.o)
 .ARM.attributes
                0x000000000000079a       0x34 C:/ST/STM32CubeIDE_1.14.0/STM32CubeIDE/plugins/com.st.stm32cube.ide.mcu.externaltools.gnu-tools-for-stm32.11.3.rel1.win32_1.1.100.202309141235/tools/bin/../lib/gcc/arm-none-eabi/11.3.1/../../../../arm-none-eabi/lib/thumb/v7e-m+fp/hard\libc_nano.a(libc_a-init.o)
 .ARM.attributes
                0x00000000000007ce       0x34 C:/ST/STM32CubeIDE_1.14.0/STM32CubeIDE/plugins/com.st.stm32cube.ide.mcu.externaltools.gnu-tools-for-stm32.11.3.rel1.win32_1.1.100.202309141235/tools/bin/../lib/gcc/arm-none-eabi/11.3.1/../../../../arm-none-eabi/lib/thumb/v7e-m+fp/hard\libc_nano.a(libc_a-lock.o)
 .ARM.attributes
                0x0000000000000802       0x34 C:/ST/STM32CubeIDE_1.14.0/STM32CubeIDE/plugins/com.st.stm32cube.ide.mcu.externaltools.gnu-tools-for-stm32.11.3.rel1.win32_1.1.100.202309141235/tools/bin/../lib/gcc/arm-none-eabi/11.3.1/../../../../arm-none-eabi/lib/thumb/v7e-m+fp/hard\libc_nano.a(libc_a-freer.o)
 .ARM.attributes
                0x0000000000000836       0x34 C:/ST/STM32CubeIDE_1.14.0/STM32CubeIDE/plugins/com.st.stm32cube.ide.mcu.externaltools.gnu-tools-for-stm32.11.3.rel1.win32_1.1.100.202309141235/tools/bin/../lib/gcc/arm-none-eabi/11.3.1/../../../../arm-none-eabi/lib/thumb/v7e-m+fp/hard\libc_nano.a(libc_a-mallocr.o)
 .ARM.attributes
                0x000000000000086a       0x34 C:/ST/STM32CubeIDE_1.14.0/STM32CubeIDE/plugins/com.st.stm32cube.ide.mcu.externaltools.gnu-tools-for-stm32.11.3.rel1.win32_1.1.100.202309141235/tools/bin/../lib/gcc/arm-none-eabi/11.3.1/../../../../arm-none-eabi/lib/thumb/v7e-m+fp/hard\libc_nano.a(libc_a-mlock.o)
 .ARM.attributes
                0x000000000000089e       0x34 C:/ST/STM32CubeIDE_1.14.0/STM32CubeIDE/plugins/com.st.stm32cube.ide.mcu.externaltools.gnu-tools-for-stm32.11.3.rel1.win32_1.1.100.202309141235/tools/bin/../lib/gcc/arm-none-eabi/11.3.1/../../../../arm-none-eabi/lib/thumb/v7e-m+fp/hard\libc_nano.a(libc_a-nano-svfprintf.o)
 .ARM.attributes
                0x00000000000008d2       0x34 C:/ST/STM32CubeIDE_1.14.0/STM32CubeIDE/plugins/com.st.stm32cube.ide.mcu.externaltools.gnu-tools-for-stm32.11.3.rel1.win32_1.1.100.202309141235/tools/bin/../lib/gcc/arm-none-eabi/11.3.1/../../../../arm-none-eabi/lib/thumb/v7e-m+fp/hard\libc_nano.a(libc_a-nano-vfprintf_i.o)
 .ARM.attributes
                0x0000000000000906       0x34 C:/ST/STM32CubeIDE_1.14.0/STM32CubeIDE/plugins/com.st.stm32cube.ide.mcu.externaltools.gnu-tools-for-stm32.11.3.rel1.win32_1.1.100.202309141235/tools/bin/../lib/gcc/arm-none-eabi/11.3.1/../../../../arm-none-eabi/lib/thumb/v7e-m+fp/hard\libc_nano.a(libc_a-memmove.o)
 .ARM.attributes
                0x000000000000093a       0x34 C:/ST/STM32CubeIDE_1.14.0/STM32CubeIDE/plugins/com.st.stm32cube.ide.mcu.externaltools.gnu-tools-for-stm32.11.3.rel1.win32_1.1.100.202309141235/tools/bin/../lib/gcc/arm-none-eabi/11.3.1/../../../../arm-none-eabi/lib/thumb/v7e-m+fp/hard\libc_nano.a(libc_a-sbrkr.o)
 .ARM.attributes
                0x000000000000096e       0x1c C:/ST/STM32CubeIDE_1.14.0/STM32CubeIDE/plugins/com.st.stm32cube.ide.mcu.externaltools.gnu-tools-for-stm32.11.3.rel1.win32_1.1.100.202309141235/tools/bin/../lib/gcc/arm-none-eabi/11.3.1/../../../../arm-none-eabi/lib/thumb/v7e-m+fp/hard\libc_nano.a(libc_a-memchr.o)
 .ARM.attributes
                0x000000000000098a       0x34 C:/ST/STM32CubeIDE_1.14.0/STM32CubeIDE/plugins/com.st.stm32cube.ide.mcu.externaltools.gnu-tools-for-stm32.11.3.rel1.win32_1.1.100.202309141235/tools/bin/../lib/gcc/arm-none-eabi/11.3.1/../../../../arm-none-eabi/lib/thumb/v7e-m+fp/hard\libc_nano.a(libc_a-memcpy-stub.o)
 .ARM.attributes
                0x00000000000009be       0x34 C:/ST/STM32CubeIDE_1.14.0/STM32CubeIDE/plugins/com.st.stm32cube.ide.mcu.externaltools.gnu-tools-for-stm32.11.3.rel1.win32_1.1.100.202309141235/tools/bin/../lib/gcc/arm-none-eabi/11.3.1/../../../../arm-none-eabi/lib/thumb/v7e-m+fp/hard\libc_nano.a(libc_a-reallocr.o)
 .ARM.attributes
                0x00000000000009f2       0x34 C:/ST/STM32CubeIDE_1.14.0/STM32CubeIDE/plugins/com.st.stm32cube.ide.mcu.externaltools.gnu-tools-for-stm32.11.3.rel1.win32_1.1.100.202309141235/tools/bin/../lib/gcc/arm-none-eabi/11.3.1/../../../../arm-none-eabi/lib/thumb/v7e-m+fp/hard\libc_nano.a(libc_a-msizer.o)
 .ARM.attributes
                0x0000000000000a26       0x1e C:/ST/STM32CubeIDE_1.14.0/STM32CubeIDE/plugins/com.st.stm32cube.ide.mcu.externaltools.gnu-tools-for-stm32.11.3.rel1.win32_1.1.100.202309141235/tools/bin/../lib/gcc/arm-none-eabi/11.3.1/thumb/v7e-m+fp/hard/crtn.o
OUTPUT(Giua_ky.elf elf32-littlearm)
LOAD linker stubs
LOAD C:/ST/STM32CubeIDE_1.14.0/STM32CubeIDE/plugins/com.st.stm32cube.ide.mcu.externaltools.gnu-tools-for-stm32.11.3.rel1.win32_1.1.100.202309141235/tools/bin/../lib/gcc/arm-none-eabi/11.3.1/../../../../arm-none-eabi/lib/thumb/v7e-m+fp/hard\libc.a
LOAD C:/ST/STM32CubeIDE_1.14.0/STM32CubeIDE/plugins/com.st.stm32cube.ide.mcu.externaltools.gnu-tools-for-stm32.11.3.rel1.win32_1.1.100.202309141235/tools/bin/../lib/gcc/arm-none-eabi/11.3.1/../../../../arm-none-eabi/lib/thumb/v7e-m+fp/hard\libm.a
LOAD C:/ST/STM32CubeIDE_1.14.0/STM32CubeIDE/plugins/com.st.stm32cube.ide.mcu.externaltools.gnu-tools-for-stm32.11.3.rel1.win32_1.1.100.202309141235/tools/bin/../lib/gcc/arm-none-eabi/11.3.1/thumb/v7e-m+fp/hard\libgcc.a

.comment        0x0000000000000000       0xbe
 .comment       0x0000000000000000       0x43 C:/ST/STM32CubeIDE_1.14.0/STM32CubeIDE/plugins/com.st.stm32cube.ide.mcu.externaltools.gnu-tools-for-stm32.11.3.rel1.win32_1.1.100.202309141235/tools/bin/../lib/gcc/arm-none-eabi/11.3.1/thumb/v7e-m+fp/hard/crtbegin.o
                                         0x44 (size before relaxing)
 .comment       0x0000000000000043       0x44 ./Drivers/src/stm32f401re_gpio.o
 .comment       0x0000000000000043       0x44 ./Drivers/src/stm32f401re_rcc.o
 .comment       0x0000000000000043       0x44 ./Src/main.o
 .comment       0x0000000000000043       0x44 ./Src/sysmem.o
 .comment       0x0000000000000043       0x7b D:\Năm 3\STM32\app\SDK_1.0.3_NUCLEO-F401RE\lib_stm\libLibraries.a(system_stm32f4xx.o)
                                         0x7c (size before relaxing)
 .comment       0x00000000000000be       0x7c D:\Năm 3\STM32\app\SDK_1.0.3_NUCLEO-F401RE\lib_stm\libLibraries.a(stm32f401re_i2c.o)
 .comment       0x00000000000000be       0x7c D:\Năm 3\STM32\app\SDK_1.0.3_NUCLEO-F401RE\lib_stm\libLibraries.a(timer.o)
 .comment       0x00000000000000be       0x7c D:\Năm 3\STM32\app\SDK_1.0.3_NUCLEO-F401RE\lib_stm\libLibraries.a(temhumsensor.o)
 .comment       0x00000000000000be       0x7c D:\Năm 3\STM32\app\SDK_1.0.3_NUCLEO-F401RE\lib_stm\libLibraries.a(serial.o)
 .comment       0x00000000000000be       0x7c D:\Năm 3\STM32\app\SDK_1.0.3_NUCLEO-F401RE\lib_stm\libLibraries.a(Ucglib.o)
 .comment       0x00000000000000be       0x7c D:\Năm 3\STM32\app\SDK_1.0.3_NUCLEO-F401RE\lib_stm\libLibraries.a(ucg_box.o)
 .comment       0x00000000000000be       0x7c D:\Năm 3\STM32\app\SDK_1.0.3_NUCLEO-F401RE\lib_stm\libLibraries.a(ucg_ccs.o)
 .comment       0x00000000000000be       0x7c D:\Năm 3\STM32\app\SDK_1.0.3_NUCLEO-F401RE\lib_stm\libLibraries.a(ucg_dev_default_cb.o)
 .comment       0x00000000000000be       0x7c D:\Năm 3\STM32\app\SDK_1.0.3_NUCLEO-F401RE\lib_stm\libLibraries.a(ucg_dev_ic_st7735.o)
 .comment       0x00000000000000be       0x7c D:\Năm 3\STM32\app\SDK_1.0.3_NUCLEO-F401RE\lib_stm\libLibraries.a(ucg_dev_msg_api.o)
 .comment       0x00000000000000be       0x7c D:\Năm 3\STM32\app\SDK_1.0.3_NUCLEO-F401RE\lib_stm\libLibraries.a(ucg_dev_tft_128x128_st7735.o)
 .comment       0x00000000000000be       0x7c D:\Năm 3\STM32\app\SDK_1.0.3_NUCLEO-F401RE\lib_stm\libLibraries.a(ucg_font.o)
 .comment       0x00000000000000be       0x7c D:\Năm 3\STM32\app\SDK_1.0.3_NUCLEO-F401RE\lib_stm\libLibraries.a(ucg_init.o)
 .comment       0x00000000000000be       0x7c D:\Năm 3\STM32\app\SDK_1.0.3_NUCLEO-F401RE\lib_stm\libLibraries.a(ucg_line.o)
 .comment       0x00000000000000be       0x7c D:\Năm 3\STM32\app\SDK_1.0.3_NUCLEO-F401RE\lib_stm\libLibraries.a(ucg_pixel.o)
 .comment       0x00000000000000be       0x7c D:\Năm 3\STM32\app\SDK_1.0.3_NUCLEO-F401RE\lib_stm\libLibraries.a(ucg_pixel_font_data.o)
 .comment       0x00000000000000be       0x7c D:\Năm 3\STM32\app\SDK_1.0.3_NUCLEO-F401RE\lib_stm\libLibraries.a(ucg_rotate.o)
 .comment       0x00000000000000be       0x7c D:\Năm 3\STM32\app\SDK_1.0.3_NUCLEO-F401RE\lib_stm\libLibraries.a(buff.o)
 .comment       0x00000000000000be       0x7c D:\Năm 3\STM32\app\SDK_1.0.3_NUCLEO-F401RE\lib_stm\libLibraries.a(utilities.o)
 .comment       0x00000000000000be       0x7c D:\Năm 3\STM32\app\SDK_1.0.3_NUCLEO-F401RE\lib_stm\libLibraries.a(stm32f401re_usart.o)
 .comment       0x00000000000000be       0x7c D:\Năm 3\STM32\app\SDK_1.0.3_NUCLEO-F401RE\lib_stm\libLibraries.a(ucg_clip.o)
 .comment       0x00000000000000be       0x7c D:\Năm 3\STM32\app\SDK_1.0.3_NUCLEO-F401RE\lib_stm\libLibraries.a(ucg_com_msg_api.o)

.debug_info     0x0000000000000000    0x382a6
 .debug_info    0x0000000000000000      0x590 ./Drivers/src/stm32f401re_gpio.o
 .debug_info    0x0000000000000590      0xce1 ./Drivers/src/stm32f401re_rcc.o
 .debug_info    0x0000000000001271     0x1c93 ./Src/main.o
 .debug_info    0x0000000000002f04      0x168 ./Src/sysmem.o
 .debug_info    0x000000000000306c       0x23 ./Startup/startup_stm32f401retx.o
 .debug_info    0x000000000000308f      0x5bb D:\Năm 3\STM32\app\SDK_1.0.3_NUCLEO-F401RE\lib_stm\libLibraries.a(system_stm32f4xx.o)
 .debug_info    0x000000000000364a      0xb9e D:\Năm 3\STM32\app\SDK_1.0.3_NUCLEO-F401RE\lib_stm\libLibraries.a(stm32f401re_i2c.o)
 .debug_info    0x00000000000041e8      0x922 D:\Năm 3\STM32\app\SDK_1.0.3_NUCLEO-F401RE\lib_stm\libLibraries.a(timer.o)
 .debug_info    0x0000000000004b0a      0xafd D:\Năm 3\STM32\app\SDK_1.0.3_NUCLEO-F401RE\lib_stm\libLibraries.a(temhumsensor.o)
 .debug_info    0x0000000000005607      0xb11 D:\Năm 3\STM32\app\SDK_1.0.3_NUCLEO-F401RE\lib_stm\libLibraries.a(serial.o)
 .debug_info    0x0000000000006118     0x333f D:\Năm 3\STM32\app\SDK_1.0.3_NUCLEO-F401RE\lib_stm\libLibraries.a(Ucglib.o)
 .debug_info    0x0000000000009457     0x329d D:\Năm 3\STM32\app\SDK_1.0.3_NUCLEO-F401RE\lib_stm\libLibraries.a(ucg_box.o)
 .debug_info    0x000000000000c6f4     0x2b08 D:\Năm 3\STM32\app\SDK_1.0.3_NUCLEO-F401RE\lib_stm\libLibraries.a(ucg_ccs.o)
 .debug_info    0x000000000000f1fc     0x324b D:\Năm 3\STM32\app\SDK_1.0.3_NUCLEO-F401RE\lib_stm\libLibraries.a(ucg_dev_default_cb.o)
 .debug_info    0x0000000000012447     0x3272 D:\Năm 3\STM32\app\SDK_1.0.3_NUCLEO-F401RE\lib_stm\libLibraries.a(ucg_dev_ic_st7735.o)
 .debug_info    0x00000000000156b9     0x3178 D:\Năm 3\STM32\app\SDK_1.0.3_NUCLEO-F401RE\lib_stm\libLibraries.a(ucg_dev_msg_api.o)
 .debug_info    0x0000000000018831     0x303e D:\Năm 3\STM32\app\SDK_1.0.3_NUCLEO-F401RE\lib_stm\libLibraries.a(ucg_dev_tft_128x128_st7735.o)
 .debug_info    0x000000000001b86f     0x43ab D:\Năm 3\STM32\app\SDK_1.0.3_NUCLEO-F401RE\lib_stm\libLibraries.a(ucg_font.o)
 .debug_info    0x000000000001fc1a     0x3856 D:\Năm 3\STM32\app\SDK_1.0.3_NUCLEO-F401RE\lib_stm\libLibraries.a(ucg_init.o)
 .debug_info    0x0000000000023470     0x3222 D:\Năm 3\STM32\app\SDK_1.0.3_NUCLEO-F401RE\lib_stm\libLibraries.a(ucg_line.o)
 .debug_info    0x0000000000026692     0x3056 D:\Năm 3\STM32\app\SDK_1.0.3_NUCLEO-F401RE\lib_stm\libLibraries.a(ucg_pixel.o)
 .debug_info    0x00000000000296e8     0x43df D:\Năm 3\STM32\app\SDK_1.0.3_NUCLEO-F401RE\lib_stm\libLibraries.a(ucg_pixel_font_data.o)
 .debug_info    0x000000000002dac7     0x3231 D:\Năm 3\STM32\app\SDK_1.0.3_NUCLEO-F401RE\lib_stm\libLibraries.a(ucg_rotate.o)
 .debug_info    0x0000000000030cf8      0x339 D:\Năm 3\STM32\app\SDK_1.0.3_NUCLEO-F401RE\lib_stm\libLibraries.a(buff.o)
 .debug_info    0x0000000000031031      0x2bd D:\Năm 3\STM32\app\SDK_1.0.3_NUCLEO-F401RE\lib_stm\libLibraries.a(utilities.o)
 .debug_info    0x00000000000312ee      0x9d4 D:\Năm 3\STM32\app\SDK_1.0.3_NUCLEO-F401RE\lib_stm\libLibraries.a(stm32f401re_usart.o)
 .debug_info    0x0000000000031cc2     0x315a D:\Năm 3\STM32\app\SDK_1.0.3_NUCLEO-F401RE\lib_stm\libLibraries.a(ucg_clip.o)
 .debug_info    0x0000000000034e1c     0x348a D:\Năm 3\STM32\app\SDK_1.0.3_NUCLEO-F401RE\lib_stm\libLibraries.a(ucg_com_msg_api.o)

.debug_abbrev   0x0000000000000000     0x2e90
 .debug_abbrev  0x0000000000000000      0x1af ./Drivers/src/stm32f401re_gpio.o
 .debug_abbrev  0x00000000000001af      0x20d ./Drivers/src/stm32f401re_rcc.o
 .debug_abbrev  0x00000000000003bc      0x436 ./Src/main.o
 .debug_abbrev  0x00000000000007f2       0xbc ./Src/sysmem.o
 .debug_abbrev  0x00000000000008ae       0x12 ./Startup/startup_stm32f401retx.o
 .debug_abbrev  0x00000000000008c0      0x138 D:\Năm 3\STM32\app\SDK_1.0.3_NUCLEO-F401RE\lib_stm\libLibraries.a(system_stm32f4xx.o)
 .debug_abbrev  0x00000000000009f8      0x196 D:\Năm 3\STM32\app\SDK_1.0.3_NUCLEO-F401RE\lib_stm\libLibraries.a(stm32f401re_i2c.o)
 .debug_abbrev  0x0000000000000b8e      0x29a D:\Năm 3\STM32\app\SDK_1.0.3_NUCLEO-F401RE\lib_stm\libLibraries.a(timer.o)
 .debug_abbrev  0x0000000000000e28      0x24a D:\Năm 3\STM32\app\SDK_1.0.3_NUCLEO-F401RE\lib_stm\libLibraries.a(temhumsensor.o)
 .debug_abbrev  0x0000000000001072      0x2ba D:\Năm 3\STM32\app\SDK_1.0.3_NUCLEO-F401RE\lib_stm\libLibraries.a(serial.o)
 .debug_abbrev  0x000000000000132c      0x202 D:\Năm 3\STM32\app\SDK_1.0.3_NUCLEO-F401RE\lib_stm\libLibraries.a(Ucglib.o)
 .debug_abbrev  0x000000000000152e      0x18b D:\Năm 3\STM32\app\SDK_1.0.3_NUCLEO-F401RE\lib_stm\libLibraries.a(ucg_box.o)
 .debug_abbrev  0x00000000000016b9       0xf5 D:\Năm 3\STM32\app\SDK_1.0.3_NUCLEO-F401RE\lib_stm\libLibraries.a(ucg_ccs.o)
 .debug_abbrev  0x00000000000017ae      0x19e D:\Năm 3\STM32\app\SDK_1.0.3_NUCLEO-F401RE\lib_stm\libLibraries.a(ucg_dev_default_cb.o)
 .debug_abbrev  0x000000000000194c      0x1dc D:\Năm 3\STM32\app\SDK_1.0.3_NUCLEO-F401RE\lib_stm\libLibraries.a(ucg_dev_ic_st7735.o)
 .debug_abbrev  0x0000000000001b28      0x191 D:\Năm 3\STM32\app\SDK_1.0.3_NUCLEO-F401RE\lib_stm\libLibraries.a(ucg_dev_msg_api.o)
 .debug_abbrev  0x0000000000001cb9      0x14e D:\Năm 3\STM32\app\SDK_1.0.3_NUCLEO-F401RE\lib_stm\libLibraries.a(ucg_dev_tft_128x128_st7735.o)
 .debug_abbrev  0x0000000000001e07      0x2fc D:\Năm 3\STM32\app\SDK_1.0.3_NUCLEO-F401RE\lib_stm\libLibraries.a(ucg_font.o)
 .debug_abbrev  0x0000000000002103      0x1c6 D:\Năm 3\STM32\app\SDK_1.0.3_NUCLEO-F401RE\lib_stm\libLibraries.a(ucg_init.o)
 .debug_abbrev  0x00000000000022c9      0x175 D:\Năm 3\STM32\app\SDK_1.0.3_NUCLEO-F401RE\lib_stm\libLibraries.a(ucg_line.o)
 .debug_abbrev  0x000000000000243e      0x148 D:\Năm 3\STM32\app\SDK_1.0.3_NUCLEO-F401RE\lib_stm\libLibraries.a(ucg_pixel.o)
 .debug_abbrev  0x0000000000002586       0x83 D:\Năm 3\STM32\app\SDK_1.0.3_NUCLEO-F401RE\lib_stm\libLibraries.a(ucg_pixel_font_data.o)
 .debug_abbrev  0x0000000000002609      0x1a3 D:\Năm 3\STM32\app\SDK_1.0.3_NUCLEO-F401RE\lib_stm\libLibraries.a(ucg_rotate.o)
 .debug_abbrev  0x00000000000027ac      0x12a D:\Năm 3\STM32\app\SDK_1.0.3_NUCLEO-F401RE\lib_stm\libLibraries.a(buff.o)
 .debug_abbrev  0x00000000000028d6       0xce D:\Năm 3\STM32\app\SDK_1.0.3_NUCLEO-F401RE\lib_stm\libLibraries.a(utilities.o)
 .debug_abbrev  0x00000000000029a4      0x187 D:\Năm 3\STM32\app\SDK_1.0.3_NUCLEO-F401RE\lib_stm\libLibraries.a(stm32f401re_usart.o)
 .debug_abbrev  0x0000000000002b2b      0x173 D:\Năm 3\STM32\app\SDK_1.0.3_NUCLEO-F401RE\lib_stm\libLibraries.a(ucg_clip.o)
 .debug_abbrev  0x0000000000002c9e      0x1f2 D:\Năm 3\STM32\app\SDK_1.0.3_NUCLEO-F401RE\lib_stm\libLibraries.a(ucg_com_msg_api.o)

.debug_aranges  0x0000000000000000      0xda0
 .debug_aranges
                0x0000000000000000       0x80 ./Drivers/src/stm32f401re_gpio.o
 .debug_aranges
                0x0000000000000080      0x198 ./Drivers/src/stm32f401re_rcc.o
 .debug_aranges
                0x0000000000000218      0x138 ./Src/main.o
 .debug_aranges
                0x0000000000000350       0x20 ./Src/sysmem.o
 .debug_aranges
                0x0000000000000370       0x28 ./Startup/startup_stm32f401retx.o
 .debug_aranges
                0x0000000000000398       0x30 D:\Năm 3\STM32\app\SDK_1.0.3_NUCLEO-F401RE\lib_stm\libLibraries.a(system_stm32f4xx.o)
 .debug_aranges
                0x00000000000003c8      0x130 D:\Năm 3\STM32\app\SDK_1.0.3_NUCLEO-F401RE\lib_stm\libLibraries.a(stm32f401re_i2c.o)
 .debug_aranges
                0x00000000000004f8       0x70 D:\Năm 3\STM32\app\SDK_1.0.3_NUCLEO-F401RE\lib_stm\libLibraries.a(timer.o)
 .debug_aranges
                0x0000000000000568       0xe8 D:\Năm 3\STM32\app\SDK_1.0.3_NUCLEO-F401RE\lib_stm\libLibraries.a(temhumsensor.o)
 .debug_aranges
                0x0000000000000650       0x80 D:\Năm 3\STM32\app\SDK_1.0.3_NUCLEO-F401RE\lib_stm\libLibraries.a(serial.o)
 .debug_aranges
                0x00000000000006d0       0x48 D:\Năm 3\STM32\app\SDK_1.0.3_NUCLEO-F401RE\lib_stm\libLibraries.a(Ucglib.o)
 .debug_aranges
                0x0000000000000718       0x48 D:\Năm 3\STM32\app\SDK_1.0.3_NUCLEO-F401RE\lib_stm\libLibraries.a(ucg_box.o)
 .debug_aranges
                0x0000000000000760       0x30 D:\Năm 3\STM32\app\SDK_1.0.3_NUCLEO-F401RE\lib_stm\libLibraries.a(ucg_ccs.o)
 .debug_aranges
                0x0000000000000790       0x48 D:\Năm 3\STM32\app\SDK_1.0.3_NUCLEO-F401RE\lib_stm\libLibraries.a(ucg_dev_default_cb.o)
 .debug_aranges
                0x00000000000007d8       0x40 D:\Năm 3\STM32\app\SDK_1.0.3_NUCLEO-F401RE\lib_stm\libLibraries.a(ucg_dev_ic_st7735.o)
 .debug_aranges
                0x0000000000000818       0x60 D:\Năm 3\STM32\app\SDK_1.0.3_NUCLEO-F401RE\lib_stm\libLibraries.a(ucg_dev_msg_api.o)
 .debug_aranges
                0x0000000000000878       0x20 D:\Năm 3\STM32\app\SDK_1.0.3_NUCLEO-F401RE\lib_stm\libLibraries.a(ucg_dev_tft_128x128_st7735.o)
 .debug_aranges
                0x0000000000000898      0x168 D:\Năm 3\STM32\app\SDK_1.0.3_NUCLEO-F401RE\lib_stm\libLibraries.a(ucg_font.o)
 .debug_aranges
                0x0000000000000a00       0x28 D:\Năm 3\STM32\app\SDK_1.0.3_NUCLEO-F401RE\lib_stm\libLibraries.a(ucg_init.o)
 .debug_aranges
                0x0000000000000a28       0x48 D:\Năm 3\STM32\app\SDK_1.0.3_NUCLEO-F401RE\lib_stm\libLibraries.a(ucg_line.o)
 .debug_aranges
                0x0000000000000a70       0x28 D:\Năm 3\STM32\app\SDK_1.0.3_NUCLEO-F401RE\lib_stm\libLibraries.a(ucg_pixel.o)
 .debug_aranges
                0x0000000000000a98       0x18 D:\Năm 3\STM32\app\SDK_1.0.3_NUCLEO-F401RE\lib_stm\libLibraries.a(ucg_pixel_font_data.o)
 .debug_aranges
                0x0000000000000ab0       0x68 D:\Năm 3\STM32\app\SDK_1.0.3_NUCLEO-F401RE\lib_stm\libLibraries.a(ucg_rotate.o)
 .debug_aranges
                0x0000000000000b18       0x50 D:\Năm 3\STM32\app\SDK_1.0.3_NUCLEO-F401RE\lib_stm\libLibraries.a(buff.o)
 .debug_aranges
                0x0000000000000b68       0x48 D:\Năm 3\STM32\app\SDK_1.0.3_NUCLEO-F401RE\lib_stm\libLibraries.a(utilities.o)
 .debug_aranges
                0x0000000000000bb0      0x100 D:\Năm 3\STM32\app\SDK_1.0.3_NUCLEO-F401RE\lib_stm\libLibraries.a(stm32f401re_usart.o)
 .debug_aranges
                0x0000000000000cb0       0x50 D:\Năm 3\STM32\app\SDK_1.0.3_NUCLEO-F401RE\lib_stm\libLibraries.a(ucg_clip.o)
 .debug_aranges
                0x0000000000000d00       0xa0 D:\Năm 3\STM32\app\SDK_1.0.3_NUCLEO-F401RE\lib_stm\libLibraries.a(ucg_com_msg_api.o)

.debug_rnglists
                0x0000000000000000      0x2a4
 .debug_rnglists
                0x0000000000000000       0x5d ./Drivers/src/stm32f401re_gpio.o
 .debug_rnglists
                0x000000000000005d      0x12e ./Drivers/src/stm32f401re_rcc.o
 .debug_rnglists
                0x000000000000018b       0xed ./Src/main.o
 .debug_rnglists
                0x0000000000000278       0x13 ./Src/sysmem.o
 .debug_rnglists
                0x000000000000028b       0x19 ./Startup/startup_stm32f401retx.o

.debug_macro    0x0000000000000000    0x19141
 .debug_macro   0x0000000000000000       0xb2 ./Drivers/src/stm32f401re_gpio.o
 .debug_macro   0x00000000000000b2       0x8e ./Drivers/src/stm32f401re_gpio.o
 .debug_macro   0x0000000000000140       0x51 ./Drivers/src/stm32f401re_gpio.o
 .debug_macro   0x0000000000000191      0x103 ./Drivers/src/stm32f401re_gpio.o
 .debug_macro   0x0000000000000294       0x6a ./Drivers/src/stm32f401re_gpio.o
 .debug_macro   0x00000000000002fe      0x1df ./Drivers/src/stm32f401re_gpio.o
 .debug_macro   0x00000000000004dd       0x71 ./Drivers/src/stm32f401re_gpio.o
 .debug_macro   0x000000000000054e       0x41 ./Drivers/src/stm32f401re_gpio.o
 .debug_macro   0x000000000000058f       0x3a ./Drivers/src/stm32f401re_gpio.o
 .debug_macro   0x00000000000005c9       0x10 ./Drivers/src/stm32f401re_gpio.o
 .debug_macro   0x00000000000005d9      0xe43 ./Drivers/src/stm32f401re_gpio.o
 .debug_macro   0x000000000000141c       0x10 ./Drivers/src/stm32f401re_gpio.o
 .debug_macro   0x000000000000142c     0x8018 ./Drivers/src/stm32f401re_gpio.o
 .debug_macro   0x0000000000009444      0x1de ./Drivers/src/stm32f401re_gpio.o
 .debug_macro   0x0000000000009622      0x185 ./Drivers/src/stm32f401re_rcc.o
 .debug_macro   0x00000000000097a7      0x4f3 ./Drivers/src/stm32f401re_rcc.o
 .debug_macro   0x0000000000009c9a      0x39c ./Src/main.o
 .debug_macro   0x000000000000a036       0x61 ./Src/main.o
 .debug_macro   0x000000000000a097       0x10 ./Src/main.o
 .debug_macro   0x000000000000a0a7       0x35 ./Src/main.o
 .debug_macro   0x000000000000a0dc       0x20 ./Src/main.o
 .debug_macro   0x000000000000a0fc      0x4f9 ./Src/main.o
 .debug_macro   0x000000000000a5f5       0x1c ./Src/main.o
 .debug_macro   0x000000000000a611       0x10 ./Src/main.o
 .debug_macro   0x000000000000a621       0x1c ./Src/main.o
 .debug_macro   0x000000000000a63d       0x16 ./Src/main.o
 .debug_macro   0x000000000000a653      0x147 ./Src/main.o
 .debug_macro   0x000000000000a79a      0x2ba ./Src/main.o
 .debug_macro   0x000000000000aa54      0x36c ./Src/main.o
 .debug_macro   0x000000000000adc0       0x22 ./Src/main.o
 .debug_macro   0x000000000000ade2       0x7c ./Src/main.o
 .debug_macro   0x000000000000ae5e      0x301 ./Src/main.o
 .debug_macro   0x000000000000b15f       0x34 ./Src/main.o
 .debug_macro   0x000000000000b193      0xcad ./Src/main.o
 .debug_macro   0x000000000000be40      0x741 ./Src/main.o
 .debug_macro   0x000000000000c581       0xff ./Src/sysmem.o
 .debug_macro   0x000000000000c680      0x23c ./Src/sysmem.o
 .debug_macro   0x000000000000c8bc       0xce D:\Năm 3\STM32\app\SDK_1.0.3_NUCLEO-F401RE\lib_stm\libLibraries.a(system_stm32f4xx.o)
 .debug_macro   0x000000000000c98a      0xa66 D:\Năm 3\STM32\app\SDK_1.0.3_NUCLEO-F401RE\lib_stm\libLibraries.a(system_stm32f4xx.o)
 .debug_macro   0x000000000000d3f0       0x6b D:\Năm 3\STM32\app\SDK_1.0.3_NUCLEO-F401RE\lib_stm\libLibraries.a(system_stm32f4xx.o)
 .debug_macro   0x000000000000d45b       0x3b D:\Năm 3\STM32\app\SDK_1.0.3_NUCLEO-F401RE\lib_stm\libLibraries.a(system_stm32f4xx.o)
 .debug_macro   0x000000000000d496       0x22 D:\Năm 3\STM32\app\SDK_1.0.3_NUCLEO-F401RE\lib_stm\libLibraries.a(system_stm32f4xx.o)
 .debug_macro   0x000000000000d4b8       0x8e D:\Năm 3\STM32\app\SDK_1.0.3_NUCLEO-F401RE\lib_stm\libLibraries.a(system_stm32f4xx.o)
 .debug_macro   0x000000000000d546       0xef D:\Năm 3\STM32\app\SDK_1.0.3_NUCLEO-F401RE\lib_stm\libLibraries.a(system_stm32f4xx.o)
 .debug_macro   0x000000000000d635       0x34 D:\Năm 3\STM32\app\SDK_1.0.3_NUCLEO-F401RE\lib_stm\libLibraries.a(system_stm32f4xx.o)
 .debug_macro   0x000000000000d669       0x26 D:\Năm 3\STM32\app\SDK_1.0.3_NUCLEO-F401RE\lib_stm\libLibraries.a(system_stm32f4xx.o)
 .debug_macro   0x000000000000d68f      0xe43 D:\Năm 3\STM32\app\SDK_1.0.3_NUCLEO-F401RE\lib_stm\libLibraries.a(system_stm32f4xx.o)
 .debug_macro   0x000000000000e4d2     0x8018 D:\Năm 3\STM32\app\SDK_1.0.3_NUCLEO-F401RE\lib_stm\libLibraries.a(system_stm32f4xx.o)
 .debug_macro   0x00000000000164ea       0xd5 D:\Năm 3\STM32\app\SDK_1.0.3_NUCLEO-F401RE\lib_stm\libLibraries.a(stm32f401re_i2c.o)
 .debug_macro   0x00000000000165bf      0x2b4 D:\Năm 3\STM32\app\SDK_1.0.3_NUCLEO-F401RE\lib_stm\libLibraries.a(stm32f401re_i2c.o)
 .debug_macro   0x0000000000016873       0xe3 D:\Năm 3\STM32\app\SDK_1.0.3_NUCLEO-F401RE\lib_stm\libLibraries.a(timer.o)
 .debug_macro   0x0000000000016956       0x1c D:\Năm 3\STM32\app\SDK_1.0.3_NUCLEO-F401RE\lib_stm\libLibraries.a(timer.o)
 .debug_macro   0x0000000000016972      0x644 D:\Năm 3\STM32\app\SDK_1.0.3_NUCLEO-F401RE\lib_stm\libLibraries.a(timer.o)
 .debug_macro   0x0000000000016fb6       0x16 D:\Năm 3\STM32\app\SDK_1.0.3_NUCLEO-F401RE\lib_stm\libLibraries.a(timer.o)
 .debug_macro   0x0000000000016fcc       0xe3 D:\Năm 3\STM32\app\SDK_1.0.3_NUCLEO-F401RE\lib_stm\libLibraries.a(temhumsensor.o)
 .debug_macro   0x00000000000170af       0x76 D:\Năm 3\STM32\app\SDK_1.0.3_NUCLEO-F401RE\lib_stm\libLibraries.a(temhumsensor.o)
 .debug_macro   0x0000000000017125      0x170 D:\Năm 3\STM32\app\SDK_1.0.3_NUCLEO-F401RE\lib_stm\libLibraries.a(temhumsensor.o)
 .debug_macro   0x0000000000017295      0x2f4 D:\Năm 3\STM32\app\SDK_1.0.3_NUCLEO-F401RE\lib_stm\libLibraries.a(temhumsensor.o)
 .debug_macro   0x0000000000017589      0x10a D:\Năm 3\STM32\app\SDK_1.0.3_NUCLEO-F401RE\lib_stm\libLibraries.a(serial.o)
 .debug_macro   0x0000000000017693      0x16a D:\Năm 3\STM32\app\SDK_1.0.3_NUCLEO-F401RE\lib_stm\libLibraries.a(serial.o)
 .debug_macro   0x00000000000177fd       0x1c D:\Năm 3\STM32\app\SDK_1.0.3_NUCLEO-F401RE\lib_stm\libLibraries.a(serial.o)
 .debug_macro   0x0000000000017819       0x7c D:\Năm 3\STM32\app\SDK_1.0.3_NUCLEO-F401RE\lib_stm\libLibraries.a(serial.o)
 .debug_macro   0x0000000000017895      0x223 D:\Năm 3\STM32\app\SDK_1.0.3_NUCLEO-F401RE\lib_stm\libLibraries.a(serial.o)
 .debug_macro   0x0000000000017ab8      0x141 D:\Năm 3\STM32\app\SDK_1.0.3_NUCLEO-F401RE\lib_stm\libLibraries.a(Ucglib.o)
 .debug_macro   0x0000000000017bf9      0x174 D:\Năm 3\STM32\app\SDK_1.0.3_NUCLEO-F401RE\lib_stm\libLibraries.a(Ucglib.o)
 .debug_macro   0x0000000000017d6d       0x84 D:\Năm 3\STM32\app\SDK_1.0.3_NUCLEO-F401RE\lib_stm\libLibraries.a(ucg_box.o)
 .debug_macro   0x0000000000017df1       0x84 D:\Năm 3\STM32\app\SDK_1.0.3_NUCLEO-F401RE\lib_stm\libLibraries.a(ucg_ccs.o)
 .debug_macro   0x0000000000017e75       0x84 D:\Năm 3\STM32\app\SDK_1.0.3_NUCLEO-F401RE\lib_stm\libLibraries.a(ucg_dev_default_cb.o)
 .debug_macro   0x0000000000017ef9       0x84 D:\Năm 3\STM32\app\SDK_1.0.3_NUCLEO-F401RE\lib_stm\libLibraries.a(ucg_dev_ic_st7735.o)
 .debug_macro   0x0000000000017f7d       0x88 D:\Năm 3\STM32\app\SDK_1.0.3_NUCLEO-F401RE\lib_stm\libLibraries.a(ucg_dev_msg_api.o)
 .debug_macro   0x0000000000018005       0x84 D:\Năm 3\STM32\app\SDK_1.0.3_NUCLEO-F401RE\lib_stm\libLibraries.a(ucg_dev_tft_128x128_st7735.o)
 .debug_macro   0x0000000000018089      0x15a D:\Năm 3\STM32\app\SDK_1.0.3_NUCLEO-F401RE\lib_stm\libLibraries.a(ucg_font.o)
 .debug_macro   0x00000000000181e3       0x46 D:\Năm 3\STM32\app\SDK_1.0.3_NUCLEO-F401RE\lib_stm\libLibraries.a(ucg_font.o)
 .debug_macro   0x0000000000018229       0x18 D:\Năm 3\STM32\app\SDK_1.0.3_NUCLEO-F401RE\lib_stm\libLibraries.a(ucg_font.o)
 .debug_macro   0x0000000000018241       0x3c D:\Năm 3\STM32\app\SDK_1.0.3_NUCLEO-F401RE\lib_stm\libLibraries.a(ucg_font.o)
 .debug_macro   0x000000000001827d       0x52 D:\Năm 3\STM32\app\SDK_1.0.3_NUCLEO-F401RE\lib_stm\libLibraries.a(ucg_font.o)
 .debug_macro   0x00000000000182cf       0x1f D:\Năm 3\STM32\app\SDK_1.0.3_NUCLEO-F401RE\lib_stm\libLibraries.a(ucg_font.o)
 .debug_macro   0x00000000000182ee       0x43 D:\Năm 3\STM32\app\SDK_1.0.3_NUCLEO-F401RE\lib_stm\libLibraries.a(ucg_font.o)