../Src/main.c:153:13:Led_Init_red1	16	static
../Src/main.c:164:13:Led_Init_red2	16	static
../Src/main.c:175:13:Led_Init_blue1	16	static
../Src/main.c:186:13:Led_Init_blue2	16	static
../Src/main.c:197:13:Button_Init	16	static
../Src/main.c:207:13:Button_Init_b3	16	static
../Src/main.c:217:13:Button_Init_b4	16	static
../Src/main.c:227:13:Buzzer_Init	16	static
../Src/main.c:238:13:LEDControl_SetStatus	16	static
../Src/main.c:248:16:ButtonRead_Status	24	static
../Src/main.c:256:13:BuzzerControl_SetStatus	16	static
../Src/main.c:266:5:main	32	static
../Src/main.c:395:6:delay_ms	24	static
../Src/main.c:411:10:CalculatorTime	24	static
../Src/main.c:428:13:AppCommon	16	static
../Src/main.c:451:13:SPI1_Init	16	static
../Src/main.c:481:13:I2C_Init_temphumi	32	static
../Src/main.c:519:6:I2C_start	8	static
../Src/main.c:540:6:I2C_address_direction	16	static
../Src/main.c:565:6:I2C_transmit	16	static
../Src/main.c:581:6:I2C_stop	8	static
../Src/main.c:592:9:I2C_receive_nack	8	static
../Src/main.c:610:9:I2C_receive_ack	8	static
../Src/main.c:628:13:TemHumSensor_readRegister	40	static
../Src/main.c:669:10:GetTemp_Sensor	32	static
../Src/main.c:689:10:GetHumi_Sensor	32	static
../Src/main.c:710:6:processGetValueSensor	16	static
../Src/main.c:761:6:Scan_SensorLCD	16	static
../Src/main.c:777:6:Scan_TimeSensor	24	static
../Src/main.c:792:13:AppInitCommon	16	static
../Src/main.c:814:13:LightSensor_AdcInit	56	static
../Src/main.c:866:13:LedControl_TimerOCInit	48	static
../Src/main.c:916:10:LightSensor_AdcPollingRead	16	static
../Src/main.c:938:10:Kanman_Light	16	static
../Src/main.c:950:13:LedControl_TimerOCSetPwm	16	static
../Src/main.c:959:13:ABL_Process	24	static
