../Src/main.c:158:13:Led_Init_red1	16	static
../Src/main.c:170:13:Led_Init_red2	16	static
../Src/main.c:182:13:Led_Init_blue1	16	static
../Src/main.c:194:13:Led_Init_blue2	16	static
../Src/main.c:206:13:Button_Init	16	static
../Src/main.c:217:13:Button_Init_b3	16	static
../Src/main.c:228:13:Button_Init_b4	16	static
../Src/main.c:239:13:Buzzer_Init	16	static
../Src/main.c:251:13:LEDControl_SetStatus	16	static
../Src/main.c:263:16:ButtonRead_Status	24	static
../Src/main.c:272:13:BuzzerControl_SetStatus	16	static
../Src/main.c:285:5:main	24	static
../Src/main.c:357:6:delay_ms	24	static
../Src/main.c:373:10:CalculatorTime	24	static
../Src/main.c:390:13:AppCommon	16	static
../Src/main.c:414:13:SPI1_Init	16	static
../Src/main.c:442:13:I2C_Init_temphumi	32	static
../Src/main.c:481:6:I2C_start	8	static
../Src/main.c:501:6:I2C_address_direction	16	static
../Src/main.c:524:6:I2C_transmit	16	static
../Src/main.c:540:6:I2C_stop	8	static
../Src/main.c:552:9:I2C_receive_nack	8	static
../Src/main.c:571:9:I2C_receive_ack	8	static
../Src/main.c:589:13:TemHumSensor_readRegister	40	static
../Src/main.c:636:10:GetTemp_Sensor	32	static
../Src/main.c:658:10:GetHumi_Sensor	32	static
../Src/main.c:682:6:processGetValueSensor	16	static
../Src/main.c:734:6:Scan_SensorLCD	16	static
../Src/main.c:751:6:Scan_TimeSensor	24	static
../Src/main.c:766:13:AppInitCommon	16	static
../Src/main.c:789:13:LightSensor_AdcInit	56	static
../Src/main.c:843:13:LedControl_TimerOCInit	48	static
../Src/main.c:897:10:LightSensor_AdcPollingRead	16	static
../Src/main.c:919:10:Kanman_Light	16	static
../Src/main.c:932:13:LedControl_TimerOCSetPwm	16	static
../Src/main.c:942:13:ABL_Process	24	static
