23:09:29 **** Incremental Build of configuration Debug for project f1 ****
make -j8 all 
arm-none-eabi-gcc "../Core/Src/main.c" -mcpu=cortex-m3 -std=gnu11 -g3 -DDEBUG -DUSE_HAL_DRIVER -DSTM32F103xB -c -I../Core/Inc -I../Drivers/STM32F1xx_HAL_Driver/Inc/Legacy -I../Drivers/STM32F1xx_HAL_Driver/Inc -I../Drivers/CMSIS/Device/ST/STM32F1xx/Include -I../Drivers/CMSIS/Include -O0 -ffunction-sections -fdata-sections -Wall -fstack-usage -fcyclomatic-complexity -MMD -MP -MF"Core/Src/main.d" -MT"Core/Src/main.o" --specs=nano.specs -mfloat-abi=soft -mthumb -o "Core/Src/main.o"
arm-none-eabi-gcc -o "f1.elf" @"objects.list"   -mcpu=cortex-m3 -T"D:\Năm 3\STM32\app\f1\STM32F103C8TX_FLASH.ld" --specs=nosys.specs -Wl,-Map="f1.map" -Wl,--gc-sections -static --specs=nano.specs -mfloat-abi=soft -mthumb -Wl,--start-group -lc -lm -Wl,--end-group
Finished building target: f1.elf
 
arm-none-eabi-size  f1.elf 
arm-none-eabi-objdump -h -S f1.elf  > "f1.list"
arm-none-eabi-objcopy  -O ihex f1.elf  "f1.hex"
   text	   data	    bss	    dec	    hex	filename
   4604	     20	   1572	   6196	   1834	f1.elf
arm-none-eabi-objcopy  -O binary f1.elf  "f1.bin"
Finished building: default.size.stdout
 
Finished building: f1.hex
Finished building: f1.bin
 
Finished building: f1.list
 
 

23:09:30 Build Finished. 0 errors, 0 warnings. (took 652ms)

