20:40:37 **** Incremental Build of configuration Debug for project first_project ****
make -j8 all 
arm-none-eabi-gcc "../Core/Src/main.c" -mcpu=cortex-m3 -std=gnu11 -g3 -DDEBUG -DUSE_HAL_DRIVER -DSTM32F103xB -c -I../Core/Inc -I../Drivers/STM32F1xx_HAL_Driver/Inc/Legacy -I../Drivers/STM32F1xx_HAL_Driver/Inc -I../Drivers/CMSIS/Device/ST/STM32F1xx/Include -I../Drivers/CMSIS/Include -O0 -ffunction-sections -fdata-sections -Wall -fstack-usage -fcyclomatic-complexity -MMD -MP -MF"Core/Src/main.d" -MT"Core/Src/main.o" --specs=nano.specs -mfloat-abi=soft -mthumb -o "Core/Src/main.o"
arm-none-eabi-gcc -o "first_project.elf" @"objects.list"   -mcpu=cortex-m3 -T"D:\Năm 3\STM32\app\first_project\STM32F103C8TX_FLASH.ld" --specs=nosys.specs -Wl,-Map="first_project.map" -Wl,--gc-sections -static --specs=nano.specs -mfloat-abi=soft -mthumb -Wl,--start-group -lc -lm -Wl,--end-group
Finished building target: first_project.elf
 
arm-none-eabi-size  first_project.elf 
arm-none-eabi-objdump -h -S first_project.elf  > "first_project.list"
arm-none-eabi-objcopy  -O ihex first_project.elf  "first_project.hex"
   text	   data	    bss	    dec	    hex	filename
   4652	     20	   1572	   6244	   1864	first_project.elf
arm-none-eabi-objcopy  -O binary first_project.elf  "first_project.bin"
Finished building: default.size.stdout
 
Finished building: first_project.hex
Finished building: first_project.bin
 
Finished building: first_project.list
 
 

20:40:37 Build Finished. 0 errors, 0 warnings. (took 602ms)

