10:38:56 **** Incremental Build of configuration Debug for project GPIO_0903 ****
make -j8 all 
arm-none-eabi-gcc "../Src/main.c" -mcpu=cortex-m4 -std=gnu11 -g3 -DDEBUG -DNUCLEO_F401RE -DSTM32 -DSTM32F401RETx -DSTM32F4 -c -I../Inc -I"D:/Năm 3/STM32/app/SDK_1.0.3_NUCLEO-F401RE/shared/Drivers/CMSIS/Include" -I"D:/Năm 3/STM32/app/SDK_1.0.3_NUCLEO-F401RE/shared/Drivers/STM32F401RE_StdPeriph_Driver/inc" -I"D:/Năm 3/STM32/app/SDK_1.0.3_NUCLEO-F401RE/shared/Middle/button" -I"D:/Năm 3/STM32/app/SDK_1.0.3_NUCLEO-F401RE/shared/Middle/buzzer" -I"D:/Năm 3/STM32/app/SDK_1.0.3_NUCLEO-F401RE/shared/Middle/led" -I"D:/Năm 3/STM32/app/SDK_1.0.3_NUCLEO-F401RE/shared/Middle/rtos" -I"D:/Năm 3/STM32/app/SDK_1.0.3_NUCLEO-F401RE/shared/Middle/sensor" -I"D:/Năm 3/STM32/app/SDK_1.0.3_NUCLEO-F401RE/shared/Middle/serial" -I"D:/Năm 3/STM32/app/SDK_1.0.3_NUCLEO-F401RE/shared/Middle/ucglib" -I"D:/Năm 3/STM32/app/SDK_1.0.3_NUCLEO-F401RE/shared/Utilities" -O0 -ffunction-sections -fdata-sections -Wall -fstack-usage -fcyclomatic-complexity -MMD -MP -MF"Src/main.d" -MT"Src/main.o" --specs=nano.specs -mfpu=fpv4-sp-d16 -mfloat-abi=hard -mthumb -o "Src/main.o"
arm-none-eabi-gcc -o "GPIO_0903.elf" @"objects.list"  -lLibraries -mcpu=cortex-m4 -T"D:\Năm 3\STM32\app\GPIO_0903\STM32F401RETX_FLASH.ld" --specs=nosys.specs -Wl,-Map="GPIO_0903.map" -Wl,--gc-sections -static -L"D:\Năm 3\STM32\app\SDK_1.0.3_NUCLEO-F401RE\lib_stm" --specs=nano.specs -mfpu=fpv4-sp-d16 -mfloat-abi=hard -mthumb -Wl,--start-group -lc -lm -Wl,--end-group
Finished building target: GPIO_0903.elf
 
arm-none-eabi-size  GPIO_0903.elf 
arm-none-eabi-objdump -h -S GPIO_0903.elf  > "GPIO_0903.list"
   text	   data	    bss	    dec	    hex	filename
   1352	      8	   1568	   2928	    b70	GPIO_0903.elf
arm-none-eabi-objcopy  -O ihex GPIO_0903.elf  "GPIO_0903.hex"
arm-none-eabi-objcopy  -O binary GPIO_0903.elf  "GPIO_0903.bin"
Finished building: default.size.stdout
 
Finished building: GPIO_0903.hex
Finished building: GPIO_0903.list
Finished building: GPIO_0903.bin
 
 
 

10:38:57 Build Finished. 0 errors, 0 warnings. (took 443ms)

